09-03 14:19:23.661  6015  6015 V ClearcutMetricXmitter: Transmission is done.\
09-03 14:19:23.679  2118  2129 I .gms.persisten: Background young concurrent copying GC freed 111661(5941KB) AllocSpace objects, 0(0B) LOS objects, 30% free, 12MB/17MB, paused 192us,71us total 194.267ms\
09-03 14:19:23.719  6047  6076 D PrefCtrlListHelper: Could not find Context-only controller for pref: com.android.settings.accessibility.CaptionFooterPreferenceController\
09-03 14:19:23.726  6047  6076 D PrefCtrlListHelper: Could not find Context-only controller for pref: com.android.settings.bluetooth.BluetoothDeviceRenamePreferenceController\
09-03 14:19:23.726  6047  6076 D PrefCtrlListHelper: Could not find Context-only controller for pref: com.android.settings.connecteddevice.AddDevicePreferenceController\
09-03 14:19:23.733  6047  6076 D PrefCtrlListHelper: Could not find Context-only controller for pref: com.android.settings.notification.RemoteVolumeGroupController\
09-03 14:19:23.737  2126  2126 I A       : processValidityUpdateForAllData\
09-03 14:19:23.741  2118  3244 W ConfiguratorPhenotypeUt: Package com.android.appsearch name not found! Using module version. [CONTEXT service_id=204 ]\
09-03 14:19:23.769  6047  6054 W ndroid.setting: Suspending all threads took: 5.388ms\
09-03 14:19:23.808   729  1134 D BluetoothDatabase: getBondedDevicesOrdered: Invalid address for device LocalStorage\
09-03 14:19:23.817   729  1134 D BluetoothDatabase: getBondedDevicesOrdered: Invalid address for device LocalStorage\
09-03 14:19:23.818  6047  6076 D PrefCtrlListHelper: Could not find Context-only controller for pref: com.android.settings.sound.MediaOutputPreferenceController\
09-03 14:19:23.824  6047  6076 D PrefCtrlListHelper: Could not find Context-only controller for pref: com.android.settings.notification.CallVolumePreferenceController\
09-03 14:19:23.828  6047  6076 D PrefCtrlListHelper: Could not find Context-only controller for pref: com.android.settings.sound.HandsFreeProfileOutputPreferenceController\
09-03 14:19:23.835  6047  6076 D PrefCtrlListHelper: Could not find Context-only controller for pref: com.android.settings.notification.zen.ZenModePreferenceController\
09-03 14:19:23.835  6047  6076 D PrefCtrlListHelper: Could not find Context-only controller for pref: com.android.settings.sound.MediaControlsParentPreferenceController\
09-03 14:19:23.836  6047  6076 D PrefCtrlListHelper: Could not find Context-only controller for pref: com.google.android.settings.accessibility.VibrationPreferenceController\
09-03 14:19:23.854  6047  6076 D PrefCtrlListHelper: Could not find Context-only controller for pref: com.android.settings.gestures.PreventRingingParentPreferenceController\
09-03 14:19:23.856  6047  6076 D PrefCtrlListHelper: Could not find Context-only controller for pref: com.android.settings.notification.WorkSoundsPreferenceController\
09-03 14:19:23.867  6047  6076 V SettingsSearchProvider: com.google.android.settings.gestures.columbus.ColumbusSettings$1@b95a1cc tried to add an empty non-indexable key\
09-03 14:19:23.867  6047  6076 W libc    : Access denied finding property "ro.vendor.aware_available"\
09-03 14:19:23.868  6047  6076 V SettingsSearchProvider: com.google.android.settings.aware.AwareSettings$1@2a82b2a tried to add an empty non-indexable key\
09-03 14:19:23.869  6047  6076 D PrefCtrlListHelper: Could not find Context-only controller for pref: com.android.settings.gestures.AssistGestureSettingsPreferenceController\
09-03 14:19:23.869  6047  6076 D AssistGesture: mAssistOnly:false, isSupported:false, isSensorAvailable:false\
09-03 14:19:23.869  6047  6076 D PrefCtrlListHelper: Could not find Context-only controller for pref: com.android.settings.gestures.SwipeToNotificationPreferenceController\
09-03 14:19:23.869  6047  6076 D PrefCtrlListHelper: Could not find Context-only controller for pref: com.android.settings.gestures.DoubleTapPowerPreferenceController\
09-03 14:19:23.869  6047  6076 D PrefCtrlListHelper: Could not find Context-only controller for pref: com.android.settings.gestures.DoubleTwistPreferenceController\
09-03 14:19:23.869  6047  6076 D PrefCtrlListHelper: Could not find Context-only controller for pref: com.android.settings.gestures.SystemNavigationPreferenceController\
09-03 14:19:23.869  6047  6076 D PrefCtrlListHelper: Could not find Context-only controller for pref: com.android.settings.gestures.OneHandedEnablePreferenceController\
09-03 14:19:23.869  6047  6076 D PrefCtrlListHelper: Could not find Context-only controller for pref: com.android.settings.gestures.TapScreenGesturePreferenceController\
09-03 14:19:23.869  6047  6076 D PrefCtrlListHelper: Could not find Context-only controller for pref: com.android.settings.gestures.DoubleTapScreenPreferenceController\
09-03 14:19:23.869  6047  6076 D PrefCtrlListHelper: Could not find Context-only controller for pref: com.android.settings.gestures.PickupGesturePreferenceController\
09-03 14:19:23.870  6047  6076 D PrefCtrlListHelper: Could not find Context-only controller for pref: com.android.settings.gestures.PowerMenuPreferenceController\
09-03 14:19:23.870  6047  6076 D PrefCtrlListHelper: Could not find Context-only controller for pref: com.android.settings.gestures.PreventRingingParentPreferenceController\
09-03 14:19:23.870  6047  6076 D AssistGesture: mAssistOnly:false, isSupported:false, isSensorAvailable:false\
09-03 14:19:23.874  6047  6076 W SettingsPrefController: Skipping updateNonIndexableKeys, key already in list. com.android.settings.gestures.SwipeToNotificationPreferenceController@9610eb8\
09-03 14:19:23.875  6047  6076 W SettingsPrefController: Skipping updateNonIndexableKeys, key already in list. com.android.settings.gestures.DoubleTwistPreferenceController@b1f8491\
09-03 14:19:23.889  6047  6076 W SettingsPrefController: Skipping updateNonIndexableKeys, key already in list. com.android.settings.gestures.TapScreenGesturePreferenceController@ff5cff6\
09-03 14:19:23.889  6047  6076 W SettingsPrefController: Skipping updateNonIndexableKeys, key already in list. com.android.settings.gestures.DoubleTapScreenPreferenceController@f4aaff7\
09-03 14:19:23.889  6047  6076 W SettingsPrefController: Skipping updateNonIndexableKeys, key already in list. com.android.settings.gestures.PickupGesturePreferenceController@4745e64\
09-03 14:19:23.898  6047  6076 D PrefCtrlListHelper: Could not find Context-only controller for pref: com.android.settings.fuelgauge.batterysaver.BatterySaverButtonPreferenceController\
09-03 14:19:23.900  6047  6076 D PrefCtrlListHelper: Could not find Context-only controller for pref: com.android.settings.fuelgauge.batterysaver.BatterySaverStickyPreferenceController\
09-03 14:19:23.914  6047  6076 D PrefCtrlListHelper: Could not find Context-only controller for pref: com.android.settings.applications.specialaccess.interactacrossprofiles.InteractAcrossProfilesController\
09-03 14:19:23.914  6047  6076 W PrefCtrlListHelper: Controller requires key but it's not defined in xml: com.android.settings.applications.specialaccess.interactacrossprofiles.InteractAcrossProfilesController\
09-03 14:19:23.915  6047  6076 D PrefCtrlListHelper: Could not find Context-only controller for pref: com.android.settings.accessibility.ToggleAutoclickCustomSeekbarController\
09-03 14:19:23.915  6047  6076 D PrefCtrlListHelper: Could not find Context-only controller for pref: com.android.settings.accessibility.ToggleAutoclickFooterPreferenceController\
09-03 14:19:24.113   520   550 D CompanionDeviceManagerService: onPackageModified(packageName = com.google.android.apps.maps)\
09-03 14:19:24.136   520   602 D CompatibilityChangeReporter: Compat change id reported: 171306433; UID 10114; state: ENABLED\
09-03 14:19:24.138   520   560 E system_server: No package ID 7f found for ID 0x7f080404.\
09-03 14:19:24.138   520   560 E system_server: No package ID 7f found for ID 0x7f130a5b.\
09-03 14:19:24.149   520   560 E system_server: No package ID 7f found for ID 0x7f080494.\
09-03 14:19:24.149   520   560 E system_server: No package ID 7f found for ID 0x7f131e25.\
09-03 14:19:24.153   729   729 V MediaPlayerList: mPackageChangedBroadcastReceiver: action: android.intent.action.PACKAGE_CHANGED\
09-03 14:19:24.156   755   768 I PermissionControllerServiceImpl: Updating user sensitive for uid 10114\
09-03 14:19:24.153   729   729 D MediaPlayerList: Name of package changed: com.google.android.apps.maps\
09-03 14:19:24.166   520   615 I InputReader: Reconfiguring input devices, changes=KEYBOARD_LAYOUTS | \
09-03 14:19:24.169   520   610 I RoleService: Granting default roles...\
09-03 14:19:24.214   927   927 D CarrierSvcBindHelper: No carrier app for: 0\
09-03 14:19:24.214   927   927 D ImsResolver: maybeAddedImsService, packageName: com.google.android.apps.maps\
09-03 14:19:24.217   520   520 D CompatibilityChangeReporter: Compat change id reported: 168419799; UID 10103; state: DISABLED\
09-03 14:19:24.221   755   908 W Role    : Cannot get ApplicationInfo for default holder: com.google.android.contacts\
09-03 14:19:24.233   520   520 I Telecom : DefaultDialerCache: Refreshing default dialer for user 0: now com.android.dialer: DDC.oR@ANs\
09-03 14:19:24.266   755   908 W Role    : Cannot get ApplicationInfo for default holder: com.google.android.as\
09-03 14:19:24.268   520   781 I ActivityManager: Finished processing BOOT_COMPLETED for u0\
09-03 14:19:24.268   520   781 W BroadcastQueue: Background execution not allowed: receiving Intent \{ act=android.intent.action.USER_PRESENT flg=0x24200010 \} to com.android.chrome/org.chromium.chrome.browser.sharing.click_to_call.ClickToCallMessageHandler$PhoneUnlockedReceiver\
09-03 14:19:24.279   520   561 W BroadcastQueue: Background execution not allowed: receiving Intent \{ act=android.intent.action.USER_PRESENT flg=0x24200010 \} to com.google.android.gms/.auth.setup.devicesignals.LockScreenReceiver\
09-03 14:19:24.280   520   561 W BroadcastQueue: Background execution not allowed: receiving Intent \{ act=android.intent.action.USER_PRESENT flg=0x24200010 \} to com.google.android.gms/.chimera.GmsIntentOperationService$PersistentTrustedReceiver\
09-03 14:19:24.318   520  1373 I AppSearchUserInstanceMa: Creating new AppSearch instance at: /data/system_ce/0/appsearch/icing\
09-03 14:19:24.325   520   561 D CompatibilityChangeReporter: Compat change id reported: 168419799; UID 10115; state: DISABLED\
09-03 14:19:24.350   520  2113 W BroadcastQueue: Background execution not allowed: receiving Intent \{ act=android.intent.action.PACKAGE_ADDED dat=package:com.harismuawizkhan.moviesbrowser flg=0x4000010 (has extras) \} to com.google.android.packageinstaller/com.android.packageinstaller.PackageInstalledReceiver\
09-03 14:19:24.368   520   561 W BroadcastQueue: Background execution not allowed: receiving Intent \{ act=android.intent.action.PACKAGE_ADDED dat=package:com.harismuawizkhan.moviesbrowser flg=0x4000010 (has extras) \} to com.android.vending/com.google.android.finsky.packagemanager.impl.PackageMonitorReceiverImpl$RegisteredReceiver\
09-03 14:19:24.368   520   561 W BroadcastQueue: Background execution not allowed: receiving Intent \{ act=android.intent.action.PACKAGE_ADDED dat=package:com.harismuawizkhan.moviesbrowser flg=0x4000010 (has extras) \} to com.google.android.gms/.games.chimera.GamesSystemBroadcastReceiverProxy\
09-03 14:19:24.368   520   561 W BroadcastQueue: Background execution not allowed: receiving Intent \{ act=android.intent.action.PACKAGE_ADDED dat=package:com.harismuawizkhan.moviesbrowser flg=0x4000010 (has extras) \} to com.google.android.gms/.gass.chimera.PackageChangeBroadcastReceiver\
09-03 14:19:24.368   520   561 W BroadcastQueue: Background execution not allowed: receiving Intent \{ act=android.intent.action.PACKAGE_ADDED dat=package:com.harismuawizkhan.moviesbrowser flg=0x4000010 (has extras) \} to com.google.android.gms/.chimera.GmsIntentOperationService$PersistentTrustedReceiver\
09-03 14:19:24.368   520   561 W BroadcastQueue: Background execution not allowed: receiving Intent \{ act=android.intent.action.PACKAGE_ADDED dat=package:com.harismuawizkhan.moviesbrowser flg=0x4000010 (has extras) \} to com.google.android.googlequicksearchbox/com.google.android.apps.gsa.googlequicksearchbox.GelStubAppWatcher\
09-03 14:19:24.373   520   561 D CompatibilityChangeReporter: Compat change id reported: 168419799; UID 10066; state: DISABLED\
09-03 14:19:24.442  1001  1635 D EGL_emulation: app_time_stats: avg=2078.27ms min=12.69ms max=12273.87ms count=6\
09-03 14:19:24.447  2118  6411 I Fitness : OnPackageChangedOperation got intent: Intent \{ act=android.intent.action.PACKAGE_CHANGED dat=package:com.google.android.apps.maps flg=0x45000010 pkg=com.google.android.gms cmp=com.google.android.gms/.chimera.PersistentIntentOperationService (has extras) \} [CONTEXT service_id=17 ]\
09-03 14:19:24.493   520  1373 W system_server: Verification of void com.android.server.appsearch.external.localstorage.AppSearchImpl.optimize(com.android.server.appsearch.external.localstorage.stats.OptimizeStats$Builder) took 107.476ms (772.26 bytecodes/s) (3032B approximate peak alloc)\
09-03 14:19:24.494  2118  6419 I Fitness : FitCleanupIntentOperation received Intent android.intent.action.PACKAGE_CHANGED [CONTEXT service_id=17 ]\
09-03 14:19:24.533   520  1651 W BroadcastQueue: Background execution not allowed: receiving Intent \{ act=android.intent.action.DROPBOX_ENTRY_ADDED flg=0x10 (has extras) \} to com.google.android.gms/.stats.service.DropBoxEntryAddedReceiver\
09-03 14:19:24.537   520   561 W BroadcastQueue: Background execution not allowed: receiving Intent \{ act=android.intent.action.DROPBOX_ENTRY_ADDED flg=0x10 (has extras) \} to com.google.android.gms/.chimera.GmsIntentOperationService$PersistentTrustedReceiver\
09-03 14:19:24.558  2242  2242 I GsaVoiceInteractionSrv: Handling ACTION_STOP_HOTWORD\
09-03 14:19:24.565  2126  2126 V ClearcutMetricXmitter: Transmission is done.\
09-03 14:19:24.565  4707  4707 I Finsky  : [2] tgr.i(0): PackageMonitorReceiverImpl - Received: android.intent.action.PACKAGE_CHANGED, [k5lESmqzk4cszrvf1PUxCSDOuq8uWEGL6c59tHo8iTc]\
09-03 14:19:24.565  4707  4707 I Finsky  : [2] tho.n(8): Invalidating cached PackageState for com.android.nfc\
09-03 14:19:24.603  4707  6423 I Finsky  : [138] esy.run(4): Wrote row to frosting DB: 5\
09-03 14:19:24.614   755   908 W Role    : Cannot get ApplicationInfo for default holder: com.google.android.as\
09-03 14:19:24.617   755   908 W Role    : Cannot get ApplicationInfo for default holder: com.google.android.as\
09-03 14:19:24.634  2118  6421 I Fitness : OnPackageChangedOperation got intent: Intent \{ act=android.intent.action.PACKAGE_CHANGED dat=package:com.android.nfc flg=0x5000010 pkg=com.google.android.gms cmp=com.google.android.gms/.chimera.PersistentIntentOperationService (has extras) \} [CONTEXT service_id=17 ]\
09-03 14:19:24.637  4707  6423 I Finsky  : [138] esy.run(4): Wrote row to frosting DB: 6\
09-03 14:19:24.647  2118  6419 I Fitness : FitCleanupIntentOperation received Intent android.intent.action.PACKAGE_CHANGED [CONTEXT service_id=17 ]\
09-03 14:19:24.652   520  1373 W UnsafeUtil: platform method missing - proto runtime falling back to safer methods: java.lang.NoSuchMethodException: sun.misc.Unsafe.copyMemory [class java.lang.Object, long, class java.lang.Object, long, long]\
09-03 14:19:24.676  1828  1828 I Dialer  : VvmTaskReceiver - task received\
09-03 14:19:24.676  1828  1828 I Dialer  : VvmTaskReceiver - scheduling new job\
09-03 14:19:24.678  1828  1828 I Dialer  : TaskSchedulerJobService - scheduling job with 1 tasks\
09-03 14:19:24.679  1828  1828 I Dialer  : TaskSchedulerJobService - running job instantly.\
09-03 14:19:24.717  1828  1828 I Dialer  : TaskSchedulerJobService - job 2 scheduled\
09-03 14:19:24.724  1828  1828 I Dialer  : TaskSchedulerJobService - starting 2\
09-03 14:19:24.726  1828  1828 I Dialer  : VvmTaskExecutor - onStartJob\
09-03 14:19:24.726  1828  1828 I Dialer  : Task.createTask - create task:com.android.voicemail.impl.ActivationTask\
09-03 14:19:24.729  1828  6430 I Dialer  : VvmTaskExecutor - executing task com.android.voicemail.impl.ActivationTask@2d3a74e\
09-03 14:19:24.730  1828  6430 I Dialer  : PreOMigrationHandler - ComponentInfo\{com.android.phone/com.android.services.telephony.TelephonyConnectionService\}, ***, UserHandle\{0\} already migrated\
09-03 14:19:24.733   520  1645 W BroadcastQueue: Background execution not allowed: receiving Intent \{ act=android.intent.action.DROPBOX_ENTRY_ADDED flg=0x10 (has extras) \} to com.google.android.gms/.stats.service.DropBoxEntryAddedReceiver\
09-03 14:19:24.737   520   561 W BroadcastQueue: Background execution not allowed: receiving Intent \{ act=android.intent.action.DROPBOX_ENTRY_ADDED flg=0x10 (has extras) \} to com.google.android.gms/.chimera.GmsIntentOperationService$PersistentTrustedReceiver\
09-03 14:19:24.738  1162  5039 I Icing   : doRemovePackageData com.android.nfc\
09-03 14:19:24.742  2242  2242 I GsaVoiceInteractionSrv: Handling ACTION_START_HOTWORD\
09-03 14:19:24.742  2242  2242 I GsaVoiceInteractionSrv: disregardVoiceMatch: false\
09-03 14:19:24.744   520  2113 D CompatibilityChangeReporter: Compat change id reported: 135634846; UID 10071; state: DISABLED\
09-03 14:19:24.744   520  2113 D CompatibilityChangeReporter: Compat change id reported: 177438394; UID 10071; state: DISABLED\
09-03 14:19:24.744   520  2113 D CompatibilityChangeReporter: Compat change id reported: 135772972; UID 10071; state: DISABLED\
09-03 14:19:24.744   520  2113 D CompatibilityChangeReporter: Compat change id reported: 135754954; UID 10071; state: ENABLED\
09-03 14:19:24.746   520   562 D CompatibilityChangeReporter: Compat change id reported: 143937733; UID 10071; state: ENABLED\
09-03 14:19:24.759   321   321 D Zygote  : Forked child process 6435\
09-03 14:19:24.763   520   562 I ActivityManager: Start proc 6435:com.android.providers.calendar/u0a71 for broadcast \{com.android.providers.calendar/com.android.providers.calendar.CalendarProviderBroadcastReceiver\}\
09-03 14:19:24.778  6435  6435 W viders.calenda: Unexpected CPU variant for X86 using defaults: x86_64\
09-03 14:19:24.787  6435  6435 E viders.calenda: Not starting debugger since process cannot load the jdwp agent.\
09-03 14:19:24.818   520  1638 D CompatibilityChangeReporter: Compat change id reported: 168419799; UID 10071; state: DISABLED\
09-03 14:19:24.834  6435  6435 D CompatibilityChangeReporter: Compat change id reported: 171979766; UID 10071; state: ENABLED\
09-03 14:19:24.874  6435  6435 V GraphicsEnvironment: ANGLE Developer option for 'com.android.providers.calendar' set to: 'default'\
09-03 14:19:24.874  6435  6435 V GraphicsEnvironment: Neither updatable production driver nor prerelease driver is supported.\
09-03 14:19:24.879  6435  6435 D NetworkSecurityConfig: No Network Security Config specified, using platform default\
09-03 14:19:24.879  6435  6435 D NetworkSecurityConfig: No Network Security Config specified, using platform default\
09-03 14:19:24.895  5742  5755 I VoicemailNotifier: receivers for android.intent.action.PROVIDER_CHANGED :[]\
09-03 14:19:24.928  1828  6430 I Dialer  : VvmActivationTask - VVM content provider configured - vvm_type_cvvm\
09-03 14:19:24.929  1828  6430 I Dialer  : OmtpVvmCarrierCfgHlpr - OmtpEvent:CONFIG_ACTIVATING\
09-03 14:19:24.960  5742  5755 I VoicemailNotifier: receivers for android.intent.action.PROVIDER_CHANGED :[]\
09-03 14:19:24.962  6435  6435 I CalendarProvider2: Created com.android.providers.calendar.CalendarAlarmManager@40c7bf2(com.android.providers.calendar.CalendarProvider2@640b243)\
09-03 14:19:24.983   520  3044 D CompatibilityChangeReporter: Compat change id reported: 143231523; UID 10071; state: DISABLED\
09-03 14:19:25.085   320  5992 W SocketClient: write error (Broken pipe)\
09-03 14:19:25.085   320  5992 W resolv  : GetAddrInfoHandler::run: Error writing DNS result to client uid 10112 pid 5154: Broken pipe\
09-03 14:19:25.250  1162  5542 I Checkin : [CheckinOperation] Starting Checkin: Default Task Reason : 1 Force : false UserId : 0 Start time : 314335\
09-03 14:19:25.325  1162  5542 I CheckinUtil: Classify the device as Phone. [CONTEXT service_id=130 ]\
09-03 14:19:25.330   755   908 W Role    : Cannot get ApplicationInfo for default holder: com.google.android.as\
09-03 14:19:25.345   895  5718 D NetworkMonitor/101: PROBE_HTTP http://connectivitycheck.gstatic.com/generate_204 Probe failed with exception java.net.UnknownHostException: Unable to resolve host "connectivitycheck.gstatic.com": No address associated with hostname\
09-03 14:19:25.369   320  5883 W SocketClient: write error (Broken pipe)\
09-03 14:19:25.369   320  5883 W resolv  : GetAddrInfoHandler::run: Error writing DNS result to client uid 10112 pid 5154: Broken pipe\
09-03 14:19:25.388   320  6003 W SocketClient: write error (Broken pipe)\
09-03 14:19:25.388   320  6003 W resolv  : GetAddrInfoHandler::run: Error writing DNS result to client uid 10112 pid 5154: Broken pipe\
09-03 14:19:25.447  2325  2325 I BugleRcsProvisioning: RcsProvisioningEventReceiver: Received ProvisioningEvent: Request Bugle information\
09-03 14:19:25.458  2325  2325 W BugleRcsEngine: [2] alsz.g: Carrier Services Apk was not found.\
09-03 14:19:25.459  2325  2325 I BugleRcsEngine: [2] alsz.e: Cannot get service version because CS.apk was not found, not pre-loaded or disabled.\
09-03 14:19:25.461  2325  2325 W BugleRcsEngine: [2] alsz.e: Service with meta data key: JibeServiceApiVersions is not compatible. Service Version 1 is not supported. Supported versions: []\
09-03 14:19:25.461  2325  2325 I BugleRcsEngine: [2] alsz.c: Not using CS JibeService because it is not compatible with AM.\
09-03 14:19:25.484   895  5714 D NetworkMonitor/101: PROBE_FALLBACK http://www.google.com/gen_204 Probe failed with exception java.net.UnknownHostException: Unable to resolve host "www.google.com": No address associated with hostname\
09-03 14:19:25.509   895  5717 D NetworkMonitor/101: PROBE_HTTPS https://www.google.com/generate_204 Probe failed with exception java.net.UnknownHostException: Unable to resolve host "www.google.com": No address associated with hostname\
09-03 14:19:25.529   895  5714 D NetworkMonitor/101: isCaptivePortal: isSuccessful()=false isPortal()=false RedirectUrl=null isPartialConnectivity()=false Time=20314ms\
09-03 14:19:25.533   520   682 D ConnectivityService: [101 CELLULAR] validation failed\
09-03 14:19:25.554  2325  2325 I BugleRcsProvisioning: RcsProvisioningEventReceiver: Received ProvisioningEvent: Availability updated\
09-03 14:19:25.554  2325  2325 I BugleRcsProvisioning: RcsProvisioningEventReceiver: Bugle receives rcs availability update to: 2\
09-03 14:19:25.560  2325  2355 I RcsClientLib: Disconnecting ChatSessionService\
09-03 14:19:25.560  2325  2355 W RcsClientLib: Unexpected error when trying to unbind com.google.android.ims.rcsservice.chatsession.IChatSession: Service not registered: awmr@11a3932\
09-03 14:19:25.564  2325  2350 I BugleRcsProvisioning: RcsProvisioningTrigger: onRcsAvailabilityUpdate : availability is updated to RCS is disabled for this carrier by Google, lastAvailability is null, simId hash = -6170740527577750920, isPev3Enabled = false\
09-03 14:19:25.564  2325  2355 W RcsClientLib: java.lang.IllegalArgumentException: Service not registered: awmr@11a3932\
09-03 14:19:25.564  2325  2355 W RcsClientLib: 	at android.app.LoadedApk.forgetServiceDispatcher(LoadedApk.java:1880)\
09-03 14:19:25.564  2325  2355 W RcsClientLib: 	at android.app.ContextImpl.unbindService(ContextImpl.java:2020)\
09-03 14:19:25.564  2325  2355 W RcsClientLib: 	at android.content.ContextWrapper.unbindService(ContextWrapper.java:846)\
09-03 14:19:25.564  2325  2355 W RcsClientLib: 	at awmp.g(PG:1)\
09-03 14:19:25.564  2325  2355 W RcsClientLib: 	at awmp.disconnect(PG:2)\
09-03 14:19:25.564  2325  2355 W RcsClientLib: 	at war.i(PG:1)\
09-03 14:19:25.564  2325  2355 W RcsClientLib: 	at wau.a(PG:4)\
09-03 14:19:25.564  2325  2355 W RcsClientLib: 	at uve.a(PG:2)\
09-03 14:19:25.564  2325  2355 W RcsClientLib: 	at alql.run(PG:1)\
09-03 14:19:25.564  2325  2355 W RcsClientLib: 	at aosz.run(PG:1)\
09-03 14:19:25.564  2325  2355 W RcsClientLib: 	at java.util.concurrent.ThreadPoolExecutor.runWorker(ThreadPoolExecutor.java:1167)\
09-03 14:19:25.564  2325  2355 W RcsClientLib: 	at java.util.concurrent.ThreadPoolExecutor$Worker.run(ThreadPoolExecutor.java:641)\
09-03 14:19:25.564  2325  2355 W RcsClientLib: 	at aosl.run(PG:2)\
09-03 14:19:25.564  2325  2355 W RcsClientLib: 	at aorz.run(PG:2)\
09-03 14:19:25.564  2325  2355 W RcsClientLib: 	at java.lang.Thread.run(Thread.java:920)\
09-03 14:19:25.564  2325  2355 I RcsClientLib: Disconnecting EventService\
09-03 14:19:25.565  2325  2355 W RcsClientLib: Unexpected error when trying to unbind com.google.android.ims.rcsservice.events.IEvent: Service not registered: awmr@df95039\
09-03 14:19:25.567  2325  2355 W RcsClientLib: java.lang.IllegalArgumentException: Service not registered: awmr@df95039\
09-03 14:19:25.567  2325  2355 W RcsClientLib: 	at android.app.LoadedApk.forgetServiceDispatcher(LoadedApk.java:1880)\
09-03 14:19:25.567  2325  2355 W RcsClientLib: 	at android.app.ContextImpl.unbindService(ContextImpl.java:2020)\
09-03 14:19:25.567  2325  2355 W RcsClientLib: 	at android.content.ContextWrapper.unbindService(ContextWrapper.java:846)\
09-03 14:19:25.567  2325  2355 W RcsClientLib: 	at awmp.g(PG:1)\
09-03 14:19:25.567  2325  2355 W RcsClientLib: 	at awmp.disconnect(PG:2)\
09-03 14:19:25.567  2325  2355 W RcsClientLib: 	at com.google.android.rcs.client.events.EventService.disconnect(PG:2)\
09-03 14:19:25.567  2325  2355 W RcsClientLib: 	at war.i(PG:2)\
09-03 14:19:25.567  2325  2355 W RcsClientLib: 	at wau.a(PG:4)\
09-03 14:19:25.567  2325  2355 W RcsClientLib: 	at uve.a(PG:2)\
09-03 14:19:25.567  2325  2355 W RcsClientLib: 	at alql.run(PG:1)\
09-03 14:19:25.567  2325  2355 W RcsClientLib: 	at aosz.run(PG:1)\
09-03 14:19:25.567  2325  2355 W RcsClientLib: 	at java.util.concurrent.ThreadPoolExecutor.runWorker(ThreadPoolExecutor.java:1167)\
09-03 14:19:25.567  2325  2355 W RcsClientLib: 	at java.util.concurrent.ThreadPoolExecutor$Worker.run(ThreadPoolExecutor.java:641)\
09-03 14:19:25.567  2325  2355 W RcsClientLib: 	at aosl.run(PG:2)\
09-03 14:19:25.567  2325  2355 W RcsClientLib: 	at aorz.run(PG:2)\
09-03 14:19:25.567  2325  2355 W RcsClientLib: 	at java.lang.Thread.run(Thread.java:920)\
09-03 14:19:25.567  2325  2355 I RcsClientLib: Disconnecting ContactsService\
09-03 14:19:25.567  2325  2355 W RcsClientLib: Unexpected error when trying to unbind com.google.android.ims.rcsservice.contacts.IContactsManagement: Service not registered: awmr@f7247df\
09-03 14:19:25.567  2325  2355 W RcsClientLib: java.lang.IllegalArgumentException: Service not registered: awmr@f7247df\
09-03 14:19:25.567  2325  2355 W RcsClientLib: 	at android.app.LoadedApk.forgetServiceDispatcher(LoadedApk.java:1880)\
09-03 14:19:25.567  2325  2355 W RcsClientLib: 	at android.app.ContextImpl.unbindService(ContextImpl.java:2020)\
09-03 14:19:25.567  2325  2355 W RcsClientLib: 	at android.content.ContextWrapper.unbindService(ContextWrapper.java:846)\
09-03 14:19:25.567  2325  2355 W RcsClientLib: 	at awmp.g(PG:1)\
09-03 14:19:25.567  2325  2355 W RcsClientLib: 	at awmp.disconnect(PG:2)\
09-03 14:19:25.567  2325  2355 W RcsClientLib: 	at war.i(PG:3)\
09-03 14:19:25.567  2325  2355 W RcsClientLib: 	at wau.a(PG:4)\
09-03 14:19:25.567  2325  2355 W RcsClientLib: 	at uve.a(PG:2)\
09-03 14:19:25.567  2325  2355 W RcsClientLib: 	at alql.run(PG:1)\
09-03 14:19:25.567  2325  2355 W RcsClientLib: 	at aosz.run(PG:1)\
09-03 14:19:25.567  2325  2355 W RcsClientLib: 	at java.util.concurrent.ThreadPoolExecutor.runWorker(ThreadPoolExecutor.java:1167)\
09-03 14:19:25.567  2325  2355 W RcsClientLib: 	at java.util.concurrent.ThreadPoolExecutor$Worker.run(ThreadPoolExecutor.java:641)\
09-03 14:19:25.567  2325  2355 W RcsClientLib: 	at aosl.run(PG:2)\
09-03 14:19:25.567  2325  2355 W RcsClientLib: 	at aorz.run(PG:2)\
09-03 14:19:25.567  2325  2355 W RcsClientLib: 	at java.lang.Thread.run(Thread.java:920)\
09-03 14:19:25.567  2325  2355 I RcsClientLib: Disconnecting FileTransferService\
09-03 14:19:25.567  2325  2355 W RcsClientLib: Unexpected error when trying to unbind com.google.android.ims.rcsservice.filetransfer.IFileTransfer: Service not registered: awmr@215b6f5\
09-03 14:19:25.567  2325  2355 W RcsClientLib: java.lang.IllegalArgumentException: Service not registered: awmr@215b6f5\
09-03 14:19:25.567  2325  2355 W RcsClientLib: 	at android.app.LoadedApk.forgetServiceDispatcher(LoadedApk.java:1880)\
09-03 14:19:25.567  2325  2355 W RcsClientLib: 	at android.app.ContextImpl.unbindService(ContextImpl.java:2020)\
09-03 14:19:25.567  2325  2355 W RcsClientLib: 	at android.content.ContextWrapper.unbindService(ContextWrapper.java:846)\
09-03 14:19:25.567  2325  2355 W RcsClientLib: 	at awmp.g(PG:1)\
09-03 14:19:25.567  2325  2355 W RcsClientLib: 	at awmp.disconnect(PG:2)\
09-03 14:19:25.567  2325  2355 W RcsClientLib: 	at war.i(PG:4)\
09-03 14:19:25.567  2325  2355 W RcsClientLib: 	at wau.a(PG:4)\
09-03 14:19:25.567  2325  2355 W RcsClientLib: 	at uve.a(PG:2)\
09-03 14:19:25.567  2325  2355 W RcsClientLib: 	at alql.run(PG:1)\
09-03 14:19:25.567  2325  2355 W RcsClientLib: 	at aosz.run(PG:1)\
09-03 14:19:25.567  2325  2355 W RcsClientLib: 	at java.util.concurrent.ThreadPoolExecutor.runWorker(ThreadPoolExecutor.java:1167)\
09-03 14:19:25.567  2325  2355 W RcsClientLib: 	at java.util.concurrent.ThreadPoolExecutor$Worker.run(ThreadPoolExecutor.java:641)\
09-03 14:19:25.567  2325  2355 W RcsClientLib: 	at aosl.run(PG:2)\
09-03 14:19:25.567  2325  2355 W RcsClientLib: 	at aorz.run(PG:2)\
09-03 14:19:25.567  2325  2355 W RcsClientLib: 	at java.lang.Thread.run(Thread.java:920)\
09-03 14:19:25.567  2325  2355 I RcsClientLib: Disconnecting LocationSharingService\
09-03 14:19:25.568  2325  2355 W RcsClientLib: Unexpected error when trying to unbind com.google.android.ims.rcsservice.locationsharing.ILocationSharing: Service not registered: awmr@fdd82fb\
09-03 14:19:25.568  2325  2355 W RcsClientLib: java.lang.IllegalArgumentException: Service not registered: awmr@fdd82fb\
09-03 14:19:25.568  2325  2355 W RcsClientLib: 	at android.app.LoadedApk.forgetServiceDispatcher(LoadedApk.java:1880)\
09-03 14:19:25.568  2325  2355 W RcsClientLib: 	at android.app.ContextImpl.unbindService(ContextImpl.java:2020)\
09-03 14:19:25.568  2325  2355 W RcsClientLib: 	at android.content.ContextWrapper.unbindService(ContextWrapper.java:846)\
09-03 14:19:25.568  2325  2355 W RcsClientLib: 	at awmp.g(PG:1)\
09-03 14:19:25.568  2325  2355 W RcsClientLib: 	at awmp.disconnect(PG:2)\
09-03 14:19:25.568  2325  2355 W RcsClientLib: 	at war.i(PG:5)\
09-03 14:19:25.568  2325  2355 W RcsClientLib: 	at wau.a(PG:4)\
09-03 14:19:25.568  2325  2355 W RcsClientLib: 	at uve.a(PG:2)\
09-03 14:19:25.568  2325  2355 W RcsClientLib: 	at alql.run(PG:1)\
09-03 14:19:25.568  2325  2355 W RcsClientLib: 	at aosz.run(PG:1)\
09-03 14:19:25.568  2325  2355 W RcsClientLib: 	at java.util.concurrent.ThreadPoolExecutor.runWorker(ThreadPoolExecutor.java:1167)\
09-03 14:19:25.568  2325  2355 W RcsClientLib: 	at java.util.concurrent.ThreadPoolExecutor$Worker.run(ThreadPoolExecutor.java:641)\
09-03 14:19:25.568  2325  2355 W RcsClientLib: 	at aosl.run(PG:2)\
09-03 14:19:25.568  2325  2355 W RcsClientLib: 	at aorz.run(PG:2)\
09-03 14:19:25.568  2325  2355 W RcsClientLib: 	at java.lang.Thread.run(Thread.java:920)\
09-03 14:19:25.568  2325  2355 I RcsClientLib: Disconnecting ImsConnectionTrackerService\
09-03 14:19:25.570  2325  2355 W RcsClientLib: Unexpected error when trying to unbind com.google.android.ims.rcsservice.ims.IImsConnectionTracker: Service not registered: awmr@f57cd71\
09-03 14:19:25.577  2325  2355 W RcsClientLib: java.lang.IllegalArgumentException: Service not registered: awmr@f57cd71\
09-03 14:19:25.577  2325  2355 W RcsClientLib: 	at android.app.LoadedApk.forgetServiceDispatcher(LoadedApk.java:1880)\
09-03 14:19:25.577  2325  2355 W RcsClientLib: 	at android.app.ContextImpl.unbindService(ContextImpl.java:2020)\
09-03 14:19:25.577  2325  2355 W RcsClientLib: 	at android.content.ContextWrapper.unbindService(ContextWrapper.java:846)\
09-03 14:19:25.577  2325  2355 W RcsClientLib: 	at awmp.g(PG:1)\
09-03 14:19:25.577  2325  2355 W RcsClientLib: 	at awmp.disconnect(PG:2)\
09-03 14:19:25.577  2325  2355 W RcsClientLib: 	at war.i(PG:6)\
09-03 14:19:25.577  2325  2355 W RcsClientLib: 	at wau.a(PG:4)\
09-03 14:19:25.577  2325  2355 W RcsClientLib: 	at uve.a(PG:2)\
09-03 14:19:25.577  2325  2355 W RcsClientLib: 	at alql.run(PG:1)\
09-03 14:19:25.577  2325  2355 W RcsClientLib: 	at aosz.run(PG:1)\
09-03 14:19:25.577  2325  2355 W RcsClientLib: 	at java.util.concurrent.ThreadPoolExecutor.runWorker(ThreadPoolExecutor.java:1167)\
09-03 14:19:25.577  2325  2355 W RcsClientLib: 	at java.util.concurrent.ThreadPoolExecutor$Worker.run(ThreadPoolExecutor.java:641)\
09-03 14:19:25.577  2325  2355 W RcsClientLib: 	at aosl.run(PG:2)\
09-03 14:19:25.577  2325  2355 W RcsClientLib: 	at aorz.run(PG:2)\
09-03 14:19:25.577  2325  2355 W RcsClientLib: 	at java.lang.Thread.run(Thread.java:920)\
09-03 14:19:25.577  2325  2355 I RcsClientLib: Disconnecting RcsProfileService\
09-03 14:19:25.577  2325  2355 W RcsClientLib: Unexpected error when trying to unbind com.google.android.ims.rcsservice.profile.IRcsProfile: Service not registered: awmr@3f753d7\
09-03 14:19:25.577  2325  2355 W RcsClientLib: java.lang.IllegalArgumentException: Service not registered: awmr@3f753d7\
09-03 14:19:25.577  2325  2355 W RcsClientLib: 	at android.app.LoadedApk.forgetServiceDispatcher(LoadedApk.java:1880)\
09-03 14:19:25.577  2325  2355 W RcsClientLib: 	at android.app.ContextImpl.unbindService(ContextImpl.java:2020)\
09-03 14:19:25.577  2325  2355 W RcsClientLib: 	at android.content.ContextWrapper.unbindService(ContextWrapper.java:846)\
09-03 14:19:25.577  2325  2355 W RcsClientLib: 	at awmp.g(PG:1)\
09-03 14:19:25.577  2325  2355 W RcsClientLib: 	at awmp.disconnect(PG:2)\
09-03 14:19:25.577  2325  2355 W RcsClientLib: 	at war.i(PG:7)\
09-03 14:19:25.577  2325  2355 W RcsClientLib: 	at wau.a(PG:4)\
09-03 14:19:25.577  2325  2355 W RcsClientLib: 	at uve.a(PG:2)\
09-03 14:19:25.577  2325  2355 W RcsClientLib: 	at alql.run(PG:1)\
09-03 14:19:25.577  2325  2355 W RcsClientLib: 	at aosz.run(PG:1)\
09-03 14:19:25.577  2325  2355 W RcsClientLib: 	at java.util.concurrent.ThreadPoolExecutor.runWorker(ThreadPoolExecutor.java:1167)\
09-03 14:19:25.577  2325  2355 W RcsClientLib: 	at java.util.concurrent.ThreadPoolExecutor$Worker.run(ThreadPoolExecutor.java:641)\
09-03 14:19:25.577  2325  2355 W RcsClientLib: 	at aosl.run(PG:2)\
09-03 14:19:25.577  2325  2355 W RcsClientLib: 	at aorz.run(PG:2)\
09-03 14:19:25.577  2325  2355 W RcsClientLib: 	at java.lang.Thread.run(Thread.java:920)\
09-03 14:19:25.577  2325  2355 I RcsClientLib: Disconnecting BusinessInfoService\
09-03 14:19:25.577  2325  2355 W RcsClientLib: Unexpected error when trying to unbind com.google.android.ims.rcsservice.businessinfo.IBusinessInfo: Service not registered: awmr@8cacfad\
09-03 14:19:25.578  2325  2355 W RcsClientLib: java.lang.IllegalArgumentException: Service not registered: awmr@8cacfad\
09-03 14:19:25.578  2325  2355 W RcsClientLib: 	at android.app.LoadedApk.forgetServiceDispatcher(LoadedApk.java:1880)\
09-03 14:19:25.578  2325  2355 W RcsClientLib: 	at android.app.ContextImpl.unbindService(ContextImpl.java:2020)\
09-03 14:19:25.578  2325  2355 W RcsClientLib: 	at android.content.ContextWrapper.unbindService(ContextWrapper.java:846)\
09-03 14:19:25.578  2325  2355 W RcsClientLib: 	at awmp.g(PG:1)\
09-03 14:19:25.578  2325  2355 W RcsClientLib: 	at awmp.disconnect(PG:2)\
09-03 14:19:25.578  2325  2355 W RcsClientLib: 	at war.i(PG:8)\
09-03 14:19:25.578  2325  2355 W RcsClientLib: 	at wau.a(PG:4)\
09-03 14:19:25.578  2325  2355 W RcsClientLib: 	at uve.a(PG:2)\
09-03 14:19:25.578  2325  2355 W RcsClientLib: 	at alql.run(PG:1)\
09-03 14:19:25.578  2325  2355 W RcsClientLib: 	at aosz.run(PG:1)\
09-03 14:19:25.578  2325  2355 W RcsClientLib: 	at java.util.concurrent.ThreadPoolExecutor.runWorker(ThreadPoolExecutor.java:1167)\
09-03 14:19:25.578  2325  2355 W RcsClientLib: 	at java.util.concurrent.ThreadPoolExecutor$Worker.run(ThreadPoolExecutor.java:641)\
09-03 14:19:25.578  2325  2355 W RcsClientLib: 	at aosl.run(PG:2)\
09-03 14:19:25.578  2325  2355 W RcsClientLib: 	at aorz.run(PG:2)\
09-03 14:19:25.578  2325  2355 W RcsClientLib: 	at java.lang.Thread.run(Thread.java:920)\
09-03 14:19:25.578  2325  2355 I RcsClientLib: Disconnecting RcsMessagingService\
09-03 14:19:25.578  2325  2355 W RcsClientLib: Unexpected error when trying to unbind com.google.android.rcs.client.messaging.IMessaging: Service not registered: awmr@5735673\
09-03 14:19:25.578  2325  2355 W RcsClientLib: java.lang.IllegalArgumentException: Service not registered: awmr@5735673\
09-03 14:19:25.578  2325  2355 W RcsClientLib: 	at android.app.LoadedApk.forgetServiceDispatcher(LoadedApk.java:1880)\
09-03 14:19:25.578  2325  2355 W RcsClientLib: 	at android.app.ContextImpl.unbindService(ContextImpl.java:2020)\
09-03 14:19:25.578  2325  2355 W RcsClientLib: 	at android.content.ContextWrapper.unbindService(ContextWrapper.java:846)\
09-03 14:19:25.578  2325  2355 W RcsClientLib: 	at awmp.g(PG:1)\
09-03 14:19:25.578  2325  2355 W RcsClientLib: 	at awmp.disconnect(PG:2)\
09-03 14:19:25.578  2325  2355 W RcsClientLib: 	at war.i(PG:9)\
09-03 14:19:25.578  2325  2355 W RcsClientLib: 	at wau.a(PG:4)\
09-03 14:19:25.578  2325  2355 W RcsClientLib: 	at uve.a(PG:2)\
09-03 14:19:25.578  2325  2355 W RcsClientLib: 	at alql.run(PG:1)\
09-03 14:19:25.578  2325  2355 W RcsClientLib: 	at aosz.run(PG:1)\
09-03 14:19:25.578  2325  2355 W RcsClientLib: 	at java.util.concurrent.ThreadPoolExecutor.runWorker(ThreadPoolExecutor.java:1167)\
09-03 14:19:25.578  2325  2355 W RcsClientLib: 	at java.util.concurrent.ThreadPoolExecutor$Worker.run(ThreadPoolExecutor.java:641)\
09-03 14:19:25.578  2325  2355 W RcsClientLib: 	at aosl.run(PG:2)\
09-03 14:19:25.578  2325  2355 W RcsClientLib: 	at aorz.run(PG:2)\
09-03 14:19:25.578  2325  2355 W RcsClientLib: 	at java.lang.Thread.run(Thread.java:920)\
09-03 14:19:25.578  2325  2355 I RcsClientLib: Disconnecting TransportControlService\
09-03 14:19:25.578  2325  2355 W RcsClientLib: Unexpected error when trying to unbind com.google.android.ims.rcsservice.transportcontrol.ITransportControl: Service not registered: awmr@cf1b9a9\
09-03 14:19:25.578  2325  2355 W RcsClientLib: java.lang.IllegalArgumentException: Service not registered: awmr@cf1b9a9\
09-03 14:19:25.578  2325  2355 W RcsClientLib: 	at android.app.LoadedApk.forgetServiceDispatcher(LoadedApk.java:1880)\
09-03 14:19:25.578  2325  2355 W RcsClientLib: 	at android.app.ContextImpl.unbindService(ContextImpl.java:2020)\
09-03 14:19:25.578  2325  2355 W RcsClientLib: 	at android.content.ContextWrapper.unbindService(ContextWrapper.java:846)\
09-03 14:19:25.578  2325  2355 W RcsClientLib: 	at awmp.g(PG:1)\
09-03 14:19:25.578  2325  2355 W RcsClientLib: 	at awmp.disconnect(PG:2)\
09-03 14:19:25.578  2325  2355 W RcsClientLib: 	at war.i(PG:10)\
09-03 14:19:25.578  2325  2355 W RcsClientLib: 	at wau.a(PG:4)\
09-03 14:19:25.578  2325  2355 W RcsClientLib: 	at uve.a(PG:2)\
09-03 14:19:25.578  2325  2355 W RcsClientLib: 	at alql.run(PG:1)\
09-03 14:19:25.578  2325  2355 W RcsClientLib: 	at aosz.run(PG:1)\
09-03 14:19:25.578  2325  2355 W RcsClientLib: 	at java.util.concurrent.ThreadPoolExecutor.runWorker(ThreadPoolExecutor.java:1167)\
09-03 14:19:25.578  2325  2355 W RcsClientLib: 	at java.util.concurrent.ThreadPoolExecutor$Worker.run(ThreadPoolExecutor.java:641)\
09-03 14:19:25.578  2325  2355 W RcsClientLib: 	at aosl.run(PG:2)\
09-03 14:19:25.578  2325  2355 W RcsClientLib: 	at aorz.run(PG:2)\
09-03 14:19:25.578  2325  2355 W RcsClientLib: 	at java.lang.Thread.run(Thread.java:920)\
09-03 14:19:25.578  2325  2355 W BugleRcs: disconnecting from all Rcs Services\
09-03 14:19:25.595   520   781 D CompatibilityChangeReporter: Compat change id reported: 135634846; UID 10097; state: DISABLED\
09-03 14:19:25.596   520   562 D CompatibilityChangeReporter: Compat change id reported: 143937733; UID 10097; state: ENABLED\
09-03 14:19:25.610   321   321 D Zygote  : Forked child process 6463\
09-03 14:19:25.630   520   562 I ActivityManager: Start proc 6463:com.google.android.apps.messaging:rcs/u0a97 for broadcast \{com.google.android.apps.messaging/com.google.android.ims.receiver.ProvisioningEventReceiver\}\
09-03 14:19:25.633  6463  6463 W s.messaging:rc: Unexpected CPU variant for X86 using defaults: x86_64\
09-03 14:19:25.661  6463  6463 E s.messaging:rc: Not starting debugger since process cannot load the jdwp agent.\
09-03 14:19:25.680  1162  3628 W SQLiteLog: (28) double-quoted string literal: "1662023965680"\
09-03 14:19:25.681  1162  3628 W SQLiteLog: (28) double-quoted string literal: "1"\
09-03 14:19:25.740  6463  6463 D CompatibilityChangeReporter: Compat change id reported: 171979766; UID 10097; state: ENABLED\
09-03 14:19:25.754   755   908 W Role    : Cannot get ApplicationInfo for default holder: com.google.android.as\
09-03 14:19:25.767   755   908 W Role    : Cannot get ApplicationInfo for default holder: com.google.android.as\
09-03 14:19:25.786  6463  6463 D nativeloader: classloader namespace configured for unbundled product apk. library_path=/product/priv-app/PrebuiltBugle/lib/x86_64:/product/priv-app/PrebuiltBugle/PrebuiltBugle.apk!/lib/x86_64:/product/lib64:/system/product/lib64\
09-03 14:19:25.805  6463  6463 V GraphicsEnvironment: ANGLE Developer option for 'com.google.android.apps.messaging' set to: 'default'\
09-03 14:19:25.806  6463  6463 V GraphicsEnvironment: Neither updatable production driver nor prerelease driver is supported.\
09-03 14:19:25.810  6463  6463 D NetworkSecurityConfig: No Network Security Config specified, using platform default\
09-03 14:19:25.811  6463  6463 D NetworkSecurityConfig: No Network Security Config specified, using platform default\
09-03 14:19:25.820  6463  6463 I MultiDex: VM with version 2.1.0 has multidex support\
09-03 14:19:25.820  6463  6463 I MultiDex: install\
09-03 14:19:25.820  6463  6463 I MultiDex: VM has multidex support, MultiDex support library is disabled.\
09-03 14:19:25.857  2118  2129 I .gms.persisten: Background young concurrent copying GC freed 71324(3647KB) AllocSpace objects, 0(0B) LOS objects, 21% free, 13MB/17MB, paused 3.081ms,25us total 353.512ms\
09-03 14:19:25.951  6463  6463 I avfy    : SslGuard completed installation.\
09-03 14:19:25.960  6463  6463 I CarrierServices: [2] akbw.l: Reinitialize CSLib Flags: com.google.android.ims.library\
09-03 14:19:25.990  6463  6463 I Bugle   : BugleApplicationBase: Bugle version: 8.4.041 (upas_rc12_alldpi.x86_64.phone)\
09-03 14:19:26.004  6463  6484 I CarrierServices: [43] ProvisioningEventReceiver.d: Received Provisioning Event: [Availability updated (12)]\
09-03 14:19:26.004  6463  6484 I CarrierServices: [43] ProvisioningEventReceiver.d: JibeService is not running\
09-03 14:19:26.004  6463  6484 W CarrierServices: [43] ProvisioningEventReceiver.d: Event is not a valid user action. Discarding it.\
09-03 14:19:26.014  2325  2325 I BugleRcsProvisioning: RcsProvisioningEventReceiver: Received ProvisioningEvent: Update provisioning status\
09-03 14:19:26.039  2325  2325 I BugleRcsProvisioning: RcsProvisioningEventReceiver: Received ProvisioningEvent: Update provisioning status\
09-03 14:19:26.056  4707  4707 E Finsky  : [2] CheckinReceiver.b(2): Receiver disabled.\
09-03 14:19:26.139   520   781 D CompatibilityChangeReporter: Compat change id reported: 135634846; UID 10124; state: DISABLED\
09-03 14:19:26.139   520   781 D CompatibilityChangeReporter: Compat change id reported: 177438394; UID 10124; state: DISABLED\
09-03 14:19:26.139   520   781 D CompatibilityChangeReporter: Compat change id reported: 135772972; UID 10124; state: DISABLED\
09-03 14:19:26.139   520   781 D CompatibilityChangeReporter: Compat change id reported: 135754954; UID 10124; state: ENABLED\
09-03 14:19:26.141   520   562 D CompatibilityChangeReporter: Compat change id reported: 143937733; UID 10124; state: ENABLED\
09-03 14:19:26.154   321   321 D Zygote  : Forked child process 6491\
09-03 14:19:26.162   520   562 I ActivityManager: Start proc 6491:com.google.android.calendar/u0a124 for broadcast \{com.google.android.calendar/com.google.android.apps.calendar.config.phenotypesupport.broadcast.PhenotypeBroadcastReceiver\}\
09-03 14:19:26.172  6491  6491 W ndroid.calenda: Unexpected CPU variant for X86 using defaults: x86_64\
09-03 14:19:26.178  6491  6491 E ndroid.calenda: Not starting debugger since process cannot load the jdwp agent.\
09-03 14:19:26.203  1162  5542 I Checkin : [AndroidCheckinProtoModule] Checkin reason type: 1 attempt count: 1.\
09-03 14:19:26.210   520  2571 D CompatibilityChangeReporter: Compat change id reported: 168419799; UID 10124; state: DISABLED\
09-03 14:19:26.222  6491  6491 D CompatibilityChangeReporter: Compat change id reported: 171979766; UID 10124; state: DISABLED\
09-03 14:19:26.250  6491  6491 D nativeloader: classloader namespace configured for unbundled product apk. library_path=/product/app/CalendarGooglePrebuilt/lib/x86_64:/product/lib64:/system/product/lib64\
09-03 14:19:26.260  6491  6491 V GraphicsEnvironment: ANGLE Developer option for 'com.google.android.calendar' set to: 'default'\
09-03 14:19:26.260  6491  6491 V GraphicsEnvironment: Neither updatable production driver nor prerelease driver is supported.\
09-03 14:19:26.263  6491  6491 D NetworkSecurityConfig: No Network Security Config specified, using platform default\
09-03 14:19:26.263  6491  6491 D NetworkSecurityConfig: No Network Security Config specified, using platform default\
09-03 14:19:26.282  2118  5552 W ConfiguratorPhenotypeUt: Package com.google.android.as name not found! Using module version. [CONTEXT service_id=204 ]\
09-03 14:19:26.301  2118  5552 W ConfiguratorPhenotypeUt: Package com.android.refreshratecontrol name not found! Using module version. [CONTEXT service_id=204 ]\
09-03 14:19:26.388  2839  2850 D EGL_emulation: eglCreateContext: 0x7084c5b3ac90: maj 3 min 0 rcv 3\
09-03 14:19:26.393  1162  5038 I Icing   : Indexing com.google.android.gms-apps from com.google.android.gms\
09-03 14:19:26.403  6491  6511 W ndroid.calenda: Accessing hidden field Ljava/util/Collections$SynchronizedCollection;->mutex:Ljava/lang/Object; (max-target-o, reflection, denied)\
09-03 14:19:26.404  6491  6511 W ndroid.calenda: Accessing hidden method Ljava/util/Collections$SynchronizedSet;-><init>(Ljava/util/Set;Ljava/lang/Object;)V (max-target-o, reflection, denied)\
09-03 14:19:26.404  6491  6511 W ndroid.calenda: Accessing hidden method Ljava/util/Collections$SynchronizedCollection;-><init>(Ljava/util/Collection;Ljava/lang/Object;)V (max-target-o, reflection, denied)\
09-03 14:19:26.426  2118  5552 W ConfiguratorPhenotypeUt: Package com.google.android.as name not found! Using module version. [CONTEXT service_id=204 ]\
09-03 14:19:26.517   520   781 D CompatibilityChangeReporter: Compat change id reported: 143231523; UID 10124; state: DISABLED\
09-03 14:19:26.535  6047  6383 D SlicesDatabaseHelper: Created databases\
09-03 14:19:26.540  1162  5038 I Icing   : Indexing done com.google.android.gms-apps\
09-03 14:19:26.550  1162  5038 I Icing   : Indexing com.google.android.gms-internal.3p:MobileApplication from com.google.android.gms\
09-03 14:19:26.569  6047  6383 D SlicesDatabaseHelper: Created databases\
09-03 14:19:26.597  1162  5038 I Icing   : Indexing done com.google.android.gms-internal.3p:MobileApplication\
09-03 14:19:26.602  2118  5552 W ConfiguratorPhenotypeUt: Package com.google.oslo name not found! Using module version. [CONTEXT service_id=204 ]\
09-03 14:19:26.609  6047  6383 W libc    : Access denied finding property "ro.vendor.aware_available"\
09-03 14:19:26.663  6491  6530 I c.zhd   : Obtained writable database SQLiteDatabase/189930048 instance with path /data/user/0/com.google.android.calendar/databases/cal_v2a\
09-03 14:19:26.664  6491  6529 I c.zfk   : The schema version is 17, the database version is 17, and there are 0 migrations\
09-03 14:19:26.667  6047  6383 D RTTSettingsCtr: init controller\
09-03 14:19:26.698   520  3149 I WifiService: startScan uid=10092\
09-03 14:19:26.714  1162  5038 I Icing   : Indexing com.google.android.gms-apps from com.google.android.gms\
09-03 14:19:26.716  1162  5038 I Icing   : Indexing done com.google.android.gms-apps\
09-03 14:19:26.751  6047  6383 E SystemServiceRegistry: No service published for: ethernet\
09-03 14:19:26.751  6047  6383 E SystemServiceRegistry: android.os.ServiceManager$ServiceNotFoundException: No service published for: ethernet\
09-03 14:19:26.751  6047  6383 E SystemServiceRegistry: 	at android.os.ServiceManager.getServiceOrThrow(ServiceManager.java:153)\
09-03 14:19:26.751  6047  6383 E SystemServiceRegistry: 	at android.app.SystemServiceRegistry$62.createService(SystemServiceRegistry.java:793)\
09-03 14:19:26.751  6047  6383 E SystemServiceRegistry: 	at android.app.SystemServiceRegistry$62.createService(SystemServiceRegistry.java:790)\
09-03 14:19:26.751  6047  6383 E SystemServiceRegistry: 	at android.app.SystemServiceRegistry$CachedServiceFetcher.getService(SystemServiceRegistry.java:1848)\
09-03 14:19:26.751  6047  6383 E SystemServiceRegistry: 	at android.app.SystemServiceRegistry.getSystemService(SystemServiceRegistry.java:1525)\
09-03 14:19:26.751  6047  6383 E SystemServiceRegistry: 	at android.app.ContextImpl.getSystemService(ContextImpl.java:2064)\
09-03 14:19:26.751  6047  6383 E SystemServiceRegistry: 	at android.content.ContextWrapper.getSystemService(ContextWrapper.java:857)\
