{\rtf1\ansi\ansicpg1252\cocoartf2638
\cocoatextscaling0\cocoaplatform0{\fonttbl\f0\fnil\fcharset0 Menlo-Regular;}
{\colortbl;\red255\green255\blue255;\red0\green0\blue0;}
{\*\expandedcolortbl;;\csgray\c0;}
\paperw11900\paperh16840\margl1440\margr1440\vieww11520\viewh8400\viewkind0
\pard\tx560\tx1120\tx1680\tx2240\tx2800\tx3360\tx3920\tx4480\tx5040\tx5600\tx6160\tx6720\pardirnatural\partightenfactor0

\f0\fs22 \cf2 \CocoaLigature0 09-03 14:19:20.725  2118  2152 W FontLog : 	at com.google.android.chimera.ContentProvider.query(:com.google.android.gms@212423056@21.24.23 (190800-396046673):2)\
09-03 14:19:20.725  2118  2152 W FontLog : 	at row.query(:com.google.android.gms@212423056@21.24.23 (190800-396046673):8)\
09-03 14:19:20.725  2118  2152 W FontLog : 	at android.content.ContentProvider.query(ContentProvider.java:1504)\
09-03 14:19:20.725  2118  2152 W FontLog : 	at ebg.superQuery(:com.google.android.gms@212423056@21.24.23 (190800-396046673):1)\
09-03 14:19:20.725  2118  2152 W FontLog : 	at com.google.android.chimera.ContentProvider.query(:com.google.android.gms@212423056@21.24.23 (190800-396046673):1)\
09-03 14:19:20.725  2118  2152 W FontLog : 	at ebg.query(:com.google.android.gms@212423056@21.24.23 (190800-396046673):2)\
09-03 14:19:20.725  2118  2152 W FontLog : 	at android.content.ContentProvider$Transport.query(ContentProvider.java:272)\
09-03 14:19:20.725  2118  2152 W FontLog : 	at android.content.ContentProviderNative.onTransact(ContentProviderNative.java:107)\
09-03 14:19:20.725  2118  2152 W FontLog : 	at android.os.Binder.execTransactInternal(Binder.java:1179)\
09-03 14:19:20.725  2118  2152 W FontLog : 	at android.os.Binder.execTransact(Binder.java:1143)\
09-03 14:19:20.733   520   781 W ActivityManager: Slow operation: 68ms so far, now at attachApplicationLocked: after mServices.attachApplicationLocked\
09-03 14:19:20.751  6253  6253 D CompatibilityChangeReporter: Compat change id reported: 171979766; UID 10100; state: ENABLED\
09-03 14:19:20.782  6047  6076 D PrefCtrlListHelper: Could not find Context-only controller for pref: com.android.settings.inputmethod.UserDictionaryListPreferenceController\
09-03 14:19:20.783  6047  6076 D PrefCtrlListHelper: Could not find Context-only controller for pref: com.android.settings.applications.managedomainurls.WebActionCategoryController\
09-03 14:19:20.788  6047  6076 D PrefCtrlListHelper: Could not find Context-only controller for pref: com.android.settings.applications.managedomainurls.InstantAppWebActionPreferenceController\
09-03 14:19:20.789  6047  6076 D PrefCtrlListHelper: Could not find Context-only controller for pref: com.android.settings.applications.managedomainurls.InstantAppAccountPreferenceController\
09-03 14:19:20.790  6047  6076 D PrefCtrlListHelper: Could not find Context-only controller for pref: com.android.settings.applications.managedomainurls.DomainAppPreferenceController\
09-03 14:19:20.799  1162  5546 E WorkSourceUtil: Could not find package: com.google.android.gms.westworld\
09-03 14:19:20.800  6047  6076 D PrefCtrlListHelper: Could not find Context-only controller for pref: com.android.settings.deviceinfo.storage.StorageSelectionPreferenceController\
09-03 14:19:20.805  6047  6076 D PrefCtrlListHelper: Could not find Context-only controller for pref: com.android.settings.deviceinfo.storage.StorageUsageProgressBarPreferenceController\
09-03 14:19:20.807  6047  6076 D PrefCtrlListHelper: Could not find Context-only controller for pref: com.android.settings.deviceinfo.storage.AutomaticStorageManagementSwitchPreferenceController\
09-03 14:19:20.807  6047  6076 W SettingsPrefController: Skipping updateNonIndexableKeys, key already in list. com.android.settings.deviceinfo.storage.StorageSelectionPreferenceController@175ed67\
09-03 14:19:20.807  6047  6076 W SettingsPrefController: Skipping updateNonIndexableKeys, key already in list. com.android.settings.deviceinfo.storage.StorageUsageProgressBarPreferenceController@235a714\
09-03 14:19:20.813  6047  6076 D PrefCtrlListHelper: Could not find Context-only controller for pref: com.android.settings.accessibility.SelectLongPressTimeoutPreferenceController\
09-03 14:19:20.817  6047  6076 D PrefCtrlListHelper: Could not find Context-only controller for pref: com.android.settings.accessibility.AccessibilityTimeoutPreferenceController\
09-03 14:19:20.817  6047  6076 D PrefCtrlListHelper: Could not find Context-only controller for pref: com.android.settings.accessibility.AutoclickPreferenceController\
09-03 14:19:20.850  6047  6076 D PrefCtrlListHelper: Could not find Context-only controller for pref: com.android.settings.display.darkmode.DarkModeActivationPreferenceController\
09-03 14:19:20.879  6047  6076 D PrefCtrlListHelper: Could not find Context-only controller for pref: com.android.settings.display.TwilightLocationPreferenceController\
09-03 14:19:20.879  6047  6076 D PrefCtrlListHelper: Could not find Context-only controller for pref: com.android.settings.display.darkmode.DarkModeScheduleSelectorController\
09-03 14:19:20.894  6047  6076 W BaseSearchIndex: Error initial controller\
09-03 14:19:20.903  6047  6076 D PrefCtrlListHelper: Could not find Context-only controller for pref: com.android.settings.network.AirplaneModePreferenceController\
09-03 14:19:20.917  6047  6076 D PrefCtrlListHelper: Could not find Context-only controller for pref: com.android.settings.network.AllInOneTetherPreferenceController\
09-03 14:19:20.923  6047  6076 D PrefCtrlListHelper: Could not find Context-only controller for pref: com.android.settings.network.AdaptiveConnectivityPreferenceController\
09-03 14:19:20.926  2118  5769 W FontLog : Connection failure for https://fonts.gstatic.com/s/a/directory020.pb [CONTEXT service_id=132 ]\
09-03 14:19:20.927  2118  6142 I NetworkScheduler.Stats: Task com.google.android.gms/com.google.android.gms.chimera.container.ConfigService finished executing. cause:5 result: 2 elapsed_millis: 10754 uptime_millis: 10754 exec_start_elapsed_seconds: 299 [CONTEXT service_id=218 ]\
09-03 14:19:20.964  6253  6253 D nativeloader: classloader namespace configured for unbundled product apk. library_path=/product/priv-app/PrebuiltGmsCore/lib/x86_64:/product/priv-app/PrebuiltGmsCore/PrebuiltGmsCore.apk!/lib/x86_64:/product/lib64:/system/product/lib64\
09-03 14:19:20.981  6047  6076 D PrefCtrlListHelper: Could not find Context-only controller for pref: com.android.settings.applications.specialaccess.interactacrossprofiles.InteractAcrossProfilesController\
09-03 14:19:20.981  6047  6076 D PrefCtrlListHelper: Could not find Context-only controller for pref: com.android.settings.enterprise.ManageDeviceAdminPreferenceController\
09-03 14:19:20.982  6047  6076 D PrefCtrlListHelper: Could not find Context-only controller for pref: com.android.settings.applications.specialaccess.SystemAlertWindowPreferenceController\
09-03 14:19:20.982  6047  6076 D PrefCtrlListHelper: Could not find Context-only controller for pref: com.android.settings.applications.specialaccess.zenaccess.ZenAccessController\
09-03 14:19:20.982  6047  6076 D PrefCtrlListHelper: Could not find Context-only controller for pref: com.android.settings.applications.specialaccess.notificationaccess.NotificationAccessController\
09-03 14:19:20.982  6047  6076 D PrefCtrlListHelper: Could not find Context-only controller for pref: com.android.settings.applications.specialaccess.pictureinpicture.PictureInPictureController\
09-03 14:19:20.982  6047  6076 D PrefCtrlListHelper: Could not find Context-only controller for pref: com.android.settings.applications.specialaccess.premiumsms.PremiumSmsController\
09-03 14:19:20.982  6047  6076 D PrefCtrlListHelper: Could not find Context-only controller for pref: com.android.settings.applications.specialaccess.DataSaverController\
09-03 14:19:20.982  6047  6076 D PrefCtrlListHelper: Could not find Context-only controller for pref: com.android.settings.applications.specialaccess.vrlistener.EnabledVrListenersController\
09-03 14:19:20.983  6047  6076 D PrefCtrlListHelper: Could not find Context-only controller for pref: com.android.settings.applications.specialaccess.MoreSpecialAccessPreferenceController\
09-03 14:19:20.997  6047  6076 D PrefCtrlListHelper: Could not find Context-only controller for pref: com.android.settings.gestures.TapScreenGesturePreferenceController\
09-03 14:19:21.002  6047  6076 V SettingsSearchProvider: com.google.android.settings.security.SecurityHubDashboard$1@51a390a tried to add an empty non-indexable key\
09-03 14:19:21.008  6047  6076 V SettingsSearchProvider: com.android.settings.enterprise.EnterprisePrivacySettings$1@e417f98 tried to add an empty non-indexable key\
09-03 14:19:21.014  6047  6076 V SettingsSearchProvider: com.android.settings.development.transcode.TranscodeSettingsFragment$1@23efe57 tried to add an empty non-indexable key\
09-03 14:19:21.015  6047  6076 D PrefCtrlListHelper: Could not find Context-only controller for pref: com.android.settings.gestures.LongPressPowerButtonPreferenceController\
09-03 14:19:21.026  2118  3015 D BluetoothAdapter: isLeEnabled(): ON\
09-03 14:19:21.029  6047  6076 V SettingsSearchProvider: com.android.settings.development.WirelessDebuggingFragment$2@4cb28f3 tried to add an empty non-indexable key\
09-03 14:19:21.030  6253  6253 V GraphicsEnvironment: ANGLE Developer option for 'com.google.android.gms' set to: 'default'\
09-03 14:19:21.030  6253  6253 V GraphicsEnvironment: Neither updatable production driver nor prerelease driver is supported.\
09-03 14:19:21.040  6253  6253 D NetworkSecurityConfig: Using Network Security Config from resource network_security_config debugBuild: false\
09-03 14:19:21.055  6253  6253 D NetworkSecurityConfig: Using Network Security Config from resource network_security_config debugBuild: false\
09-03 14:19:21.088  6047  6076 V SettingsSearchProvider: com.android.settings.backup.PrivacySettings$1@1981029 tried to add an empty non-indexable key\
09-03 14:19:21.090   729  1077 I bt_stack: [INFO:gatt_api.cc(1042)] GATT_Deregister gatt_if=6\
09-03 14:19:21.092  2118  3015 I Nearby  : M hardware scan: 5 filters, scanMode= -1, callback type= 1, workSource = WorkSource\{10100 com.google.android.gms\} [CONTEXT service_id=49 ]\
09-03 14:19:21.092  2118  3015 D BluetoothAdapter: isLeEnabled(): ON\
09-03 14:19:21.089  6047  6076 V SettingsSearchProvider: com.google.android.settings.gamemode.GameModeSettings$1@e5614f tried to add an empty non-indexable key\
09-03 14:19:21.094  6047  6076 D PrefCtrlListHelper: Could not find Context-only controller for pref: com.android.settings.accessibility.AccessibilityButtonPreviewPreferenceController\
09-03 14:19:21.095  6047  6076 D PrefCtrlListHelper: Could not find Context-only controller for pref: com.android.settings.accessibility.AccessibilityButtonLocationPreferenceController\
09-03 14:19:21.095  6047  6076 D PrefCtrlListHelper: Could not find Context-only controller for pref: com.android.settings.accessibility.FloatingMenuSizePreferenceController\
09-03 14:19:21.095  6047  6076 D PrefCtrlListHelper: Could not find Context-only controller for pref: com.android.settings.accessibility.FloatingMenuFadePreferenceController\
09-03 14:19:21.095  6047  6076 D PrefCtrlListHelper: Could not find Context-only controller for pref: com.android.settings.accessibility.FloatingMenuTransparencyPreferenceController\
09-03 14:19:21.096  6047  6076 D PrefCtrlListHelper: Could not find Context-only controller for pref: com.android.settings.accessibility.AccessibilityButtonFooterPreferenceController\
09-03 14:19:21.116   729  1077 I bluetooth: system/bt/stack/gatt/gatt_api.cc:1019 GATT_Register: Allocated name:GattClient uuid:ba33339c-b750-3b0e-1dba-5b4fdcd7c41d gatt_if:6 eatt_support:0\
09-03 14:19:21.116  2118  3241 D BluetoothLeScanner: onScannerRegistered() - status=0 scannerId=6 mScannerId=0\
09-03 14:19:21.118  6047  6076 D PrefCtrlListHelper: Could not find Context-only controller for pref: com.android.settings.network.NetworkProviderSimsCategoryController\
09-03 14:19:21.118  6047  6076 D PrefCtrlListHelper: Could not find Context-only controller for pref: com.android.settings.network.NetworkProviderDownloadedSimsCategoryController\
09-03 14:19:21.119  6047  6076 D PrefCtrlListHelper: Could not find Context-only controller for pref: com.android.settings.gestures.DoubleTapPowerPreferenceController\
09-03 14:19:21.125  6047  6076 D PrefCtrlListHelper: Could not find Context-only controller for pref: com.android.settings.network.AdaptiveConnectivityTogglePreferenceController\
09-03 14:19:21.125  6047  6076 V SettingsSearchProvider: com.android.settings.search.BaseSearchIndexProvider@f5ffec8 tried to add an empty non-indexable key\
09-03 14:19:21.152  1434  1442 I ocess.gservice: Background young concurrent copying GC freed 22777(760KB) AllocSpace objects, 0(0B) LOS objects, 16% free, 4122KB/4959KB, paused 67us,19us total 448.534ms\
09-03 14:19:21.163  2118  5769 W FontLog : No resolver, short-circuit \{Noto Color Emoji Compat, wdth 100.0, wght 400, ital 0.0, bestEffort false\} for com.google.android.gm to failure [CONTEXT service_id=132 ]\
09-03 14:19:21.172  6047  6076 D PrefCtrlListHelper: Could not find Context-only controller for pref: com.google.android.settings.fuelgauge.AdaptiveChargingPreferenceController\
09-03 14:19:21.173  6047  6076 D PrefCtrlListHelper: Could not find Context-only controller for pref: com.android.settings.gestures.PickupGesturePreferenceController\
09-03 14:19:21.174  6047  6076 D PrefCtrlListHelper: Could not find Context-only controller for pref: com.android.settings.inputmethod.InputMethodPreferenceController\
09-03 14:19:21.174  6047  6076 D PrefCtrlListHelper: Could not find Context-only controller for pref: com.android.settings.datausage.UnrestrictedDataAccessPreferenceController\
09-03 14:19:21.175  6047  6076 W SettingsPrefController: Skipping updateNonIndexableKeys, key already in list. com.android.settings.datausage.UnrestrictedDataAccessPreferenceController@215dee0\
09-03 14:19:21.179  6047  6076 D PrefCtrlListHelper: Could not find Context-only controller for pref: com.android.settings.applications.specialaccess.notificationaccess.NotificationAccessScreenPreferenceController\
09-03 14:19:21.181  6047  6076 D PrefCtrlListHelper: Could not find Context-only controller for pref: com.android.settings.deviceinfo.legal.CopyrightPreferenceController\
09-03 14:19:21.182  6047  6076 D PrefCtrlListHelper: Could not find Context-only controller for pref: com.android.settings.deviceinfo.legal.LicensePreferenceController\
09-03 14:19:21.182  6047  6076 D PrefCtrlListHelper: Could not find Context-only controller for pref: com.android.settings.deviceinfo.legal.TermsPreferenceController\
09-03 14:19:21.182  6047  6076 D PrefCtrlListHelper: Could not find Context-only controller for pref: com.android.settings.deviceinfo.legal.ModuleLicensesListPreferenceController\
09-03 14:19:21.183  6047  6076 D PrefCtrlListHelper: Could not find Context-only controller for pref: com.android.settings.deviceinfo.legal.WebViewLicensePreferenceController\
09-03 14:19:21.183  6047  6076 D PrefCtrlListHelper: Could not find Context-only controller for pref: com.android.settings.deviceinfo.legal.WallpaperAttributionsPreferenceController\
09-03 14:19:21.211   520   520 W Looper  : Slow dispatch took 226ms main h=android.app.ActivityThread$H c=android.app.LoadedApk$ReceiverDispatcher$Args$$ExternalSyntheticLambda0@976d89a m=0\
09-03 14:19:21.211   520   520 W Looper  : Slow delivery took 206ms main h=com.android.server.job.controllers.QuotaController$QcHandler c=null m=5\
09-03 14:19:21.211   520   520 W Looper  : Drained\
09-03 14:19:21.306  6047  6076 D PrefCtrlListHelper: Could not find Context-only controller for pref: com.android.settings.users.MultiUserTopIntroPreferenceController\
09-03 14:19:21.316  6047  6076 D PrefCtrlListHelper: Could not find Context-only controller for pref: com.android.settings.security.trustagent.TrustAgentsPreferenceController\
09-03 14:19:21.319  6047  6076 D PrefCtrlListHelper: Could not find Context-only controller for pref: com.android.settings.network.telephony.CallsDefaultSubscriptionController\
09-03 14:19:21.319  6047  6076 D PrefCtrlListHelper: Could not find Context-only controller for pref: com.android.settings.network.telephony.SmsDefaultSubscriptionController\
09-03 14:19:21.320  6047  6076 D PrefCtrlListHelper: Could not find Context-only controller for pref: com.android.settings.network.telephony.NetworkProviderWifiCallingPreferenceController\
09-03 14:19:21.320  6047  6076 D PrefCtrlListHelper: Could not find Context-only controller for pref: com.android.settings.network.telephony.NetworkProviderBackupCallingPreferenceController\
09-03 14:19:21.320  6047  6076 D PrefCtrlListHelper: Could not find Context-only controller for pref: com.google.android.settings.network.ConnectivityHelperCallQualityPreferenceController\
09-03 14:19:21.321  6047  6076 D ch_callQuality: isDeviceSupport: falsemIsChecked: true\
09-03 14:19:21.321  6047  6076 D PrefCtrlListHelper: Could not find Context-only controller for pref: com.google.android.settings.network.ConnectivityHelperDeviceToDevicePreferenceController\
09-03 14:19:21.321  6047  6076 D ch_d2d  : isDeviceSupport: falsemIsChecked: false\
09-03 14:19:21.349  6047  6076 W libc    : Access denied finding property "ro.vendor.aware_available"\
09-03 14:19:21.349  6047  6076 V SettingsSearchProvider: com.google.android.settings.aware.WakeScreenGestureSettings$1@6e4fd36 tried to add an empty non-indexable key\
09-03 14:19:21.350  6047  6076 D PrefCtrlListHelper: Could not find Context-only controller for pref: com.google.android.settings.games.GameSettingsController\
09-03 14:19:21.350  6047  6076 D PrefCtrlListHelper: Could not find Context-only controller for pref: com.google.android.settings.games.GameDashboardAlwaysOnController\
09-03 14:19:21.350  6047  6076 D PrefCtrlListHelper: Could not find Context-only controller for pref: com.google.android.settings.games.GameDashboardDNDController\
09-03 14:19:21.371  6047  6076 D PrefCtrlListHelper: Could not find Context-only controller for pref: com.android.settings.applications.autofill.PasswordsPreferenceController\
09-03 14:19:21.382  6253  6253 I DynamiteModule: Considering local module com.google.android.gms.permissions:1 and remote module com.google.android.gms.permissions:1\
09-03 14:19:21.382  6253  6253 I DynamiteModule: Selected local version of com.google.android.gms.permissions\
09-03 14:19:21.393  6047  6076 D PrefCtrlListHelper: Could not find Context-only controller for pref: com.android.settings.security.CredentialManagementAppHeaderController\
09-03 14:19:21.394  6047  6076 D PrefCtrlListHelper: Could not find Context-only controller for pref: com.android.settings.security.CredentialManagementAppButtonsController\
09-03 14:19:21.394  6047  6076 D PrefCtrlListHelper: Could not find Context-only controller for pref: com.android.settings.security.CredentialManagementAppPolicyController\
09-03 14:19:21.399  6047  6076 V SettingsSearchProvider: com.android.settings.notification.SoundWorkSettings$1@54ec010 tried to add an empty non-indexable key\
09-03 14:19:21.406  6047  6076 V SettingsSearchProvider: com.android.settings.emergency.EmergencyGestureSettings$1@ad27d0e tried to add an empty non-indexable key\
09-03 14:19:21.414  6047  6076 V SettingsSearchProvider: com.android.settings.display.ColorModePreferenceFragment$2@182dac5 tried to add an empty non-indexable key\
09-03 14:19:21.414  6047  6076 D PrefCtrlListHelper: Could not find Context-only controller for pref: com.android.settings.language.LanguageAndInputPreferenceController\
09-03 14:19:21.414  6047  6076 D PrefCtrlListHelper: Could not find Context-only controller for pref: com.android.settings.datetime.DateTimePreferenceController\
09-03 14:19:21.415  6047  6076 D PrefCtrlListHelper: Could not find Context-only controller for pref: com.google.android.settings.aware.AwareSettingsPreferenceController\
09-03 14:19:21.417  6047  6076 D PrefCtrlListHelper: Could not find Context-only controller for pref: com.android.settings.system.ResetPreferenceController\
09-03 14:19:21.417  6047  6076 D AssistGesture: mAssistOnly:false, isSupported:false, isSensorAvailable:false\
09-03 14:19:21.417  6047  6076 D AssistGesture: mAssistOnly:false, isSupported:false, isSensorAvailable:false\
09-03 14:19:21.420  6253  6253 W ProviderHelper: Unknown dynamite feature providerinstaller.dynamite\
09-03 14:19:21.420  6253  6253 I DynamiteModule: Considering local module com.google.android.gms.providerinstaller.dynamite:1 and remote module com.google.android.gms.providerinstaller.dynamite:0\
09-03 14:19:21.420  6253  6253 I DynamiteModule: Selected local version of com.google.android.gms.providerinstaller.dynamite\
09-03 14:19:21.422  6047  6076 D AssistGesture: mAssistOnly:false, isSupported:false, isSensorAvailable:false\
09-03 14:19:21.424  6047  6076 W libc    : Access denied finding property "ro.vendor.aware_available"\
09-03 14:19:21.424  6047  6076 W SettingsPrefController: Skipping updateNonIndexableKeys, key already in list. com.google.android.settings.aware.AwareSettingsPreferenceController@4cc534b\
09-03 14:19:21.429  6047  6076 D PrefCtrlListHelper: Could not find Context-only controller for pref: com.android.settings.accessibility.PrimaryMonoPreferenceController\
09-03 14:19:21.435  6047  6076 D PrefCtrlListHelper: Could not find Context-only controller for pref: com.android.settings.network.telephony.MobileNetworkSwitchController\
09-03 14:19:21.435  6047  6076 D PrefCtrlListHelper: Could not find Context-only controller for pref: com.android.settings.network.telephony.DisabledSubscriptionController\
09-03 14:19:21.435  6047  6076 D PrefCtrlListHelper: Could not find Context-only controller for pref: com.android.settings.network.telephony.CallsDefaultSubscriptionController\
09-03 14:19:21.435  6047  6076 D PrefCtrlListHelper: Could not find Context-only controller for pref: com.android.settings.network.telephony.SmsDefaultSubscriptionController\
09-03 14:19:21.435  6047  6076 D PrefCtrlListHelper: Could not find Context-only controller for pref: com.android.settings.network.telephony.DataServiceSetupPreferenceController\
09-03 14:19:21.441  6047  6076 D PrefCtrlListHelper: Could not find Context-only controller for pref: com.android.settings.network.telephony.MobileDataPreferenceController\
09-03 14:19:21.442  6047  6076 D PrefCtrlListHelper: Could not find Context-only controller for pref: com.android.settings.network.telephony.RoamingPreferenceController\
09-03 14:19:21.443  6047  6076 D PrefCtrlListHelper: Could not find Context-only controller for pref: com.android.settings.network.telephony.DataUsagePreferenceController\
09-03 14:19:21.443  6047  6076 D PrefCtrlListHelper: Could not find Context-only controller for pref: com.android.settings.datausage.BillingCyclePreferenceController\
09-03 14:19:21.443  6047  6076 D PrefCtrlListHelper: Could not find Context-only controller for pref: com.android.settings.network.CarrierWifiTogglePreferenceController\
09-03 14:19:21.444  6047  6076 D PrefCtrlListHelper: Could not find Context-only controller for pref: com.android.settings.network.telephony.MmsMessagePreferenceController\
09-03 14:19:21.444  6047  6076 D PrefCtrlListHelper: Could not find Context-only controller for pref: com.android.settings.network.telephony.DataDuringCallsPreferenceController\
09-03 14:19:21.446  6253  6253 V NativeCrypto: Registering com/google/android/gms/org/conscrypt/NativeCrypto's 294 native methods...\
09-03 14:19:21.452  6047  6076 D PrefCtrlListHelper: Could not find Context-only controller for pref: com.android.settings.network.telephony.Enhanced4gLtePreferenceController\
09-03 14:19:21.452  6047  6076 D PrefCtrlListHelper: Could not find Context-only controller for pref: com.android.settings.network.telephony.Enhanced4gCallingPreferenceController\
09-03 14:19:21.452  6047  6076 D PrefCtrlListHelper: Could not find Context-only controller for pref: com.android.settings.network.telephony.Enhanced4gAdvancedCallingPreferenceController\
09-03 14:19:21.452  6047  6076 D PrefCtrlListHelper: Could not find Context-only controller for pref: com.android.settings.network.telephony.ContactDiscoveryPreferenceController\
09-03 14:19:21.453  6047  6076 D PrefCtrlListHelper: Could not find Context-only controller for pref: com.android.settings.network.telephony.PreferredNetworkModePreferenceController\
09-03 14:19:21.453  6047  6076 D PrefCtrlListHelper: Could not find Context-only controller for pref: com.android.settings.network.telephony.EnabledNetworkModePreferenceController\
09-03 14:19:21.453  6047  6076 D PrefCtrlListHelper: Could not find Context-only controller for pref: com.android.settings.network.telephony.CarrierSettingsVersionPreferenceController\
09-03 14:19:21.453  6047  6076 D PrefCtrlListHelper: Could not find Context-only controller for pref: com.android.settings.network.telephony.CallingPreferenceCategoryController\
09-03 14:19:21.453  6047  6076 D PrefCtrlListHelper: Could not find Context-only controller for pref: com.android.settings.network.telephony.WifiCallingPreferenceController\
09-03 14:19:21.454  6047  6076 D PrefCtrlListHelper: Could not find Context-only controller for pref: com.android.settings.network.telephony.VideoCallingPreferenceController\
09-03 14:19:21.454  6047  6076 D PrefCtrlListHelper: Could not find Context-only controller for pref: com.android.settings.network.telephony.BackupCallingPreferenceController\
09-03 14:19:21.454  6047  6076 D PrefCtrlListHelper: Could not find Context-only controller for pref: com.android.settings.network.telephony.cdma.CdmaSystemSelectPreferenceController\
09-03 14:19:21.454  6047  6076 D PrefCtrlListHelper: Could not find Context-only controller for pref: com.android.settings.network.telephony.cdma.CdmaSubscriptionPreferenceController\
09-03 14:19:21.454  6047  6076 D PrefCtrlListHelper: Could not find Context-only controller for pref: com.android.settings.network.telephony.NetworkPreferenceCategoryController\
09-03 14:19:21.454  6047  6076 D PrefCtrlListHelper: Could not find Context-only controller for pref: com.android.settings.network.telephony.gsm.AutoSelectPreferenceController\
09-03 14:19:21.454  6047  6076 D PrefCtrlListHelper: Could not find Context-only controller for pref: com.android.settings.network.telephony.gsm.OpenNetworkSelectPagePreferenceController\
09-03 14:19:21.455  6047  6076 D PrefCtrlListHelper: Could not find Context-only controller for pref: com.android.settings.network.telephony.ApnPreferenceController\
09-03 14:19:21.455  6047  6076 D PrefCtrlListHelper: Could not find Context-only controller for pref: com.android.settings.network.telephony.CarrierPreferenceController\
09-03 14:19:21.455  6047  6076 D PrefCtrlListHelper: Could not find Context-only controller for pref: com.android.settings.network.telephony.Enable2gPreferenceController\
09-03 14:19:21.455  6047  6076 D PrefCtrlListHelper: Could not find Context-only controller for pref: com.android.settings.network.telephony.DeleteSimProfilePreferenceController\
09-03 14:19:21.455  6047  6076 D PrefCtrlListHelper: Could not find Context-only controller for pref: com.android.settings.network.telephony.DisableSimFooterPreferenceController\
09-03 14:19:21.464  6047  6076 D PrefCtrlListHelper: Could not find Context-only controller for pref: com.android.settings.network.telephony.NrDisabledInDsdsFooterPreferenceController\
09-03 14:19:21.486  6253  6253 I ProviderInstaller: Installed default security provider GmsCore_OpenSSL\
09-03 14:19:21.636  6253  6253 I blkx    : Primes not initialized, returning default (no-op) Primes instance which will ignore all calls. Please call Primes.initialize(...) before using any Primes API.\
09-03 14:19:21.711  6253  6295 I GMS_MM_Logger: Started.\
09-03 14:19:21.758  1162  5038 I TelephonySpamChimeraSer: Running Telephony Spam Chimera Service [CONTEXT service_id=150 ]\
09-03 14:19:21.759  2118  3907 I NetworkScheduler.Stats: Task com.google.android.gms/com.google.android.gms.telephonyspam.sync.SpamListSyncTaskService started execution. cause:5 exec_start_elapsed_seconds: 310 [CONTEXT service_id=218 ]\
09-03 14:19:21.780  4707  4723 I Finsky  : [40] lca.run(3): Stats for Executor: bgExecutor ldp@2361d6f[Running, pool size = 4, active threads = 0, queued tasks = 0, completed tasks = 95]\
09-03 14:19:21.834  6253  6308 D CompatibilityChangeReporter: Compat change id reported: 160794467; UID 10100; state: ENABLED\
09-03 14:19:21.925  4707  5858 E FirebaseInstanceId: Failed to get FIS auth token\
09-03 14:19:21.925  4707  5858 E FirebaseInstanceId: java.util.concurrent.ExecutionException: com.google.firebase.installations.FirebaseInstallationsException: Firebase Installations Service is unavailable. Please try again later.\
09-03 14:19:21.925  4707  5858 E FirebaseInstanceId: 	at amxl.r(PG:2)\
09-03 14:19:21.925  4707  5858 E FirebaseInstanceId: 	at amxl.p(PG:6)\
09-03 14:19:21.925  4707  5858 E FirebaseInstanceId: 	at aoro.a(PG:9)\
09-03 14:19:21.925  4707  5858 E FirebaseInstanceId: 	at aore.a(PG:11)\
09-03 14:19:21.925  4707  5858 E FirebaseInstanceId: 	at ahxs.run(PG:1)\
09-03 14:19:21.925  4707  5858 E FirebaseInstanceId: 	at java.util.concurrent.ThreadPoolExecutor.runWorker(ThreadPoolExecutor.java:1167)\
09-03 14:19:21.925  4707  5858 E FirebaseInstanceId: 	at java.util.concurrent.ThreadPoolExecutor$Worker.run(ThreadPoolExecutor.java:641)\
09-03 14:19:21.925  4707  5858 E FirebaseInstanceId: 	at agsl.run(Unknown Source:6)\
09-03 14:19:21.925  4707  5858 E FirebaseInstanceId: 	at java.lang.Thread.run(Thread.java:920)\
09-03 14:19:21.925  4707  5858 E FirebaseInstanceId: Caused by: com.google.firebase.installations.FirebaseInstallationsException: Firebase Installations Service is unavailable. Please try again later.\
09-03 14:19:21.925  4707  5858 E FirebaseInstanceId: 	at aosn.b(PG:23)\
09-03 14:19:21.925  4707  5858 E FirebaseInstanceId: 	at aorx.run(PG:14)\
09-03 14:19:21.925  4707  5858 E FirebaseInstanceId: 	at java.util.concurrent.ThreadPoolExecutor.runWorker(ThreadPoolExecutor.java:1167)\
09-03 14:19:21.925  4707  5858 E FirebaseInstanceId: 	at java.util.concurrent.ThreadPoolExecutor$Worker.run(ThreadPoolExecutor.java:641)\
09-03 14:19:21.925  4707  5858 E FirebaseInstanceId: 	... 1 more\
09-03 14:19:21.960  2118  6142 I NetworkScheduler.Stats: Task com.google.android.gms/com.google.android.gms.telephonyspam.sync.SpamListSyncTaskService finished executing. cause:5 result: 2 elapsed_millis: 426 uptime_millis: 426 exec_start_elapsed_seconds: 310 [CONTEXT service_id=218 ]\
09-03 14:19:22.115  2118  6313 E GCM     : Missing checkin config file\
09-03 14:19:22.115  2118  6313 W GCM     : GCM FAILED TO INITIALIZE - missing checkin\
09-03 14:19:22.164  6237  6297 D CompatibilityChangeReporter: Compat change id reported: 160794467; UID 10114; state: ENABLED\
09-03 14:19:22.169  4707  5859 E FirebaseInstanceId: Topic sync or token retrieval failed on hard failure exceptions: AUTHENTICATION_FAILED. Won't retry the operation.\
09-03 14:19:22.170  4707  4745 E Finsky  : [46] jxi.a(2): Error when retrieving FCM instance id\
09-03 14:19:22.259   520  2704 D CompatibilityChangeReporter: Compat change id reported: 168419799; UID 10100; state: DISABLED\
09-03 14:19:22.290  2118  4961 I NetworkScheduler.Stats: Task com.google.android.gms/com.google.android.gms.gcm.gmsproc.GcmInGmsTaskService started execution. cause:5 exec_start_elapsed_seconds: 311 [CONTEXT service_id=218 ]\
09-03 14:19:22.302  1162  5036 I GCM-GMS : Registering GMS for direct boot.\
09-03 14:19:22.368  5978  6322 W ProtoDataStoreFlagStore: Unable to retrieve flag snapshot for com.google.android.libraries.performance.primes#com.google.android.settings.intelligence, using defaults.\
09-03 14:19:22.402  6237  6299 I droid.apps.map: Waiting for a blocking GC ClassLinker\
09-03 14:19:22.429   520  1638 I Telecom : PhoneAccountRegistrar: getSimCallManager: SimCallManager for subId 1 queried, returning: null: TSI.gSCM@ANk\
09-03 14:19:22.430  4707  4707 E Finsky  : [2] jwp.iP(4): Couldn't upload device config\
09-03 14:19:22.430  4707  4707 I Finsky  : [2] mot.a(5): Requesting device config token failed when fetching experiments.\
09-03 14:19:22.437  4707  4955 E Finsky  : [100] mwo.run(13): Upload device configuration failed\
09-03 14:19:22.453  4707  4750 I Finsky  : [51] tud.h(1): Triggered update for experiment package com.google.android.finsky.regular.\
09-03 14:19:22.467  2118  6313 E GCM     : Missing checkin config file\
09-03 14:19:22.467   520   794 D CompatibilityChangeReporter: Compat change id reported: 168419799; UID 10114; state: DISABLED\
09-03 14:19:22.467  2118  6313 W GCM     : GCM FAILED TO INITIALIZE - missing checkin\
09-03 14:19:22.490   520   668 D CompatibilityChangeReporter: Compat change id reported: 135634846; UID 10114; state: DISABLED\
09-03 14:19:22.490   520   562 D CompatibilityChangeReporter: Compat change id reported: 143937733; UID 10114; state: ENABLED\
09-03 14:19:22.491   520   668 I ActivityManager: Killing 5262:com.google.android.calendar/u0a124 (adj 935): empty #17\
09-03 14:19:22.473  1162  2707 W SQLiteLog: (28) double-quoted string literal: "1662023962472"\
09-03 14:19:22.493  1162  2707 W SQLiteLog: (28) double-quoted string literal: "1"\
09-03 14:19:22.499  1162  5036 W GCM-GMS : Failed to get direct boot token: java.io.IOException: AUTHENTICATION_FAILED\
09-03 14:19:22.503   321   321 D Zygote  : Forked child process 6331\
09-03 14:19:22.506   520   794 I Telecom : PhoneAccountRegistrar: getSimCallManager: SimCallManager for subId 1 queried, returning: null: TSI.gSCM@ANo\
09-03 14:19:22.532  2118  6142 I NetworkScheduler.Stats: Task com.google.android.gms/com.google.android.gms.gcm.gmsproc.GcmInGmsTaskService finished executing. cause:5 result: 3 elapsed_millis: 362 uptime_millis: 362 exec_start_elapsed_seconds: 311 [CONTEXT service_id=218 ]\
09-03 14:19:22.538  6237  6299 I droid.apps.map: WaitForGcToComplete blocked ClassLinker on Background for 135.386ms\
09-03 14:19:22.538  6331  6331 W ecovery_proces: Unexpected CPU variant for X86 using defaults: x86_64\
09-03 14:19:22.540   520   563 I libprocessgroup: Successfully killed process cgroup uid 10124 pid 5262 in 47ms\
09-03 14:19:22.551  6331  6331 E ecovery_proces: Not starting debugger since process cannot load the jdwp agent.\
09-03 14:19:22.559   520   562 W ActivityManager: Slow operation: 69ms so far, now at startProcess: done updating battery stats\
09-03 14:19:22.559   520   562 W ActivityManager: Slow operation: 70ms so far, now at startProcess: building log message\
09-03 14:19:22.559   520   562 I ActivityManager: Start proc 6331:com.google.android.apps.maps:server_recovery_process/u0a114 for broadcast \{com.google.android.apps.maps/com.google.android.apps.gmm.plugins.serverrecovery.PhenotypeServerRecoveryHandlerImpl\}\
09-03 14:19:22.559   520   562 W ActivityManager: Slow operation: 70ms so far, now at startProcess: starting to update pids map\
09-03 14:19:22.567   520   562 W ActivityManager: Slow operation: 78ms so far, now at startProcess: done updating pids map\
09-03 14:19:22.572   321   321 I Zygote  : Process 5262 exited due to signal 9 (Killed)\
09-03 14:19:22.599  4707  4955 I HeterodyneSyncer: Removed 0 invalid users\
09-03 14:19:22.600  4707  4955 E Finsky  : [100] hvn.a(51): Unexpected android-id = 0\
09-03 14:19:22.652  6048  6172 I FA      : App measurement disabled by setAnalyticsCollectionEnabled(false)\
09-03 14:19:22.674  6048  6172 I FA      : App measurement initialized, version: 42041\
09-03 14:19:22.674  6048  6172 I FA      : To enable debug logging run: adb shell setprop log.tag.FA VERBOSE\
09-03 14:19:22.674  6048  6172 I FA      : To enable faster debug mode event logging run:\
09-03 14:19:22.674  6048  6172 I FA      :   adb shell setprop debug.firebase.analytics.app com.google.android.youtube\
09-03 14:19:22.681  4707  4955 E Finsky  : [100] jxf.a(17): Unable to fetch checkin consistency token: empty token\
09-03 14:19:22.707  4707  4955 D HeterodyneSyncer: Heterodyne Request: # aoov@27480cb3\
09-03 14:19:22.709  4707  4955 I Finsky  : [100] mor.a(1): Sending Heterodyne sync request for package com.google.android.finsky.regular\
09-03 14:19:22.714  4707  4955 D ApacheHttpTransport: Contacting Heterodyne at https://www.googleapis.com/experimentsandconfigs/v1/getExperimentsAndConfigs?r=12&c=128\
09-03 14:19:22.773  6331  6331 D CompatibilityChangeReporter: Compat change id reported: 171979766; UID 10114; state: ENABLED\
09-03 14:19:22.810  6331  6331 D nativeloader: classloader namespace configured for unbundled product apk. library_path=/product/app/Maps/lib/x86_64:/product/app/Maps/Maps.apk!/lib/x86_64:/product/lib64:/system/product/lib64\
09-03 14:19:22.820  6237  6300 D libEGL  : loaded /vendor/lib64/egl/libEGL_emulation.so\
09-03 14:19:22.849  6331  6331 V GraphicsEnvironment: ANGLE Developer option for 'com.google.android.apps.maps' set to: 'default'\
09-03 14:19:22.849  6331  6331 V GraphicsEnvironment: Neither updatable production driver nor prerelease driver is supported.\
09-03 14:19:22.852  6331  6331 D NetworkSecurityConfig: No Network Security Config specified, using platform default\
09-03 14:19:22.852  6331  6331 D NetworkSecurityConfig: No Network Security Config specified, using platform default\
09-03 14:19:22.857  6237  6300 D libEGL  : loaded /vendor/lib64/egl/libGLESv1_CM_emulation.so\
09-03 14:19:22.862  6047  6076 D BackupCallingPrefCtrl: Not supported by framework. subId = 1\
09-03 14:19:22.891  6331  6331 D CompatibilityChangeReporter: Compat change id reported: 160794467; UID 10114; state: ENABLED\
09-03 14:19:22.891  6237  6300 D libEGL  : loaded /vendor/lib64/egl/libGLESv2_emulation.so\
09-03 14:19:22.903  1162  5038 I GCM-GMS : Registering GMS 745476177629\
09-03 14:19:22.906  2118  6313 I NetworkScheduler.Stats: Task com.google.android.gms/com.google.android.gms.gcm.gmsproc.GcmInGmsTaskService started execution. cause:5 exec_start_elapsed_seconds: 311 [CONTEXT service_id=218 ]\
09-03 14:19:22.926  6047  6076 D BackupCallingPrefCtrl: Not supported by framework. subId = 1\
09-03 14:19:22.939   520   794 D ConnectivityService: requestNetwork for uid/pid:10114/6237 activeRequest: null callbackRequest: 121 [NetworkRequest [ REQUEST id=122, [ Capabilities: INTERNET&NOT_RESTRICTED&TRUSTED&NOT_VCN_MANAGED Uid: 10114 RequestorUid: 10114 RequestorPkg: com.google.android.apps.maps] ]] callback flags: 0 priority: 2147483647\
09-03 14:19:22.942   520   682 D ConnectivityService: NetReassign [122 : null \uc0\u8594  100]\
09-03 14:19:22.944   520   675 D WifiNetworkFactory: got request NetworkRequest [ REQUEST id=122, [ Capabilities: INTERNET&NOT_RESTRICTED&TRUSTED&NOT_VCN_MANAGED Uid: 10114 RequestorUid: 10114 RequestorPkg: com.google.android.apps.maps] ]\
09-03 14:19:22.954   520   675 D UntrustedWifiNetworkFactory: got request NetworkRequest [ REQUEST id=122, [ Capabilities: INTERNET&NOT_RESTRICTED&TRUSTED&NOT_VCN_MANAGED Uid: 10114 RequestorUid: 10114 RequestorPkg: com.google.android.apps.maps] ]\
09-03 14:19:22.958   520   675 D OemPaidWifiNetworkFactory: got request NetworkRequest [ REQUEST id=122, [ Capabilities: INTERNET&NOT_RESTRICTED&TRUSTED&NOT_VCN_MANAGED Uid: 10114 RequestorUid: 10114 RequestorPkg: com.google.android.apps.maps] ]\
09-03 14:19:22.959   520   682 D ConnectivityService: NetReassign [no changes]\
09-03 14:19:22.968  2118  6313 E GCM     : Missing checkin config file\
09-03 14:19:22.968  2118  6313 W GCM     : GCM FAILED TO INITIALIZE - missing checkin\
09-03 14:19:22.972  1162  5038 W GCM-GMS : Failed to get registration: java.io.IOException: AUTHENTICATION_FAILED\
09-03 14:19:22.996  6331  6353 I ecovery_proces: System.exit called, status: 0\
09-03 14:19:22.996  6331  6353 I AndroidRuntime: VM exiting with result code 0, cleanup skipped.\
09-03 14:19:23.007  6237  6299 I cr_CronetLibraryLoader: Cronet version: 91.0.4472.101, arch: x86_64\
09-03 14:19:23.011   520  1645 I ActivityManager: Killing 4181:com.android.vending:instant_app_installer/u0a99 (adj 985): empty #17\
09-03 14:19:23.032  2118  6142 I NetworkScheduler.Stats: Task com.google.android.gms/com.google.android.gms.gcm.gmsproc.GcmInGmsTaskService finished executing. cause:5 result: 3 elapsed_millis: 139 uptime_millis: 139 exec_start_elapsed_seconds: 311 [CONTEXT service_id=218 ]\
09-03 14:19:23.038   520   794 D CompatibilityChangeReporter: Compat change id reported: 135634846; UID 10126; state: DISABLED\
09-03 14:19:23.039   520   562 D CompatibilityChangeReporter: Compat change id reported: 143937733; UID 10126; state: ENABLED\
09-03 14:19:23.056   520   563 I libprocessgroup: Successfully killed process cgroup uid 10099 pid 4181 in 44ms\
09-03 14:19:23.141  6015  6033 D PhenotypeContext: Application doesn't implement PhenotypeApplication interface, falling back to globally set context. See go/phenotype-flag#process-stable-init for more info.\
09-03 14:19:23.147   321   321 D Zygote  : Forked child process 6369\
09-03 14:19:23.147   520   562 W ActivityManager: Slow operation: 110ms so far, now at startProcess: returned from zygote!\
09-03 14:19:23.147   520   562 W ActivityManager: Slow operation: 110ms so far, now at startProcess: done updating battery stats\
09-03 14:19:23.148   520   562 W ActivityManager: Slow operation: 110ms so far, now at startProcess: building log message\
09-03 14:19:23.148   520   562 I ActivityManager: Start proc 6369:com.google.android.apps.photos/u0a126 for broadcast \{com.google.android.apps.photos/com.google.android.libraries.social.jobscheduler.JobSchedulerOnBootComplete\}\
09-03 14:19:23.148   520   562 W ActivityManager: Slow operation: 111ms so far, now at startProcess: starting to update pids map\
09-03 14:19:23.149   520   562 W ActivityManager: Slow operation: 112ms so far, now at startProcess: done updating pids map\
09-03 14:19:23.157   321   321 I Zygote  : Process 6331 exited cleanly (0)\
09-03 14:19:23.158   520  1645 I ActivityManager: Process com.google.android.apps.maps:server_recovery_process (pid 6331) has died: cch+5 CEM \
09-03 14:19:23.170  6369  6369 W oid.apps.photo: Unexpected CPU variant for X86 using defaults: x86_64\
09-03 14:19:23.174   321   321 I Zygote  : Process 4181 exited due to signal 9 (Killed)\
09-03 14:19:23.197  6015  6366 D PhenotypeContext: Application doesn't implement PhenotypeApplication interface, falling back to globally set context. See go/phenotype-flag#process-stable-init for more info.\
09-03 14:19:23.204   520   563 I libprocessgroup: Successfully killed process cgroup uid 10114 pid 6331 in 0ms\
09-03 14:19:23.228  4707  4707 I Finsky  : [2] qov.onTrimMemory(1): Memory trim requested to level 5\
09-03 14:19:23.232  6369  6369 E oid.apps.photo: Not starting debugger since process cannot load the jdwp agent.\
09-03 14:19:23.238  2325  2352 W Bugle   : TextClassifierLibManagerImpl: Reclaiming memory at level: 40\
09-03 14:19:23.241  6015  6366 W ProtoDataStoreFlagStore: Unable to retrieve flag snapshot for com.google.android.libraries.performance.primes#com.google.android.setupwizard, using defaults.\
09-03 14:19:23.250  3331  3331 I AppBase : AppBase.onTrimMemory():782 onTrimMemory(): 5\
09-03 14:19:23.250  3331  3331 I GoogleInputMethodService: GoogleInputMethodService.onTrimMemory():4623 onTrimMemory(): 5\
09-03 14:19:23.255  6237  6300 D HostConnection: createUnique: call\
09-03 14:19:23.258  6237  6300 D HostConnection: HostConnection::get() New Host Connection established 0x7084c5b39190, tid 6300\
09-03 14:19:23.285  6237  6300 D HostConnection: HostComposition ext ANDROID_EMU_CHECKSUM_HELPER_v1 ANDROID_EMU_native_sync_v2 ANDROID_EMU_native_sync_v3 ANDROID_EMU_native_sync_v4 ANDROID_EMU_dma_v1 ANDROID_EMU_direct_mem ANDROID_EMU_host_composition_v1 ANDROID_EMU_host_composition_v2 ANDROID_EMU_YUV_Cache ANDROID_EMU_has_shared_slots_host_memory_allocator ANDROID_EMU_sync_buffer_data ANDROID_EMU_read_color_buffer_dma GL_OES_EGL_image_external_essl3 GL_OES_vertex_array_object GL_KHR_texture_compression_astc_ldr ANDROID_EMU_host_side_tracing ANDROID_EMU_gles_max_version_3_0 \
09-03 14:19:23.291   171   171 I hwservicemanager: getTransport: Cannot find entry android.hardware.configstore@1.0::ISurfaceFlingerConfigs/default in either framework or device VINTF manifest.\
09-03 14:19:23.293   520  1035 D CompatibilityChangeReporter: Compat change id reported: 168419799; UID 10126; state: DISABLED\
09-03 14:19:23.302  6237  6300 D EGL_emulation: eglCreateContext: 0x7084c5b38f50: maj 3 min 0 rcv 3\
09-03 14:19:23.306  6237  6300 D EGL_emulation: eglMakeCurrent: 0x7084c5b38f50: ver 3 0 (tinfo 0x7086d2921080) (first time)\
09-03 14:19:23.337  6369  6369 D CompatibilityChangeReporter: Compat change id reported: 171979766; UID 10126; state: ENABLED\
09-03 14:19:23.353  6369  6369 D nativeloader: classloader namespace configured for unbundled product apk. library_path=/product/app/Photos/lib/x86_64:/product/app/Photos/Photos.apk!/lib/x86_64:/product/lib64:/system/product/lib64\
09-03 14:19:23.355  2118  3244 W ConfiguratorPhenotypeUt: Package com.android.media name not found! Using module version. [CONTEXT service_id=204 ]\
09-03 14:19:23.370   927   934 I m.android.phon: Background concurrent copying GC freed 45567(3071KB) AllocSpace objects, 0(0B) LOS objects, 49% free, 3197KB/6395KB, paused 78us,11.142ms total 325.286ms\
09-03 14:19:23.371  2118  6313 I NetworkScheduler.Stats: Task com.google.android.gms/com.google.android.gms.auth.account.be.legacy.AuthCronService started execution. cause:5 exec_start_elapsed_seconds: 312 [CONTEXT service_id=218 ]\
09-03 14:19:23.398  2118  4961 I NetworkScheduler.Stats: Task com.google.android.gms/com.google.android.gms.auth.account.be.legacy.AuthCronService finished executing. cause:5 result: 1 elapsed_millis: 78 uptime_millis: 78 exec_start_elapsed_seconds: 312 [CONTEXT service_id=218 ]\
09-03 14:19:23.402  6369  6369 V GraphicsEnvironment: ANGLE Developer option for 'com.google.android.apps.photos' set to: 'default'\
09-03 14:19:23.402  6369  6369 V GraphicsEnvironment: Neither updatable production driver nor prerelease driver is supported.\
09-03 14:19:23.404   520  3044 W ServiceManager: Permission failure: android.permission.HIGH_SAMPLING_RATE_SENSORS from uid=10114 pid=6237\
09-03 14:19:23.405  6369  6369 D NetworkSecurityConfig: No Network Security Config specified, using platform default\
09-03 14:19:23.405  6369  6369 D NetworkSecurityConfig: No Network Security Config specified, using platform default\
09-03 14:19:23.425  2118  3244 W ConfiguratorPhenotypeUt: Package com.android.media.swcodec name not found! Using module version. [CONTEXT service_id=204 ]\
09-03 14:19:23.461  6369  6369 W oid.apps.photo: Accessing hidden field Ljava/util/Collections$SynchronizedCollection;->mutex:Ljava/lang/Object; (max-target-o, reflection, denied)\
09-03 14:19:23.462  6369  6369 W oid.apps.photo: Accessing hidden method Ljava/util/Collections$SynchronizedSet;-><init>(Ljava/util/Set;Ljava/lang/Object;)V (max-target-o, reflection, denied)\
09-03 14:19:23.462  6369  6369 W oid.apps.photo: Accessing hidden method Ljava/util/Collections$SynchronizedCollection;-><init>(Ljava/util/Collection;Ljava/lang/Object;)V (max-target-o, reflection, denied)\
09-03 14:19:23.502  6047  6076 W Enable2gPreferenceController: Telephony manager not yet initialized\
09-03 14:19:23.531   927   953 W SQLiteLog: (28) double-quoted string literal: "89860318640220133897"\
09-03 14:19:23.534   927   953 W SQLiteLog: (28) double-quoted string literal: "89860318640220133897"\
09-03 14:19:23.539   927   953 W SQLiteLog: (28) double-quoted string literal: "89860318640220133897"\
09-03 14:19:23.550   927  2020 W SQLiteLog: (28) double-quoted string literal: "89860318640220133897"\
09-03 14:19:23.555   927  2020 W SQLiteLog: (28) double-quoted string literal: "89860318640220133897"\
09-03 14:19:23.564   927  2020 W SQLiteLog: (28) double-quoted string literal: "89860318640220133897"\
09-03 14:19:23.578  6047  6076 W SettingsPrefController: Skipping updateNonIndexableKeys, key already in list. com.android.settings.network.telephony.DisableSimFooterPreferenceController@457c61f\
09-03 14:19:23.578  6047  6076 W SettingsPrefController: Skipping updateNonIndexableKeys, key already in list. com.android.settings.network.telephony.NrDisabledInDsdsFooterPreferenceController@2b6fd6c\
09-03 14:19:23.579  6047  6076 D PrefCtrlListHelper: Could not find Context-only controller for pref: com.android.settings.notification.BubbleNotificationPreferenceController\
09-03 14:19:23.579  6047  6076 D PrefCtrlListHelper: Could not find Context-only controller for pref: com.android.settings.widget.VideoPreferenceController\
09-03 14:19:23.579  6047  6076 D PrefCtrlListHelper: Could not find Context-only controller for pref: com.android.settings.gestures.DoubleTapScreenPreferenceController\
09-03 14:19:23.581  6047  6076 D PrefCtrlListHelper: Could not find Context-only controller for pref: com.android.settings.accessibility.CaptionFooterPreferenceController\
09-03 14:19:23.581  6047  6076 D PrefCtrlListHelper: Could not find Context-only controller for pref: com.android.settings.display.AutoBrightnessDetailPreferenceController\
09-03 14:19:23.581  6047  6076 W libc    : Access denied finding property "ro.vendor.aware_available"\
09-03 14:19:23.582  6047  6076 V SettingsSearchProvider: com.google.android.settings.aware.SkipGestureSettings$1@bc65a17 tried to add an empty non-indexable key\
09-03 14:19:23.593  6047  6076 D PrefCtrlListHelper: Could not find Context-only controller for pref: com.android.settings.dream.StartNowPreferenceController\
09-03 14:19:23.593  6047  6076 D PrefCtrlListHelper: Could not find Context-only controller for pref: com.android.settings.dream.CurrentDreamPreferenceController\
