09-03 14:19:26.751  6047  6383 E SystemServiceRegistry: 	at com.android.settings.network.EthernetTetherPreferenceController.<init>(EthernetTetherPreferenceController.java:46)\
09-03 14:19:26.751  6047  6383 E SystemServiceRegistry: 	at java.lang.reflect.Constructor.newInstance0(Native Method)\
09-03 14:19:26.751  6047  6383 E SystemServiceRegistry: 	at java.lang.reflect.Constructor.newInstance(Constructor.java:343)\
09-03 14:19:26.751  6047  6383 E SystemServiceRegistry: 	at com.android.settings.core.BasePreferenceController.createInstance(BasePreferenceController.java:141)\
09-03 14:19:26.751  6047  6383 E SystemServiceRegistry: 	at com.android.settings.slices.SliceBuilderUtils.getPreferenceController(SliceBuilderUtils.java:365)\
09-03 14:19:26.751  6047  6383 E SystemServiceRegistry: 	at com.android.settings.slices.SliceDataConverter.getSliceDataFromXML(SliceDataConverter.java:203)\
09-03 14:19:26.751  6047  6383 E SystemServiceRegistry: 	at com.android.settings.slices.SliceDataConverter.getSliceDataFromProvider(SliceDataConverter.java:148)\
09-03 14:19:26.751  6047  6383 E SystemServiceRegistry: 	at com.android.settings.slices.SliceDataConverter.getSliceData(SliceDataConverter.java:118)\
09-03 14:19:26.751  6047  6383 E SystemServiceRegistry: 	at com.android.settings.slices.SlicesIndexer.getSliceData(SlicesIndexer.java:94)\
09-03 14:19:26.751  6047  6383 E SystemServiceRegistry: 	at com.android.settings.slices.SlicesIndexer.indexSliceData(SlicesIndexer.java:75)\
09-03 14:19:26.751  6047  6383 E SystemServiceRegistry: 	at com.android.settings.slices.SlicesFeatureProviderImpl.indexSliceData(SlicesFeatureProviderImpl.java:63)\
09-03 14:19:26.751  6047  6383 E SystemServiceRegistry: 	at com.android.settings.slices.SlicesDatabaseAccessor.verifyIndexing(SlicesDatabaseAccessor.java:190)\
09-03 14:19:26.751  6047  6383 E SystemServiceRegistry: 	at com.android.settings.slices.SlicesDatabaseAccessor.getSliceUris(SlicesDatabaseAccessor.java:95)\
09-03 14:19:26.751  6047  6383 E SystemServiceRegistry: 	at com.android.settings.slices.SettingsSliceProvider.onGetSliceDescendants(SettingsSliceProvider.java:338)\
09-03 14:19:26.751  6047  6383 E SystemServiceRegistry: 	at androidx.slice.compat.SliceProviderWrapperContainer$SliceProviderWrapper.onGetSliceDescendants(SliceProviderWrapperContainer.java:165)\
09-03 14:19:26.751  6047  6383 E SystemServiceRegistry: 	at android.app.slice.SliceProvider.handleGetDescendants(SliceProvider.java:425)\
09-03 14:19:26.751  6047  6383 E SystemServiceRegistry: 	at android.app.slice.SliceProvider.call(SliceProvider.java:406)\
09-03 14:19:26.751  6047  6383 E SystemServiceRegistry: 	at androidx.slice.compat.SliceProviderWrapperContainer$SliceProviderWrapper.call(SliceProviderWrapperContainer.java:122)\
09-03 14:19:26.751  6047  6383 E SystemServiceRegistry: 	at android.content.ContentProvider.call(ContentProvider.java:2464)\
09-03 14:19:26.751  6047  6383 E SystemServiceRegistry: 	at android.content.ContentProvider$Transport.call(ContentProvider.java:512)\
09-03 14:19:26.751  6047  6383 E SystemServiceRegistry: 	at android.content.ContentProviderNative.onTransact(ContentProviderNative.java:295)\
09-03 14:19:26.751  6047  6383 E SystemServiceRegistry: 	at android.os.Binder.execTransactInternal(Binder.java:1179)\
09-03 14:19:26.751  6047  6383 E SystemServiceRegistry: 	at android.os.Binder.execTransact(Binder.java:1143)\
09-03 14:19:26.764   520  6543 I DropBoxManagerService: add tag=system_app_wtf isTagEnabled=true flags=0x2\
09-03 14:19:26.778  6491  6491 D CompatibilityChangeReporter: Compat change id reported: 160794467; UID 10124; state: DISABLED\
09-03 14:19:26.814  1162  5038 I Icing   : Indexing com.google.android.gms-internal.3p:MobileApplication from com.google.android.gms\
09-03 14:19:26.816  1162  5038 I Icing   : Indexing done com.google.android.gms-internal.3p:MobileApplication\
09-03 14:19:26.842  6047  6383 W libc    : Access denied finding property "ro.vendor.aware_available"\
09-03 14:19:26.921  2118  2129 I .gms.persisten: Background concurrent copying GC freed 220231(8200KB) AllocSpace objects, 0(0B) LOS objects, 49% free, 10MB/21MB, paused 75us,29us total 245.987ms\
09-03 14:19:26.944  6047  6383 D RefreshRatePrefCtr: DEFAULT_REFRESH_RATE : 60.0 mPeakRefreshRate : 60.0\
09-03 14:19:26.980  6491  6491 D CompatibilityChangeReporter: Compat change id reported: 119147584; UID 10124; state: ENABLED\
09-03 14:19:26.986  6047  6383 D AssistGesture: mAssistOnly:false, isSupported:false, isSensorAvailable:false\
09-03 14:19:26.986  6047  6383 D AssistGesture: mAssistOnly:false, isSupported:false, isSensorAvailable:false\
09-03 14:19:27.056  6491  6491 W GrowthKit: Failed to get phenotypeManager in PhenotypeBroadcastReceiver\
09-03 14:19:27.056  6491  6491 W GrowthKit: java.lang.NullPointerException: Unable to get GrowthKit Component from host app: com.google.android.calendar\
09-03 14:19:27.056  6491  6491 W GrowthKit: 	at cal.rll.a(PG:6)\
09-03 14:19:27.056  6491  6491 W GrowthKit: 	at com.google.android.libraries.internal.growth.growthkit.internal.experiments.impl.PhenotypeBroadcastReceiver.onReceive(PG:1)\
09-03 14:19:27.056  6491  6491 W GrowthKit: 	at android.app.ActivityThread.handleReceiver(ActivityThread.java:4308)\
09-03 14:19:27.056  6491  6491 W GrowthKit: 	at android.app.ActivityThread.access$1600(ActivityThread.java:247)\
09-03 14:19:27.056  6491  6491 W GrowthKit: 	at android.app.ActivityThread$H.handleMessage(ActivityThread.java:2064)\
09-03 14:19:27.056  6491  6491 W GrowthKit: 	at android.os.Handler.dispatchMessage(Handler.java:106)\
09-03 14:19:27.056  6491  6491 W GrowthKit: 	at android.os.Looper.loopOnce(Looper.java:201)\
09-03 14:19:27.056  6491  6491 W GrowthKit: 	at android.os.Looper.loop(Looper.java:288)\
09-03 14:19:27.056  6491  6491 W GrowthKit: 	at android.app.ActivityThread.main(ActivityThread.java:7839)\
09-03 14:19:27.056  6491  6491 W GrowthKit: 	at java.lang.reflect.Method.invoke(Native Method)\
09-03 14:19:27.056  6491  6491 W GrowthKit: 	at com.android.internal.os.RuntimeInit$MethodAndArgsCaller.run(RuntimeInit.java:548)\
09-03 14:19:27.056  6491  6491 W GrowthKit: 	at com.android.internal.os.ZygoteInit.main(ZygoteInit.java:1003)\
09-03 14:19:27.083  6047  6383 D ch_callQuality: isDeviceSupport: falsemIsChecked: true\
09-03 14:19:27.083  6047  6383 D ch_d2d  : isDeviceSupport: falsemIsChecked: false\
09-03 14:19:27.111  6047  6383 W libc    : Access denied finding property "ro.vendor.aware_available"\
09-03 14:19:27.120   729  1134 D BluetoothDatabase: getBondedDevicesOrdered: Invalid address for device LocalStorage\
09-03 14:19:27.124  6047  6383 W SliceDataConverter: Get slice data from XML failed \
09-03 14:19:27.124  6047  6383 W SliceDataConverter: java.lang.IllegalStateException: Invalid preference controller: com.google.android.settings.gestures.columbus.ColumbusEnabledPreferenceController\
09-03 14:19:27.124  6047  6383 W SliceDataConverter: 	at com.android.settings.core.BasePreferenceController.createInstance(BasePreferenceController.java:144)\
09-03 14:19:27.124  6047  6383 W SliceDataConverter: 	at com.android.settings.slices.SliceBuilderUtils.getPreferenceController(SliceBuilderUtils.java:365)\
09-03 14:19:27.124  6047  6383 W SliceDataConverter: 	at com.android.settings.slices.SliceDataConverter.getSliceDataFromXML(SliceDataConverter.java:203)\
09-03 14:19:27.124  6047  6383 W SliceDataConverter: 	at com.android.settings.slices.SliceDataConverter.getSliceDataFromProvider(SliceDataConverter.java:148)\
09-03 14:19:27.124  6047  6383 W SliceDataConverter: 	at com.android.settings.slices.SliceDataConverter.getSliceData(SliceDataConverter.java:118)\
09-03 14:19:27.124  6047  6383 W SliceDataConverter: 	at com.android.settings.slices.SlicesIndexer.getSliceData(SlicesIndexer.java:94)\
09-03 14:19:27.124  6047  6383 W SliceDataConverter: 	at com.android.settings.slices.SlicesIndexer.indexSliceData(SlicesIndexer.java:75)\
09-03 14:19:27.124  6047  6383 W SliceDataConverter: 	at com.android.settings.slices.SlicesFeatureProviderImpl.indexSliceData(SlicesFeatureProviderImpl.java:63)\
09-03 14:19:27.124  6047  6383 W SliceDataConverter: 	at com.android.settings.slices.SlicesDatabaseAccessor.verifyIndexing(SlicesDatabaseAccessor.java:190)\
09-03 14:19:27.124  6047  6383 W SliceDataConverter: 	at com.android.settings.slices.SlicesDatabaseAccessor.getSliceUris(SlicesDatabaseAccessor.java:95)\
09-03 14:19:27.124  6047  6383 W SliceDataConverter: 	at com.android.settings.slices.SettingsSliceProvider.onGetSliceDescendants(SettingsSliceProvider.java:338)\
09-03 14:19:27.124  6047  6383 W SliceDataConverter: 	at androidx.slice.compat.SliceProviderWrapperContainer$SliceProviderWrapper.onGetSliceDescendants(SliceProviderWrapperContainer.java:165)\
09-03 14:19:27.124  6047  6383 W SliceDataConverter: 	at android.app.slice.SliceProvider.handleGetDescendants(SliceProvider.java:425)\
09-03 14:19:27.124  6047  6383 W SliceDataConverter: 	at android.app.slice.SliceProvider.call(SliceProvider.java:406)\
09-03 14:19:27.124  6047  6383 W SliceDataConverter: 	at androidx.slice.compat.SliceProviderWrapperContainer$SliceProviderWrapper.call(SliceProviderWrapperContainer.java:122)\
09-03 14:19:27.124  6047  6383 W SliceDataConverter: 	at android.content.ContentProvider.call(ContentProvider.java:2464)\
09-03 14:19:27.124  6047  6383 W SliceDataConverter: 	at android.content.ContentProvider$Transport.call(ContentProvider.java:512)\
09-03 14:19:27.124  6047  6383 W SliceDataConverter: 	at android.content.ContentProviderNative.onTransact(ContentProviderNative.java:295)\
09-03 14:19:27.124  6047  6383 W SliceDataConverter: 	at android.os.Binder.execTransactInternal(Binder.java:1179)\
09-03 14:19:27.124  6047  6383 W SliceDataConverter: 	at android.os.Binder.execTransact(Binder.java:1143)\
09-03 14:19:27.124  6047  6383 W SliceDataConverter: Caused by: java.lang.reflect.InvocationTargetException\
09-03 14:19:27.124  6047  6383 W SliceDataConverter: 	at java.lang.reflect.Constructor.newInstance0(Native Method)\
09-03 14:19:27.124  6047  6383 W SliceDataConverter: 	at java.lang.reflect.Constructor.newInstance(Constructor.java:343)\
09-03 14:19:27.124  6047  6383 W SliceDataConverter: 	at com.android.settings.core.BasePreferenceController.createInstance(BasePreferenceController.java:141)\
09-03 14:19:27.124  6047  6383 W SliceDataConverter: 	... 19 more\
09-03 14:19:27.124  6047  6383 W SliceDataConverter: Caused by: java.lang.NullPointerException: Attempt to read from field 'android.os.MessageQueue android.os.Looper.mQueue' on a null object reference\
09-03 14:19:27.124  6047  6383 W SliceDataConverter: 	at android.os.Handler.<init>(Handler.java:257)\
09-03 14:19:27.124  6047  6383 W SliceDataConverter: 	at android.os.Handler.<init>(Handler.java:162)\
09-03 14:19:27.124  6047  6383 W SliceDataConverter: 	at com.google.android.settings.gestures.columbus.ColumbusEnabledPreferenceController.<init>(ColumbusEnabledPreferenceController.java:49)\
09-03 14:19:27.124  6047  6383 W SliceDataConverter: 	... 22 more\
09-03 14:19:27.137  6047  6383 W UnsafeUtil: platform method missing - proto runtime falling back to safer methods: java.lang.NoSuchMethodException: sun.misc.Unsafe.copyMemory [class java.lang.Object, long, class java.lang.Object, long, long]\
09-03 14:19:27.144  6047  6383 D AssistGesture: mAssistOnly:false, isSupported:false, isSensorAvailable:false\
09-03 14:19:27.144  6047  6383 D AssistGesture: mAssistOnly:false, isSupported:false, isSensorAvailable:false\
09-03 14:19:27.151  6047  6383 W SliceDataConverter: Invalid data when building SliceData for com.android.settings.fuelgauge.batterysaver.BatterySaverSettings\
09-03 14:19:27.151  6047  6383 W SliceDataConverter: com.android.settings.slices.SliceData$InvalidSliceDataException: Title cannot be empty\
09-03 14:19:27.151  6047  6383 W SliceDataConverter: 	at com.android.settings.slices.SliceData$Builder.build(SliceData.java:247)\
09-03 14:19:27.151  6047  6383 W SliceDataConverter: 	at com.android.settings.slices.SliceDataConverter.getSliceDataFromXML(SliceDataConverter.java:229)\
09-03 14:19:27.151  6047  6383 W SliceDataConverter: 	at com.android.settings.slices.SliceDataConverter.getSliceDataFromProvider(SliceDataConverter.java:148)\
09-03 14:19:27.151  6047  6383 W SliceDataConverter: 	at com.android.settings.slices.SliceDataConverter.getSliceData(SliceDataConverter.java:118)\
09-03 14:19:27.151  6047  6383 W SliceDataConverter: 	at com.android.settings.slices.SlicesIndexer.getSliceData(SlicesIndexer.java:94)\
09-03 14:19:27.151  6047  6383 W SliceDataConverter: 	at com.android.settings.slices.SlicesIndexer.indexSliceData(SlicesIndexer.java:75)\
09-03 14:19:27.151  6047  6383 W SliceDataConverter: 	at com.android.settings.slices.SlicesFeatureProviderImpl.indexSliceData(SlicesFeatureProviderImpl.java:63)\
09-03 14:19:27.151  6047  6383 W SliceDataConverter: 	at com.android.settings.slices.SlicesDatabaseAccessor.verifyIndexing(SlicesDatabaseAccessor.java:190)\
09-03 14:19:27.151  6047  6383 W SliceDataConverter: 	at com.android.settings.slices.SlicesDatabaseAccessor.getSliceUris(SlicesDatabaseAccessor.java:95)\
09-03 14:19:27.151  6047  6383 W SliceDataConverter: 	at com.android.settings.slices.SettingsSliceProvider.onGetSliceDescendants(SettingsSliceProvider.java:338)\
09-03 14:19:27.151  6047  6383 W SliceDataConverter: 	at androidx.slice.compat.SliceProviderWrapperContainer$SliceProviderWrapper.onGetSliceDescendants(SliceProviderWrapperContainer.java:165)\
09-03 14:19:27.151  6047  6383 W SliceDataConverter: 	at android.app.slice.SliceProvider.handleGetDescendants(SliceProvider.java:425)\
09-03 14:19:27.151  6047  6383 W SliceDataConverter: 	at android.app.slice.SliceProvider.call(SliceProvider.java:406)\
09-03 14:19:27.151  6047  6383 W SliceDataConverter: 	at androidx.slice.compat.SliceProviderWrapperContainer$SliceProviderWrapper.call(SliceProviderWrapperContainer.java:122)\
09-03 14:19:27.151  6047  6383 W SliceDataConverter: 	at android.content.ContentProvider.call(ContentProvider.java:2464)\
09-03 14:19:27.151  6047  6383 W SliceDataConverter: 	at android.content.ContentProvider$Transport.call(ContentProvider.java:512)\
09-03 14:19:27.151  6047  6383 W SliceDataConverter: 	at android.content.ContentProviderNative.onTransact(ContentProviderNative.java:295)\
09-03 14:19:27.151  6047  6383 W SliceDataConverter: 	at android.os.Binder.execTransactInternal(Binder.java:1179)\
09-03 14:19:27.151  6047  6383 W SliceDataConverter: 	at android.os.Binder.execTransact(Binder.java:1143)\
09-03 14:19:27.193  6047  6383 D SlicesIndexer: Indexing slices database took: 632\
09-03 14:19:27.227  6047  6383 D SettingsSliceProvider: Allowlisting 13 uris to 2 pkgs.\
09-03 14:19:27.303  6047  6383 D SlicesIndexer: Slices already indexed - returning.\
09-03 14:19:27.304  6047  6383 D SettingsSliceProvider: Allowlisting 4 uris to 2 pkgs.\
09-03 14:19:27.377  6047  6383 D SettingsSliceProvider: onBindSlice start: content://com.android.settings.slices/action/screen_magnification_gestures_preference_screen\
09-03 14:19:27.379  6047  6104 D SlicesIndexer: Slices already indexed - returning.\
09-03 14:19:27.384  6047  6383 V SettingsSliceProvider: onBindSlice end\
09-03 14:19:27.425  6047  6117 D SlicesIndexer: Slices already indexed - returning.\
09-03 14:19:27.441  6047  6117 D SettingsSliceProvider: Built slice (content://com.android.settings.slices/action/hardware_info_device_model) in: 17\
09-03 14:19:27.445  6047  6104 D SettingsSliceProvider: Built slice (content://com.android.settings.slices/action/screen_magnification_gestures_preference_screen) in: 66\
09-03 14:19:27.448  6047  6117 D SlicesIndexer: Slices already indexed - returning.\
09-03 14:19:27.453  6047  6117 D SettingsSliceProvider: Built slice (content://com.android.settings.slices/action/os_firmware_version) in: 5\
09-03 14:19:27.464  6047  6076 D SettingsSliceProvider: onSlicePinned: content://com.android.settings.slices/action/hardware_info_device_model\
09-03 14:19:27.466  6047  6117 D SlicesIndexer: Slices already indexed - returning.\
09-03 14:19:27.468  6047  6104 D SlicesIndexer: Slices already indexed - returning.\
09-03 14:19:27.489  6047  6117 D SettingsSliceProvider: Built slice (content://com.android.settings.slices/action/hardware_info_device_model) in: 23\
09-03 14:19:27.494  6047  6117 D SlicesIndexer: Slices already indexed - returning.\
09-03 14:19:27.497  6047  6104 D SettingsSliceProvider: Built slice (content://com.android.settings.slices/action/gesture_double_tap_power) in: 25\
09-03 14:19:27.498  6047  6117 D SettingsSliceProvider: Built slice (content://com.android.settings.slices/action/smart_battery) in: 4\
09-03 14:19:27.560  6047  6104 D SlicesIndexer: Slices already indexed - returning.\
09-03 14:19:27.561  6047  6104 D VolumeSliceHelper: Registering uri for broadcast relay: content://com.android.settings.slices/action/media_volume\
09-03 14:19:27.561  6047  6104 D SliceBroadcastRelay: Registering Uri for broadcast relay: content://com.android.settings.slices/action/volume_slices\
09-03 14:19:27.572  6047  6104 D SettingsSliceProvider: Built slice (content://com.android.settings.slices/action/media_volume) in: 12\
09-03 14:19:27.581  6047  6117 D SlicesIndexer: Slices already indexed - returning.\
09-03 14:19:27.595  6047  6117 D VolumeSliceHelper: Registering uri for broadcast relay: content://com.android.settings.slices/action/call_volume\
09-03 14:19:27.598  6047  6117 D SettingsSliceProvider: Built slice (content://com.android.settings.slices/action/call_volume) in: 17\
09-03 14:19:27.599  5978  5978 D CompatibilityChangeReporter: Compat change id reported: 160794467; UID 10103; state: ENABLED\
09-03 14:19:27.602  6047  6104 D SlicesIndexer: Slices already indexed - returning.\
09-03 14:19:27.603  6047  6104 D VolumeSliceHelper: Registering uri for broadcast relay: content://com.android.settings.slices/action/ring_volume\
09-03 14:19:27.605  6047  6104 D SettingsSliceProvider: Built slice (content://com.android.settings.slices/action/ring_volume) in: 3\
09-03 14:19:27.616  6047  6117 D SlicesIndexer: Slices already indexed - returning.\
09-03 14:19:27.617  6047  6117 D VolumeSliceHelper: Registering uri for broadcast relay: content://com.android.settings.slices/action/alarm_volume\
09-03 14:19:27.621  6047  6117 D SettingsSliceProvider: Built slice (content://com.android.settings.slices/action/alarm_volume) in: 5\
09-03 14:19:27.637   520   561 D CompatibilityChangeReporter: Compat change id reported: 168419799; UID 1000; state: DISABLED\
09-03 14:19:27.714   927  4470 W SQLiteLog: (28) double-quoted string literal: "89860318640220133897"\
09-03 14:19:27.720   927  4470 W SQLiteLog: (28) double-quoted string literal: "89860318640220133897"\
09-03 14:19:27.727   927  4470 W SQLiteLog: (28) double-quoted string literal: "89860318640220133897"\
09-03 14:19:27.763   927  4470 W SQLiteLog: (28) double-quoted string literal: "89860318640220133897"\
09-03 14:19:27.774   927  4470 W SQLiteLog: (28) double-quoted string literal: "89860318640220133897"\
09-03 14:19:27.790   927  4470 W SQLiteLog: (28) double-quoted string literal: "89860318640220133897"\
09-03 14:19:27.815   927  4470 W SQLiteLog: (28) double-quoted string literal: "89860318640220133897"\
09-03 14:19:27.829   927  4470 W SQLiteLog: (28) double-quoted string literal: "89860318640220133897"\
09-03 14:19:27.835  2242  2242 I GsaVoiceInteractionSrv: Handling ACTION_STOP_HOTWORD\
09-03 14:19:27.839   927  4470 W SQLiteLog: (28) double-quoted string literal: "89860318640220133897"\
09-03 14:19:27.841  1828  1828 I Dialer  : VvmTaskReceiver - task received\
09-03 14:19:27.842  1828  1828 I Dialer  : VvmTaskReceiver - TaskExecutor already running\
09-03 14:19:27.842  1828  1828 I Dialer  : Task.createTask - create task:com.android.voicemail.impl.ActivationTask\
09-03 14:19:27.842  1828  1828 I Dialer  : RetryPolicy - retry #1 for com.android.voicemail.impl.ActivationTask@335648b queued, executing in 5000\
09-03 14:19:27.842  1828  1828 I Dialer  : TaskQueue.add - duplicated task added\
09-03 14:19:27.842  1828  1828 I Dialer  : VvmTaskExecutor - com.android.voicemail.impl.ActivationTask@335648b added\
09-03 14:19:27.854   520   889 W BroadcastQueue: Background execution not allowed: receiving Intent \{ act=android.intent.action.DROPBOX_ENTRY_ADDED flg=0x10 (has extras) \} to com.google.android.gms/.stats.service.DropBoxEntryAddedReceiver\
09-03 14:19:27.862   927  4470 W SQLiteLog: (28) double-quoted string literal: "89860318640220133897"\
09-03 14:19:27.866   927  4470 W SQLiteLog: (28) double-quoted string literal: "89860318640220133897"\
09-03 14:19:27.867   520   561 W BroadcastQueue: Background execution not allowed: receiving Intent \{ act=android.intent.action.DROPBOX_ENTRY_ADDED flg=0x10 (has extras) \} to com.google.android.gms/.chimera.GmsIntentOperationService$PersistentTrustedReceiver\
09-03 14:19:27.873  2242  2242 I GsaVoiceInteractionSrv: Handling ACTION_START_HOTWORD\
09-03 14:19:27.873  2242  2242 I GsaVoiceInteractionSrv: disregardVoiceMatch: false\
09-03 14:19:27.889   927  4470 W SQLiteLog: (28) double-quoted string literal: "89860318640220133897"\
09-03 14:19:27.915  1162  6416 W MDM     : [365] akez.d: Q+ devices does not need device admin.\
09-03 14:19:27.925  6047  6383 D CompatibilityChangeReporter: Compat change id reported: 160794467; UID 1000; state: ENABLED\
09-03 14:19:28.015  2118  5552 W ConfiguratorPhenotypeUt: Package com.android.media name not found! Using module version. [CONTEXT service_id=204 ]\
09-03 14:19:28.065  6047  6383 D WifiCallingSliceHelper: Wifi calling is either not provisioned or not enabled by Platform\
09-03 14:19:28.129  6047  6104 D SlicesIndexer: Slices already indexed - returning.\
09-03 14:19:28.149  6047  6104 D SettingsSliceProvider: Built slice (content://android.settings.slices/action/airplane_mode) in: 20\
09-03 14:19:28.208  2118  5552 W ConfiguratorPhenotypeUt: Package com.android.media.swcodec name not found! Using module version. [CONTEXT service_id=204 ]\
09-03 14:19:28.253  1162  2938 I FastPair: FastPair: provider is called with method [getCardList]\
09-03 14:19:28.339  2118  5552 W ConfiguratorPhenotypeUt: Package com.android.appsearch name not found! Using module version. [CONTEXT service_id=204 ]\
09-03 14:19:28.419   520   549 D CompatibilityChangeReporter: Compat change id reported: 168419799; UID 10114; state: DISABLED\
09-03 14:19:28.465  1162  1162 D BoundBrokerSvc: onBind: Intent \{ act=com.google.android.gms.languageprofile.service.START pkg=com.google.android.gms \}\
09-03 14:19:28.465  1162  1162 D BoundBrokerSvc: Loading bound service for intent: Intent \{ act=com.google.android.gms.languageprofile.service.START pkg=com.google.android.gms \}\
09-03 14:19:28.473  5978  6566 W RankingPostProcessor: A card with invalid score: content://com.android.settings.slices/intent/screen_timeout\
09-03 14:19:28.473  5978  6566 W RankingPostProcessor: A card with invalid score: content://com.google.android.settings.intelligence.modules.contextualcards.slices/suggestion/com.google.android.setupwizard/com.google.android.setupwizard.deferred.DeferredSettingsSuggestionActivity\
09-03 14:19:28.473  5978  6566 W RankingPostProcessor: A card with invalid score: content://com.google.android.settings.intelligence.modules.contextualcards.slices/suggestion/com.android.settings/com.android.settings.notification.zen.ZenSuggestionActivity\
09-03 14:19:28.502   320  6157 W SocketClient: write error (Broken pipe)\
09-03 14:19:28.502   320  6157 W resolv  : GetAddrInfoHandler::run: Error writing DNS result to client uid 10112 pid 5154: Broken pipe\
09-03 14:19:28.598  6463  6484 I CarrierServices: [43] ProvisioningEventReceiver.d: Received Provisioning Event: [Bugle information (100)]\
09-03 14:19:28.598  6463  6484 I CarrierServices: [43] ProvisioningEventReceiver.d: JibeService is not running\
09-03 14:19:28.598  6463  6484 W CarrierServices: [43] ProvisioningEventReceiver.d: Event is not a valid user action. Discarding it.\
09-03 14:19:28.673  1162  4731 W cvsu    : [\{0\}] Failed to resolve name. status=\{1\}\
09-03 14:19:28.813  6491  6491 W GrowthKit: Failed to get phenotypeManager in PhenotypeBroadcastReceiver\
09-03 14:19:28.813  6491  6491 W GrowthKit: java.lang.NullPointerException: Unable to get GrowthKit Component from host app: com.google.android.calendar\
09-03 14:19:28.813  6491  6491 W GrowthKit: 	at cal.rll.a(PG:6)\
09-03 14:19:28.813  6491  6491 W GrowthKit: 	at com.google.android.libraries.internal.growth.growthkit.internal.experiments.impl.PhenotypeBroadcastReceiver.onReceive(PG:1)\
09-03 14:19:28.813  6491  6491 W GrowthKit: 	at android.app.ActivityThread.handleReceiver(ActivityThread.java:4308)\
09-03 14:19:28.813  6491  6491 W GrowthKit: 	at android.app.ActivityThread.access$1600(ActivityThread.java:247)\
09-03 14:19:28.813  6491  6491 W GrowthKit: 	at android.app.ActivityThread$H.handleMessage(ActivityThread.java:2064)\
09-03 14:19:28.813  6491  6491 W GrowthKit: 	at android.os.Handler.dispatchMessage(Handler.java:106)\
09-03 14:19:28.813  6491  6491 W GrowthKit: 	at android.os.Looper.loopOnce(Looper.java:201)\
09-03 14:19:28.813  6491  6491 W GrowthKit: 	at android.os.Looper.loop(Looper.java:288)\
09-03 14:19:28.813  6491  6491 W GrowthKit: 	at android.app.ActivityThread.main(ActivityThread.java:7839)\
09-03 14:19:28.813  6491  6491 W GrowthKit: 	at java.lang.reflect.Method.invoke(Native Method)\
09-03 14:19:28.813  6491  6491 W GrowthKit: 	at com.android.internal.os.RuntimeInit$MethodAndArgsCaller.run(RuntimeInit.java:548)\
09-03 14:19:28.813  6491  6491 W GrowthKit: 	at com.android.internal.os.ZygoteInit.main(ZygoteInit.java:1003)\
09-03 14:19:28.867   520   890 W BroadcastQueue: Background execution not allowed: receiving Intent \{ act=android.intent.action.DROPBOX_ENTRY_ADDED flg=0x10 (has extras) \} to com.google.android.gms/.stats.service.DropBoxEntryAddedReceiver\
09-03 14:19:28.882   520   561 W BroadcastQueue: Background execution not allowed: receiving Intent \{ act=android.intent.action.DROPBOX_ENTRY_ADDED flg=0x10 (has extras) \} to com.google.android.gms/.chimera.GmsIntentOperationService$PersistentTrustedReceiver\
09-03 14:19:28.973   520   550 D CompanionDeviceManagerService: onPackageModified(packageName = com.google.android.gm)\
09-03 14:19:28.975   729   729 V MediaPlayerList: mPackageChangedBroadcastReceiver: action: android.intent.action.PACKAGE_CHANGED\
09-03 14:19:28.977   729   729 D MediaPlayerList: Name of package changed: com.google.android.gm\
09-03 14:19:28.986   520   560 E system_server: No package ID 7f found for ID 0x7f08048c.\
09-03 14:19:28.986   520   560 E system_server: No package ID 7f found for ID 0x7f1403a9.\
09-03 14:19:28.997   520   615 I InputReader: Reconfiguring input devices, changes=KEYBOARD_LAYOUTS | \
09-03 14:19:29.007   520   610 I RoleService: Granting default roles...\
09-03 14:19:29.019   520   550 D CompanionDeviceManagerService: onPackageModified(packageName = com.google.android.gms)\
09-03 14:19:29.022   755   768 I PermissionControllerServiceImpl: Updating user sensitive for uid 10115\
09-03 14:19:29.023   729   729 V MediaPlayerList: mPackageChangedBroadcastReceiver: action: android.intent.action.PACKAGE_CHANGED\
09-03 14:19:29.024   729   729 D MediaPlayerList: Name of package changed: com.google.android.gms\
09-03 14:19:29.035   520   615 I InputReader: Reconfiguring input devices, changes=KEYBOARD_LAYOUTS | \
09-03 14:19:29.036   520   520 I Telecom : DefaultDialerCache: Refreshing default dialer for user 0: now com.android.dialer: DDC.oR@AOE\
09-03 14:19:29.046   520   520 E JobScheduler.Component: Job exists for non-existent package: com.google.android.gms\
09-03 14:19:29.049   755   908 W Role    : Cannot get ApplicationInfo for default holder: com.google.android.contacts\
09-03 14:19:29.054   755   768 I PermissionControllerServiceImpl: Updating user sensitive for uid 10100\
09-03 14:19:29.058   755   908 W Role    : Cannot get ApplicationInfo for default holder: com.google.android.as\
09-03 14:19:29.059   520   520 I Telecom : DefaultDialerCache: Refreshing default dialer for user 0: now com.android.dialer: DDC.oR@AOI\
09-03 14:19:29.072   520  1645 I ActivityManager: Killing 5367:com.google.android.cellbroadcastreceiver/u0a139 (adj 965): empty #17\
09-03 14:19:29.095   321   321 I Zygote  : Process 5367 exited due to signal 9 (Killed)\
09-03 14:19:29.107   520   563 I libprocessgroup: Successfully killed process cgroup uid 10139 pid 5367 in 0ms\
09-03 14:19:29.116   520   718 W PermissionManagerService: Datasource android.content.AttributionSource@663eb7fd protecting data with platform defined runtime permission android.permission.READ_CONTACTS while not having android.permission.UPDATE_APP_OPS_STATS\
09-03 14:19:29.193  1162  2938 W PeopleGalProvider: Not enabled to outside of GmsCore.\
09-03 14:19:29.193  1162  2938 I PeopleGalProvider: Method 0 completed.\
09-03 14:19:29.199  5742  5931 I ContactDirectoryManager: Directory provider com.google.android.gms(com.google.android.gms.people.gal.provider) returned a NULL cursor.\
09-03 14:19:29.280   927   927 D CarrierSvcBindHelper: No carrier app for: 0\
09-03 14:19:29.320  1001  1635 D EGL_emulation: app_time_stats: avg=4877.88ms min=4877.88ms max=4877.88ms count=1\
09-03 14:19:29.374  2118  6411 I Fitness : OnPackageChangedOperation got intent: Intent \{ act=android.intent.action.PACKAGE_CHANGED dat=package:com.google.android.gm flg=0x45000010 pkg=com.google.android.gms cmp=com.google.android.gms/.chimera.PersistentIntentOperationService (has extras) \} [CONTEXT service_id=17 ]\
09-03 14:19:29.425   520   550 W Looper  : Slow delivery took 212ms android.fg h=android.os.Handler c=<recycled PooledLambda@cc8ed82> m=0\
09-03 14:19:29.433   927   927 D CarrierSvcBindHelper: No carrier app for: 0\
09-03 14:19:29.462   927   927 D ImsResolver: maybeAddedImsService, packageName: com.google.android.gm\
09-03 14:19:29.467   927   927 D ImsResolver: maybeAddedImsService, packageName: com.google.android.gms\
09-03 14:19:29.484   755   908 W Role    : Cannot get ApplicationInfo for default holder: com.google.android.as\
09-03 14:19:29.497   755   908 W Role    : Cannot get ApplicationInfo for default holder: com.google.android.as\
09-03 14:19:29.510  2118  6419 I Fitness : FitCleanupIntentOperation received Intent android.intent.action.PACKAGE_CHANGED [CONTEXT service_id=17 ]\
09-03 14:19:29.514  2118  6411 I Fitness : OnPackageChangedOperation got intent: Intent \{ act=android.intent.action.PACKAGE_CHANGED dat=package:com.google.android.gms flg=0x45000010 pkg=com.google.android.gms cmp=com.google.android.gms/.chimera.PersistentIntentOperationService (has extras) \} [CONTEXT service_id=17 ]\
09-03 14:19:29.545  2118  6411 I Fitness : FitCleanupIntentOperation received Intent android.intent.action.PACKAGE_CHANGED [CONTEXT service_id=17 ]\
09-03 14:19:29.586  1162  5036 I Icing   : updateResources: need to parse afmw\{com.google.android.gms\}\
09-03 14:19:29.675   520   531 I system_server: Background young concurrent copying GC freed 596673(16MB) AllocSpace objects, 55(3288KB) LOS objects, 39% free, 25MB/43MB, paused 1.035ms,71us total 685.513ms\
09-03 14:19:29.727   755   908 W Role    : Cannot get ApplicationInfo for default holder: com.google.android.as\
09-03 14:19:29.781  1162  2707 W SQLiteLog: (28) double-quoted string literal: "1662023969780"\
09-03 14:19:29.781  1162  2707 W SQLiteLog: (28) double-quoted string literal: "1"\
09-03 14:19:29.898   755   908 W Role    : Cannot get ApplicationInfo for default holder: com.google.android.as\
09-03 14:19:29.908   755   908 W Role    : Cannot get ApplicationInfo for default holder: com.google.android.as\
09-03 14:19:29.917  2118  2129 I .gms.persisten: Background young concurrent copying GC freed 164681(7982KB) AllocSpace objects, 0(0B) LOS objects, 34% free, 13MB/21MB, paused 676us,32us total 292.287ms\
09-03 14:19:30.041   520   550 W Looper  : Drained\
09-03 14:19:30.100  1162  4731 W cvsu    : [\{0\}] Failed to resolve name. status=\{1\}\
09-03 14:19:30.398  2118  6141 I NetworkScheduler.Stats: Task com.google.android.gms/com.google.android.gms.udc.service.UdcContextInitService started execution. cause:7 exec_start_elapsed_seconds: 319 [CONTEXT service_id=218 ]\
09-03 14:19:30.406  2118  6141 I NetworkScheduler.Stats: Task com.google.android.gms/com.google.android.gms.udc.service.UdcContextInitService finished executing. cause:7 result: 1 elapsed_millis: 191 uptime_millis: 191 exec_start_elapsed_seconds: 319 [CONTEXT service_id=218 ]\
09-03 14:19:30.411  2118  5769 E WakeLock: GCM_CONN_ALARM ** IS FORCE-RELEASED ON TIMEOUT **\
09-03 14:19:30.509   520  2163 D WifiNl80211Manager: Scan result ready event\
09-03 14:19:30.509   520  2163 D WifiNative: Scan result ready event\
09-03 14:19:30.551  2118  3908 I NetworkScheduler.Stats: Task com.google.android.gms/com.google.android.gms.auth.account.be.legacy.AuthCronService started execution. cause:5 exec_start_elapsed_seconds: 319 [CONTEXT service_id=218 ]\
09-03 14:19:30.566  2118  6313 I NetworkScheduler.Stats: Task com.google.android.gms/com.google.android.gms.auth.account.be.legacy.AuthCronService finished executing. cause:5 result: 1 elapsed_millis: 74 uptime_millis: 74 exec_start_elapsed_seconds: 319 [CONTEXT service_id=218 ]\
09-03 14:19:30.684  2118  3908 I NetworkScheduler.Stats: Task com.google.android.gms/com.google.android.gms.ads.social.GcmSchedulerWakeupService started execution. cause:5 exec_start_elapsed_seconds: 319 [CONTEXT service_id=218 ]\
09-03 14:19:30.707  2118  6313 I NetworkScheduler.Stats: Task com.google.android.gms/com.google.android.gms.ads.social.GcmSchedulerWakeupService finished executing. cause:5 result: 1 elapsed_millis: 55 uptime_millis: 55 exec_start_elapsed_seconds: 319 [CONTEXT service_id=218 ]\
09-03 14:19:30.719  2118  2129 I .gms.persisten: Background young concurrent copying GC freed 114773(5112KB) AllocSpace objects, 0(0B) LOS objects, 19% free, 17MB/21MB, paused 2.620ms,25us total 127.455ms\
09-03 14:19:30.731  1162  5938 I Icing   : Indexing com.google.android.gms-internal.3p:MobileApplication from com.google.android.gms\
09-03 14:19:30.737  2325  3822 W bjwz    : [\{0\}] Failed to resolve name. status=\{1\}\
09-03 14:19:30.806  1162  5938 I Icing   : Indexing com.google.android.gms-apps from com.google.android.gms\
09-03 14:19:30.834  1162  5938 I Icing   : Indexing done com.google.android.gms-internal.3p:MobileApplication\
09-03 14:19:30.843  1162  5938 I Icing   : Indexing done com.google.android.gms-apps\
09-03 14:19:30.870  2118  6313 I NetworkScheduler.Stats: Task com.google.android.gms/com.google.android.gms.gcm.gmsproc.GcmInGmsTaskService started execution. cause:5 exec_start_elapsed_seconds: 319 [CONTEXT service_id=218 ]\
09-03 14:19:30.875  1162  5036 I GCM-GMS : Registering GMS 745476177629\
09-03 14:19:30.910  2118  6141 E GCM     : Missing checkin config file\
09-03 14:19:30.910  2118  6141 W GCM     : GCM FAILED TO INITIALIZE - missing checkin\
09-03 14:19:30.919  1162  5036 W GCM-GMS : Failed to get registration: java.io.IOException: AUTHENTICATION_FAILED\
09-03 14:19:30.927  2118  6141 I NetworkScheduler.Stats: Task com.google.android.gms/com.google.android.gms.gcm.gmsproc.GcmInGmsTaskService finished executing. cause:5 result: 3 elapsed_millis: 95 uptime_millis: 95 exec_start_elapsed_seconds: 319 [CONTEXT service_id=218 ]\
09-03 14:19:30.978  2118  5552 I atzq    : updateFromConfigurations using legacy put method [CONTEXT service_id=204 ]\
09-03 14:19:31.074  2118  4961 W CCTFlatFileLogStore: Excessive logging: 512 events, 129369 bytes from log source PHENOTYPE last 140s\
09-03 14:19:31.133  2118  5552 I atzq    : updateFromConfigurations using legacy put method [CONTEXT service_id=204 ]\
09-03 14:19:31.815  2118  2129 I .gms.persisten: Background concurrent copying GC freed 389872(12MB) AllocSpace objects, 0(0B) LOS objects, 49% free, 9920KB/19MB, paused 320us,30us total 124.806ms\
09-03 14:19:31.931  6048  6160 E FirebaseInstanceId: Failed to get FIS auth token\
09-03 14:19:31.931  6048  6160 E FirebaseInstanceId: java.util.concurrent.ExecutionException: amsn: Firebase Installations Service is unavailable. Please try again later.\
09-03 14:19:31.931  6048  6160 E FirebaseInstanceId: 	at rmf.g(PG:3)\
09-03 14:19:31.931  6048  6160 E FirebaseInstanceId: 	at rmf.d(PG:7)\
09-03 14:19:31.931  6048  6160 E FirebaseInstanceId: 	at amrz.a(PG:14)\
09-03 14:19:31.931  6048  6160 E FirebaseInstanceId: 	at amrp.a(PG:16)\
09-03 14:19:31.931  6048  6160 E FirebaseInstanceId: 	at rle.run(PG:1)\
09-03 14:19:31.931  6048  6160 E FirebaseInstanceId: 	at java.util.concurrent.ThreadPoolExecutor.runWorker(ThreadPoolExecutor.java:1167)\
09-03 14:19:31.931  6048  6160 E FirebaseInstanceId: 	at java.util.concurrent.ThreadPoolExecutor$Worker.run(ThreadPoolExecutor.java:641)\
09-03 14:19:31.931  6048  6160 E FirebaseInstanceId: 	at qqd.run(PG:2)\
09-03 14:19:31.931  6048  6160 E FirebaseInstanceId: 	at java.lang.Thread.run(Thread.java:920)\
09-03 14:19:31.931  6048  6160 E FirebaseInstanceId: Caused by: amsn: Firebase Installations Service is unavailable. Please try again later.\
09-03 14:19:31.931  6048  6160 E FirebaseInstanceId: 	at amta.b(PG:54)\
09-03 14:19:31.931  6048  6160 E FirebaseInstanceId: 	at amsi.run(PG:19)\
09-03 14:19:31.931  6048  6160 E FirebaseInstanceId: 	at java.util.concurrent.ThreadPoolExecutor.runWorker(ThreadPoolExecutor.java:1167)\
09-03 14:19:31.931  6048  6160 E FirebaseInstanceId: 	at java.util.concurrent.ThreadPoolExecutor$Worker.run(ThreadPoolExecutor.java:641)\
09-03 14:19:31.931  6048  6160 E FirebaseInstanceId: 	... 1 more\
09-03 14:19:31.955  2118  6142 E GCM     : Missing checkin config file\
09-03 14:19:31.955  2118  6142 W GCM     : GCM FAILED TO INITIALIZE - missing checkin\
09-03 14:19:31.974  6048  6155 E FirebaseInstanceId: Topic sync or token retrieval failed on hard failure exceptions: AUTHENTICATION_FAILED. Won't retry the operation.\
09-03 14:19:32.025  2118  6411 I atzq    : updateFromConfigurations using legacy put method [CONTEXT service_id=204 ]\
09-03 14:19:32.102  2118  6411 I atzq    : updateFromConfigurations using legacy put method [CONTEXT service_id=204 ]\
09-03 14:19:32.747  4707  4955 I Finsky  : [100] mor.b(1): Received Heterodyne sync response. StatusCode=-1\
09-03 14:19:32.747  4707  4955 W HeterodyneSyncer: Sync failed\
09-03 14:19:32.752  4707  4750 E Finsky  : [51] tud.i(2): Failed to registerSync with Phenotype for experiment package com.google.android.finsky.regular.\
09-03 14:19:32.753  4707  4750 E Finsky  : [51] mwt.a(1): Failed to preload experiments flags: java.util.concurrent.ExecutionException: com.google.android.libraries.phenotype.client.api.PhenotypeRuntimeException: 29504: 29504: Network error\
09-03 14:19:32.754  4707  4750 I Finsky  : [51] mww.b(1): beginRecoverGmscoreIfApplicable\
09-03 14:19:32.754  4707  4745 I Finsky  : [46] tud.h(1): Triggered update for experiment package com.google.android.finsky.stable.\
09-03 14:19:32.756  4707  4750 I Finsky  : [51] mww.b(2): No target version, skip Gmscore recovery.\
09-03 14:19:32.759  4707  4750 I Finsky  : [51] fgl.f(2): getDfeApiOrNonauthenticated is returning unauth api\
09-03 14:19:32.761  4707  4750 I Finsky  : [51] jww.f(1): Account name null when calculating account hash\
09-03 14:19:32.767  4707  4727 I Finsky  : [44] jxk.a(11): Start requesting FCM Reg Id\
09-03 14:19:32.769  4707  4727 I Finsky  : [44] jxd.c(25): GameSdkDeviceInfo experiment not enabled.\
09-03 14:19:32.797  4707  4955 I HeterodyneSyncer: Removed 0 invalid users\
09-03 14:19:32.798  4707  4955 E Finsky  : [100] hvn.a(51): Unexpected android-id = 0\
09-03 14:19:32.816  4707  4771 E Finsky  : [66] hvn.a(51): Unexpected android-id = 0\
09-03 14:19:32.832  4707  4771 E Finsky  : [66] jxf.a(17): Unable to fetch checkin consistency token: empty token\
09-03 14:19:32.833  4707  4771 I Finsky  : [66] jww.f(1): Account name null when calculating account hash\
09-03 14:19:32.833  4707  4955 E Finsky  : [100] jxf.a(17): Unable to fetch checkin consistency token: empty token\
09-03 14:19:32.846  4707  4955 D HeterodyneSyncer: Heterodyne Request: # aoov@8282b9e2\
09-03 14:19:32.846  4707  4955 I Finsky  : [100] mor.a(1): Sending Heterodyne sync request for package com.google.android.finsky.stable\
09-03 14:19:32.850  4707  4955 D ApacheHttpTransport: Contacting Heterodyne at https://www.googleapis.com/experimentsandconfigs/v1/getExperimentsAndConfigs?r=12&c=128\
09-03 14:19:32.854  4707  4955 I Finsky  : [100] mor.b(1): Received Heterodyne sync response. StatusCode=-1\
09-03 14:19:32.855  4707  4955 W HeterodyneSyncer: Sync failed\
09-03 14:19:32.863  4707  4745 E Finsky  : [46] tud.i(2): Failed to registerSync with Phenotype for experiment package com.google.android.finsky.stable.\
09-03 14:19:32.880  1162  1162 D BoundBrokerSvc: onUnbind: Intent \{ act=com.google.android.gms.measurement.START pkg=com.google.android.gms \}\
09-03 14:19:33.006  6463  6604 W s.messaging:rc: Accessing hidden field Ljava/util/Collections$SynchronizedCollection;->mutex:Ljava/lang/Object; (max-target-o, reflection, denied)\
09-03 14:19:33.007  6463  6604 W s.messaging:rc: Accessing hidden method Ljava/util/Collections$SynchronizedSet;-><init>(Ljava/util/Set;Ljava/lang/Object;)V (max-target-o, reflection, denied)\
09-03 14:19:33.007  6463  6604 W s.messaging:rc: Accessing hidden method Ljava/util/Collections$SynchronizedCollection;-><init>(Ljava/util/Collection;Ljava/lang/Object;)V (max-target-o, reflection, denied)\
09-03 14:19:33.094  6463  6463 V ClearcutMetricXmitter: Transmission is done.\
09-03 14:19:33.097  6463  6463 V ClearcutMetricXmitter: Transmission is done.\
09-03 14:19:34.704   520   893 W SntpClient: Unknown host: time.android.com\
09-03 14:19:34.705   520   893 D SntpClient: request time failed\
09-03 14:19:35.099  6048  6216 E GoogleConversionReporter: Error sending ping\
09-03 14:19:35.170   520   561 I ActivityManager: Waited long enough for: ServiceRecord\{1f64100 u0 com.google.pixel.exo/.core.PersistentService\}\
09-03 14:19:35.493  2118  6454 E WakeLock: GCM_HB_ALARM release without a matched acquire!\
09-03 14:19:35.494  2118  6454 W WakeLock: GCM_HB_ALARM counter does not exist\
09-03 14:19:35.644   520   602 D CompatibilityChangeReporter: Compat change id reported: 171306433; UID 10103; state: ENABLED\
09-03 14:19:36.251   520   561 I ActivityManager: Killing 5382:com.google.android.configupdater/u0a91 (adj 975): empty #17\
09-03 14:19:36.254   520   563 I libprocessgroup: Successfully killed process cgroup uid 10091 pid 5382 in 0ms\
09-03 14:19:36.266   321   321 I Zygote  : Process 5382 exited due to signal 9 (Killed)\
09-03 14:19:36.277   520  2163 I ActivityManager: Killing 5424:com.google.android.deskclock/u0a121 (adj 985): empty #17\
09-03 14:19:36.302   321   321 I Zygote  : Process 5424 exited due to signal 9 (Killed)\
09-03 14:19:36.301   520   563 I libprocessgroup: Successfully killed process cgroup uid 10121 pid 5424 in 0ms\
09-03 14:19:36.553  1162  5542 W Checkin : [CheckinRequestProcessor] Default Task : Checkin failed: https://android.googleapis.com/checkin (fragment #0) Unable to resolve host "android.googleapis.com": No address associated with hostname\
09-03 14:19:36.557  4707  4707 E Finsky  : [2] CheckinReceiver.b(2): Receiver disabled.\
09-03 14:19:36.586  1162  5542 I Checkin : [CheckinOperation] Checkin Operation finished with result: FAILURE finish time: 325671.\
09-03 14:19:36.592  1162  5542 E WorkSourceUtil: Could not find package: com.google.android.gms.checkin\
09-03 14:19:36.595   520  2704 D CompatibilityChangeReporter: Compat change id reported: 171306433; UID 10100; state: ENABLED\
09-03 14:19:36.606  1162  5542 I Checkin : [ExecutionManager] Checkin scheduled at 7502773.\
09-03 14:19:36.633  1162  6624 I Checkin : [EventLogChimeraService] Opted in for usage reporting: false\
09-03 14:19:36.745   520  2704 I WifiService: startScan uid=10092\
09-03 14:19:36.861  6491  6548 E FirebaseInstanceId: Failed to get FIS auth token\
09-03 14:19:36.861  6491  6548 E FirebaseInstanceId: java.util.concurrent.ExecutionException: com.google.firebase.installations.FirebaseInstallationsException: Firebase Installations Service is unavailable. Please try again later.\
09-03 14:19:36.861  6491  6548 E FirebaseInstanceId: 	at cal.qys.c(PG:3)\
09-03 14:19:36.861  6491  6548 E FirebaseInstanceId: 	at cal.qys.a(PG:10)\
09-03 14:19:36.861  6491  6548 E FirebaseInstanceId: 	at cal.abpn.a(PG:17)\
09-03 14:19:36.861  6491  6548 E FirebaseInstanceId: 	at cal.aboz.a(Unknown Source:25)\
09-03 14:19:36.861  6491  6548 E FirebaseInstanceId: 	at cal.qxs.run(PG:1)\
09-03 14:19:36.861  6491  6548 E FirebaseInstanceId: 	at java.util.concurrent.ThreadPoolExecutor.runWorker(ThreadPoolExecutor.java:1167)\
09-03 14:19:36.861  6491  6548 E FirebaseInstanceId: 	at java.util.concurrent.ThreadPoolExecutor$Worker.run(ThreadPoolExecutor.java:641)\
09-03 14:19:36.861  6491  6548 E FirebaseInstanceId: 	at cal.qhe.run(PG:2)\
09-03 14:19:36.861  6491  6548 E FirebaseInstanceId: 	at java.lang.Thread.run(Thread.java:920)\
09-03 14:19:36.861  6491  6548 E FirebaseInstanceId: Caused by: com.google.firebase.installations.FirebaseInstallationsException: Firebase Installations Service is unavailable. Please try again later.\
09-03 14:19:36.861  6491  6548 E FirebaseInstanceId: 	at cal.abqv.b(PG:59)\
09-03 14:19:36.861  6491  6548 E FirebaseInstanceId: 	at cal.abpx.run(Unknown Source:23)\
09-03 14:19:36.861  6491  6548 E FirebaseInstanceId: 	at java.util.concurrent.ThreadPoolExecutor.runWorker(ThreadPoolExecutor.java:1167)\
09-03 14:19:36.861  6491  6548 E FirebaseInstanceId: 	at java.util.concurrent.ThreadPoolExecutor$Worker.run(ThreadPoolExecutor.java:641)\
09-03 14:19:36.861  6491  6548 E FirebaseInstanceId: 	... 1 more\
09-03 14:19:36.875  2118  6313 E GCM     : Missing checkin config file\
09-03 14:19:36.875  2118  6313 W GCM     : GCM FAILED TO INITIALIZE - missing checkin\
09-03 14:19:36.886  6491  6548 E FirebaseInstanceId: Failed to get FIS auth token\
09-03 14:19:36.886  6491  6548 E FirebaseInstanceId: java.util.concurrent.ExecutionException: com.google.firebase.installations.FirebaseInstallationsException: Firebase Installations Service is unavailable. Please try again later.\
09-03 14:19:36.886  6491  6548 E FirebaseInstanceId: 	at cal.qys.c(PG:3)\
09-03 14:19:36.886  6491  6548 E FirebaseInstanceId: 	at cal.qys.a(PG:10)\
09-03 14:19:36.886  6491  6548 E FirebaseInstanceId: 	at cal.abpn.a(PG:17)\
09-03 14:19:36.886  6491  6548 E FirebaseInstanceId: 	at cal.aboz.a(Unknown Source:25)\
09-03 14:19:36.886  6491  6548 E FirebaseInstanceId: 	at cal.qxs.run(PG:1)\
09-03 14:19:36.886  6491  6548 E FirebaseInstanceId: 	at java.util.concurrent.ThreadPoolExecutor.runWorker(ThreadPoolExecutor.java:1167)\
09-03 14:19:36.886  6491  6548 E FirebaseInstanceId: 	at java.util.concurrent.ThreadPoolExecutor$Worker.run(ThreadPoolExecutor.java:641)\
09-03 14:19:36.886  6491  6548 E FirebaseInstanceId: 	at cal.qhe.run(PG:2)\
09-03 14:19:36.886  6491  6548 E FirebaseInstanceId: 	at java.lang.Thread.run(Thread.java:920)\
09-03 14:19:36.886  6491  6548 E FirebaseInstanceId: Caused by: com.google.firebase.installations.FirebaseInstallationsException: Firebase Installations Service is unavailable. Please try again later.\
09-03 14:19:36.886  6491  6548 E FirebaseInstanceId: 	at cal.abqv.b(PG:59)\
09-03 14:19:36.886  6491  6548 E FirebaseInstanceId: 	at cal.abpx.run(Unknown Source:23)\
09-03 14:19:36.886  6491  6548 E FirebaseInstanceId: 	at java.util.concurrent.ThreadPoolExecutor.runWorker(ThreadPoolExecutor.java:1167)\
09-03 14:19:36.886  6491  6548 E FirebaseInstanceId: 	at java.util.concurrent.ThreadPoolExecutor$Worker.run(ThreadPoolExecutor.java:641)\
09-03 14:19:36.886  6491  6548 E FirebaseInstanceId: 	... 1 more\
09-03 14:19:36.896  2118  6313 E GCM     : Missing checkin config file\
09-03 14:19:36.897  2118  6313 W GCM     : GCM FAILED TO INITIALIZE - missing checkin\
09-03 14:19:37.093  6491  6501 D CompatibilityChangeReporter: Compat change id reported: 150939131; UID 10124; state: ENABLED\
09-03 14:19:37.414  5978  5978 D CompatibilityChangeReporter: Compat change id reported: 150939131; UID 10103; state: ENABLED\
09-03 14:19:37.419  6047  6117 D SlicesIndexer: Slices already indexed - returning.\
09-03 14:19:37.420  6047  6117 D SettingsSliceProvider: Built slice (content://com.android.settings.slices/action/screen_magnification_gestures_preference_screen) in: 1\
09-03 14:19:37.423  6047  6063 D SliceBuilder: Creating slice for: com.android.settings.accessibility.MagnificationGesturesPreferenceController\
09-03 14:19:37.438  6047  6104 D SlicesIndexer: Slices already indexed - returning.\
09-03 14:19:37.440  6047  6104 D SettingsSliceProvider: Built slice (content://com.android.settings.slices/action/hardware_info_device_model) in: 2\
09-03 14:19:37.471  6047  6063 D SliceBuilder: Creating slice for: com.android.settings.deviceinfo.hardwareinfo.DeviceModelPreferenceController\
09-03 14:19:37.476  6047  6117 D SlicesIndexer: Slices already indexed - returning.\
09-03 14:19:37.478  6047  6383 D SliceBuilder: Creating slice for: com.android.settings.deviceinfo.firmwareversion.FirmwareVersionDetailPreferenceController\
09-03 14:19:37.480  6047  6117 D SettingsSliceProvider: Built slice (content://com.android.settings.slices/action/os_firmware_version) in: 4\
09-03 14:19:37.488  6047  6383 D SliceBuilder: Creating slice for: com.android.settings.deviceinfo.firmwareversion.FirmwareVersionDetailPreferenceController\
09-03 14:19:37.497  6047  6104 D SlicesIndexer: Slices already indexed - returning.\
09-03 14:19:37.499  6047  6104 D SettingsSliceProvider: Built slice (content://com.android.settings.slices/action/gesture_double_tap_power) in: 2\
