09-03 14:19:37.501  6047  6063 D SliceBuilder: Creating slice for: com.android.settings.gestures.DoubleTapPowerPreferenceController\
09-03 14:19:37.532  6047  6117 D SlicesIndexer: Slices already indexed - returning.\
09-03 14:19:37.534  6047  6117 D SettingsSliceProvider: Built slice (content://com.android.settings.slices/action/smart_battery) in: 2\
09-03 14:19:37.534  6047  6383 D SliceBuilder: Creating slice for: com.android.settings.fuelgauge.SmartBatteryPreferenceController\
09-03 14:19:37.544  6047  6383 D SliceBuilder: Creating slice for: com.android.settings.fuelgauge.SmartBatteryPreferenceController\
09-03 14:19:37.561  6047  6063 D SliceBuilder: Creating slice for: com.android.settings.notification.MediaVolumePreferenceController\
09-03 14:19:37.562  6047  6104 D SlicesIndexer: Slices already indexed - returning.\
09-03 14:19:37.564  6047  6104 D VolumeSliceHelper: Registering uri for broadcast relay: content://com.android.settings.slices/action/media_volume\
09-03 14:19:37.566  6047  6104 D SettingsSliceProvider: Built slice (content://com.android.settings.slices/action/media_volume) in: 4\
09-03 14:19:37.579  6047  6063 D VolumeSliceHelper: Unregistering uri broadcast relay: content://com.android.settings.slices/action/media_volume\
09-03 14:19:37.617  6047  6117 D SlicesIndexer: Slices already indexed - returning.\
09-03 14:19:37.618  6047  6383 D SliceBuilder: Creating slice for: com.android.settings.notification.RingVolumePreferenceController\
09-03 14:19:37.618  6047  6117 D VolumeSliceHelper: Registering uri for broadcast relay: content://com.android.settings.slices/action/ring_volume\
09-03 14:19:37.619  6047  6117 D SettingsSliceProvider: Built slice (content://com.android.settings.slices/action/ring_volume) in: 3\
09-03 14:19:37.636  6047  6104 D SlicesIndexer: Slices already indexed - returning.\
09-03 14:19:37.638  6047  6063 D VolumeSliceHelper: Unregistering uri broadcast relay: content://com.android.settings.slices/action/ring_volume\
09-03 14:19:37.640  6047  6104 D VolumeSliceHelper: Registering uri for broadcast relay: content://com.android.settings.slices/action/call_volume\
09-03 14:19:37.643  6047  6104 D SettingsSliceProvider: Built slice (content://com.android.settings.slices/action/call_volume) in: 7\
09-03 14:19:37.644  6047  6383 D SliceBuilder: Creating slice for: com.android.settings.notification.CallVolumePreferenceController\
09-03 14:19:37.665  6047  6117 D SlicesIndexer: Slices already indexed - returning.\
09-03 14:19:37.666  6047  6117 D VolumeSliceHelper: Registering uri for broadcast relay: content://com.android.settings.slices/action/ring_volume\
09-03 14:19:37.667  6047  6117 D SettingsSliceProvider: Built slice (content://com.android.settings.slices/action/ring_volume) in: 2\
09-03 14:19:37.668  6047  6383 D VolumeSliceHelper: Unregistering uri broadcast relay: content://com.android.settings.slices/action/call_volume\
09-03 14:19:37.672  6047  6063 D SliceBuilder: Creating slice for: com.android.settings.notification.RingVolumePreferenceController\
09-03 14:19:37.687  6047  6104 D SlicesIndexer: Slices already indexed - returning.\
09-03 14:19:37.688  6047  6383 D SliceBuilder: Creating slice for: com.android.settings.notification.CallVolumePreferenceController\
09-03 14:19:37.690  6047  6104 D VolumeSliceHelper: Registering uri for broadcast relay: content://com.android.settings.slices/action/call_volume\
09-03 14:19:37.691  6047  6104 D SettingsSliceProvider: Built slice (content://com.android.settings.slices/action/call_volume) in: 4\
09-03 14:19:37.703  6047  6117 D SlicesIndexer: Slices already indexed - returning.\
09-03 14:19:37.704  6047  6117 D VolumeSliceHelper: Registering uri for broadcast relay: content://com.android.settings.slices/action/alarm_volume\
09-03 14:19:37.708  6047  6117 D SettingsSliceProvider: Built slice (content://com.android.settings.slices/action/alarm_volume) in: 5\
09-03 14:19:37.709  6047  6383 D SliceBuilder: Creating slice for: com.android.settings.notification.AlarmVolumePreferenceController\
09-03 14:19:37.721  6047  6383 D SliceBuilder: Creating slice for: com.android.settings.notification.AlarmVolumePreferenceController\
09-03 14:19:37.722  6047  6063 D VolumeSliceHelper: Unregistering uri broadcast relay: content://com.android.settings.slices/action/alarm_volume\
09-03 14:19:37.731  6047  6104 D SlicesIndexer: Slices already indexed - returning.\
09-03 14:19:37.732  6047  6104 D VolumeSliceHelper: Registering uri for broadcast relay: content://com.android.settings.slices/action/alarm_volume\
09-03 14:19:37.734  6047  6383 D SliceBuilder: Creating slice for: com.android.settings.notification.AlarmVolumePreferenceController\
09-03 14:19:37.736  6047  6104 D SettingsSliceProvider: Built slice (content://com.android.settings.slices/action/alarm_volume) in: 5\
09-03 14:19:38.150  6047  6117 D SlicesIndexer: Slices already indexed - returning.\
09-03 14:19:38.150  6047  6383 D SliceBuilder: Creating slice for: com.android.settings.network.AirplaneModePreferenceController\
09-03 14:19:38.153  6047  6117 D SettingsSliceProvider: Built slice (content://android.settings.slices/action/airplane_mode) in: 3\
09-03 14:19:38.164  5978  5978 W AppSearchIndexUpdateUtils: No result for indexing\
09-03 14:19:38.172   520  3149 I ActivityManager: Killing 5662:com.android.chrome/u0a116 (adj 975): empty #17\
09-03 14:19:38.176   520   563 I libprocessgroup: Successfully killed process cgroup uid 10116 pid 5662 in 0ms\
09-03 14:19:38.177  6047  6383 D SliceBuilder: Creating slice for: com.android.settings.network.AirplaneModePreferenceController\
09-03 14:19:38.192   321   321 I Zygote  : Process 5662 exited due to signal 9 (Killed)\
09-03 14:19:40.505  2118  5769 E WakeLock: GCM_CONN_ALARM ** IS FORCE-RELEASED ON TIMEOUT **\
09-03 14:19:40.510   520  2163 D WifiNl80211Manager: Scan result ready event\
09-03 14:19:40.511   520  2163 D WifiNative: Scan result ready event\
09-03 14:19:41.133  6463  6646 W AssistantConfig: appIntegrationDataInBase64 is null\
09-03 14:19:41.136  6463  6646 E AssistantConnector: Couldn't read whether gRPC is supported from public value\
09-03 14:19:41.136  6463  6646 E AssistantConnector: java.lang.IllegalStateException: Failed to query to AGSA.\
09-03 14:19:41.136  6463  6646 E AssistantConnector: 	at amdj.call(PG:16)\
09-03 14:19:41.136  6463  6646 E AssistantConnector: 	at aypl.call(PG:2)\
09-03 14:19:41.136  6463  6646 E AssistantConnector: 	at bcic.c(PG:1)\
09-03 14:19:41.136  6463  6646 E AssistantConnector: 	at bchf.run(PG:4)\
09-03 14:19:41.136  6463  6646 E AssistantConnector: 	at bcid.run(PG:1)\
09-03 14:19:41.136  6463  6646 E AssistantConnector: 	at java.util.concurrent.ThreadPoolExecutor.runWorker(ThreadPoolExecutor.java:1167)\
09-03 14:19:41.136  6463  6646 E AssistantConnector: 	at java.util.concurrent.ThreadPoolExecutor$Worker.run(ThreadPoolExecutor.java:641)\
09-03 14:19:41.136  6463  6646 E AssistantConnector: 	at java.lang.Thread.run(Thread.java:920)\
09-03 14:19:41.136  6463  6646 I AssistantConnector: Fallback to Maestro connector\
09-03 14:19:42.813  4707  5858 E FirebaseInstanceId: Failed to get FIS auth token\
09-03 14:19:42.813  4707  5858 E FirebaseInstanceId: java.util.concurrent.ExecutionException: com.google.firebase.installations.FirebaseInstallationsException: Firebase Installations Service is unavailable. Please try again later.\
09-03 14:19:42.813  4707  5858 E FirebaseInstanceId: 	at amxl.r(PG:2)\
09-03 14:19:42.813  4707  5858 E FirebaseInstanceId: 	at amxl.p(PG:6)\
09-03 14:19:42.813  4707  5858 E FirebaseInstanceId: 	at aoro.a(PG:9)\
09-03 14:19:42.813  4707  5858 E FirebaseInstanceId: 	at aore.a(PG:11)\
09-03 14:19:42.813  4707  5858 E FirebaseInstanceId: 	at ahxs.run(PG:1)\
09-03 14:19:42.813  4707  5858 E FirebaseInstanceId: 	at java.util.concurrent.ThreadPoolExecutor.runWorker(ThreadPoolExecutor.java:1167)\
09-03 14:19:42.813  4707  5858 E FirebaseInstanceId: 	at java.util.concurrent.ThreadPoolExecutor$Worker.run(ThreadPoolExecutor.java:641)\
09-03 14:19:42.813  4707  5858 E FirebaseInstanceId: 	at agsl.run(Unknown Source:6)\
09-03 14:19:42.813  4707  5858 E FirebaseInstanceId: 	at java.lang.Thread.run(Thread.java:920)\
09-03 14:19:42.813  4707  5858 E FirebaseInstanceId: Caused by: com.google.firebase.installations.FirebaseInstallationsException: Firebase Installations Service is unavailable. Please try again later.\
09-03 14:19:42.813  4707  5858 E FirebaseInstanceId: 	at aosn.b(PG:23)\
09-03 14:19:42.813  4707  5858 E FirebaseInstanceId: 	at aorx.run(PG:14)\
09-03 14:19:42.813  4707  5858 E FirebaseInstanceId: 	at java.util.concurrent.ThreadPoolExecutor.runWorker(ThreadPoolExecutor.java:1167)\
09-03 14:19:42.813  4707  5858 E FirebaseInstanceId: 	at java.util.concurrent.ThreadPoolExecutor$Worker.run(ThreadPoolExecutor.java:641)\
09-03 14:19:42.813  4707  5858 E FirebaseInstanceId: 	... 1 more\
09-03 14:19:42.829  2118  3908 E GCM     : Missing checkin config file\
09-03 14:19:42.830  2118  3908 W GCM     : GCM FAILED TO INITIALIZE - missing checkin\
09-03 14:19:42.837  4707  4751 E Finsky  : [52] jxi.a(2): Error when retrieving FCM instance id\
09-03 14:19:42.862  4707  4707 E Finsky  : [2] jwp.iP(4): Couldn't upload device config\
09-03 14:19:42.863  4707  4707 W Finsky  : [2] wyz.a(10): SUH: Upload device configuration failed - try selfupdate anyway\
09-03 14:19:42.863  4707  4707 I Finsky  : [2] tho.n(8): Invalidating cached PackageState for com.android.vending\
09-03 14:19:42.883  4707  4707 W Finsky  : [2] wzd.a(11): SUH: Self-update installed derived apk id unavailable.\
09-03 14:19:42.883  4707  4707 I Finsky  : [2] tho.n(8): Invalidating cached PackageState for com.android.vending\
09-03 14:19:42.893  4707  4707 W Finsky  : [2] wzd.a(11): SUH: Self-update installed derived apk id unavailable.\
09-03 14:19:42.898  4707  6423 I Finsky  : [138] esy.run(4): Wrote row to frosting DB: 7\
09-03 14:19:42.899  4707  4772 E Finsky  : [67] hvn.a(51): Unexpected android-id = 0\
09-03 14:19:42.909  4707  4772 I Finsky  : [67] jww.f(1): Account name null when calculating account hash\
09-03 14:19:42.915  4707  4707 W Finsky  : [2] mwu.a(1): Self-update check failed with error: com.android.volley.NoConnectionError: java.net.UnknownHostException: Unable to resolve host "android.clients.google.com": No address associated with hostname\
09-03 14:19:42.934  4707  6423 I Finsky  : [138] esy.run(4): Wrote row to frosting DB: 8\
09-03 14:19:42.993  4707  4707 I Finsky  : [2] mwk.b(2): Hygiene tasks scheduled\
09-03 14:19:43.000  4707  4707 I Finsky  : [2] wja.o(4): SCH: jobFinished: 1-1337. TimeElapsed: 32145ms.\
09-03 14:19:43.005  4707  4707 I Finsky  : [2] wic.a(6): SCH: Job 1-1337 finished. Rescheduling.\
09-03 14:19:43.005  4707  4707 I Finsky  : [2] wic.m(10): SCH: Running job: 29-29\
09-03 14:19:43.015  4707  6661 I Finsky  : [144] adri.o(0): ProcessRecoveryLogsUtil: No files in recovery directory\
09-03 14:19:43.018  4707  6661 I Finsky  : [144] wja.o(4): SCH: jobFinished: 29-29. TimeElapsed: 10ms.\
09-03 14:19:43.026   520   602 I ActivityManager: Killing 5776:com.google.android.syncadapters.contacts/u0a119 (adj 985): empty #17\
09-03 14:19:43.029  4707  4707 I Finsky  : [2] wic.m(10): SCH: Running job: 37-0\
09-03 14:19:43.043  4707  4707 I Finsky  : [2] wja.o(4): SCH: jobFinished: 37-0. TimeElapsed: 11ms.\
09-03 14:19:43.044  4707  4707 I Finsky  : [2] wib.handleMessage(29): SCH: RunningQueue size: 2, PendingQueue size: 0\
09-03 14:19:43.048  4707  4707 I Finsky  : [2] wib.handleMessage(32): SCH: Running queue: 29-29 37-0 \
09-03 14:19:43.050  4707  4707 I Finsky  : [2] wic.a(3): SCH: Job 29-29 finished. Not rescheduling.\
09-03 14:19:43.056  4707  4707 I Finsky  : [2] wic.a(3): SCH: Job 37-0 finished. Not rescheduling.\
09-03 14:19:43.057  4707  4707 I Finsky  : [2] wib.handleMessage(29): SCH: RunningQueue size: 0, PendingQueue size: 0\
09-03 14:19:43.057   520   602 D CompatibilityChangeReporter: Compat change id reported: 171306433; UID 10097; state: ENABLED\
09-03 14:19:43.057  4707  4707 I Finsky  : [2] wib.handleMessage(35): SCH: Waiting on changed job store\
09-03 14:19:43.057  4707  4707 I Finsky  : [2] wib.handleMessage(29): SCH: RunningQueue size: 0, PendingQueue size: 0\
09-03 14:19:43.057  4707  4707 I Finsky  : [2] wib.handleMessage(35): SCH: Waiting on changed job store\
09-03 14:19:43.070   321   321 I Zygote  : Process 5776 exited due to signal 9 (Killed)\
09-03 14:19:43.074   520   563 I libprocessgroup: Successfully killed process cgroup uid 10119 pid 5776 in 45ms\
09-03 14:19:43.710  1162  1162 D BoundBrokerSvc: onUnbind: Intent \{ act=com.google.android.gms.languageprofile.service.START pkg=com.google.android.gms \}\
09-03 14:19:44.937   520  3149 I ActivityManager: Killing 5796:com.google.android.onetimeinitializer/u0a101 (adj 975): empty #17\
09-03 14:19:44.942   520   563 I libprocessgroup: Successfully killed process cgroup uid 10101 pid 5796 in 0ms\
09-03 14:19:44.947   321   321 I Zygote  : Process 5796 exited due to signal 9 (Killed)\
09-03 14:19:45.520  2118  6616 E WakeLock: GCM_HB_ALARM release without a matched acquire!\
09-03 14:19:45.522  2118  6616 W WakeLock: GCM_HB_ALARM counter does not exist\
09-03 14:19:45.528  2118  6616 W WakeLock: GCM_CONN_ALARM counter does not exist\
09-03 14:19:45.870  1162  6624 I Checkin : [CheckinOperation] Starting Checkin: Default Task Reason : 8 Force : true UserId : 0 Start time : 334955\
09-03 14:19:45.876  1162  6624 I CheckinUtil: Classify the device as Phone. [CONTEXT service_id=130 ]\
09-03 14:19:45.969  1162  6624 I Checkin : [AndroidCheckinProtoModule] Checkin reason type: 8 attempt count: 1.\
09-03 14:19:46.015  2839  2852 D EGL_emulation: eglCreateContext: 0x7084c5b3b890: maj 3 min 0 rcv 3\
09-03 14:19:46.502  6015  6015 I SetupWizard: [bvz] Pausing wifi scanner.\
09-03 14:19:47.717  1162  4731 W cvsu    : [\{0\}] Failed to resolve name. status=\{1\}\
09-03 14:19:48.044  4707  6660 I Finsky  : [143] wjz.b(5): SCH: Jobs in database: 1-1337 10-4 10-8 10-11 10-15 10-18 10-22 10-30 10-39 10-42 10-47 10-48 10-50 10-51 10-55 10-62 10-66 10-71 10-85 10-96 12-1 21-333333333 31-305419896 \
09-03 14:19:48.059  4707  4707 I Finsky  : [2] wic.m(10): SCH: Running job: 10-8\
09-03 14:19:48.068  4707  4707 I Finsky  : [2] wic.m(10): SCH: Running job: 10-15\
09-03 14:19:48.069  4707  4754 I Finsky  : [55] VerifyInstalledPackagesTask.o(2): Verifying installed packages\
09-03 14:19:48.084  4707  4707 I Finsky  : [2] wic.m(10): SCH: Running job: 10-18\
09-03 14:19:48.096  4707  4707 I Finsky  : [2] wic.m(10): SCH: Running job: 10-22\
09-03 14:19:48.102  4707  4707 I Finsky  : [2] wib.handleMessage(29): SCH: RunningQueue size: 4, PendingQueue size: 12\
09-03 14:19:48.103  4707  4707 I Finsky  : [2] wib.handleMessage(32): SCH: Running queue: 10-8 10-15 10-18 10-22 \
09-03 14:19:48.118  4707  4831 I Finsky  : [88] wja.o(4): SCH: jobFinished: 10-22. TimeElapsed: 21ms.\
09-03 14:19:48.118  4707  4707 I Finsky  : [2] wic.a(3): SCH: Job 10-22 finished. Not rescheduling.\
09-03 14:19:48.119  4707  4707 I Finsky  : [2] wic.m(10): SCH: Running job: 10-30\
09-03 14:19:48.132  4707  4955 I Finsky  : [100] wja.o(4): SCH: jobFinished: 10-15. TimeElapsed: 64ms.\
09-03 14:19:48.138  4707  4707 I Finsky  : [2] wja.o(4): SCH: jobFinished: 10-30. TimeElapsed: 19ms.\
09-03 14:19:48.139  4707  4707 I Finsky  : [2] wib.handleMessage(29): SCH: RunningQueue size: 4, PendingQueue size: 11\
09-03 14:19:48.140  4707  4707 I Finsky  : [2] wib.handleMessage(32): SCH: Running queue: 10-8 10-15 10-18 10-30 \
09-03 14:19:48.140  4707  4707 I Finsky  : [2] wic.a(3): SCH: Job 10-15 finished. Not rescheduling.\
09-03 14:19:48.141  4707  4707 I Finsky  : [2] wic.a(3): SCH: Job 10-30 finished. Not rescheduling.\
09-03 14:19:48.153  4707  4707 I Finsky  : [2] wic.m(10): SCH: Running job: 10-39\
09-03 14:19:48.158  4707  4707 I Finsky  : [2] DevTriggeredUpdateHygieneJob.a(1): Running dev-triggered-update hygiene\
09-03 14:19:48.163  4707  4707 I Finsky  : [2] wic.m(10): SCH: Running job: 10-42\
09-03 14:19:48.167  4707  4707 I Finsky  : [2] wja.o(4): SCH: jobFinished: 10-42. TimeElapsed: 3ms.\
09-03 14:19:48.171  4707  4707 I Finsky  : [2] wib.handleMessage(29): SCH: RunningQueue size: 4, PendingQueue size: 9\
09-03 14:19:48.173  4707  4707 I Finsky  : [2] wib.handleMessage(32): SCH: Running queue: 10-8 10-18 10-39 10-42 \
09-03 14:19:48.173  4707  4707 I Finsky  : [2] wic.g(1): SCH: Running maximum number of jobs: 4\
09-03 14:19:48.173  4707  4707 I Finsky  : [2] wib.handleMessage(29): SCH: RunningQueue size: 4, PendingQueue size: 9\
09-03 14:19:48.174  4707  4707 I Finsky  : [2] wib.handleMessage(32): SCH: Running queue: 10-8 10-18 10-39 10-42 \
09-03 14:19:48.174  4707  4707 I Finsky  : [2] wic.a(3): SCH: Job 10-42 finished. Not rescheduling.\
09-03 14:19:48.181  4707  4707 I Finsky  : [2] wic.m(10): SCH: Running job: 10-47\
09-03 14:19:48.182  4707  4707 I Finsky  : [2] wib.handleMessage(29): SCH: RunningQueue size: 4, PendingQueue size: 8\
09-03 14:19:48.182  4707  4707 I Finsky  : [2] wib.handleMessage(32): SCH: Running queue: 10-8 10-18 10-39 10-47 \
09-03 14:19:48.193  4707  4745 I Finsky  : [46] wja.o(4): SCH: jobFinished: 10-18. TimeElapsed: 108ms.\
09-03 14:19:48.197  4707  4707 I Finsky  : [2] wic.a(3): SCH: Job 10-18 finished. Not rescheduling.\
09-03 14:19:48.200  4707  4707 I Finsky  : [2] wic.m(10): SCH: Running job: 10-48\
09-03 14:19:48.201  4707  4707 I Finsky  : [2] wib.handleMessage(29): SCH: RunningQueue size: 4, PendingQueue size: 7\
09-03 14:19:48.201  4707  4707 I Finsky  : [2] wib.handleMessage(32): SCH: Running queue: 10-8 10-39 10-47 10-48 \
09-03 14:19:48.240  4707  6677 I Finsky  : [146] nxu.accept(9): Removed 0 uncompleted downloaded updates.\
09-03 14:19:48.266  4707  4751 I Finsky  : [52] omm.call(2): Instant App hint preload cleanup triggered from hygiene.\
09-03 14:19:48.268   520  1638 I ActivityManager: com.android.vending is exempt from freezer\
09-03 14:19:48.268   520  1638 D CompatibilityChangeReporter: Compat change id reported: 135634846; UID 10099; state: DISABLED\
09-03 14:19:48.268   520   562 D CompatibilityChangeReporter: Compat change id reported: 143937733; UID 10099; state: ENABLED\
09-03 14:19:48.274   321   321 D Zygote  : Forked child process 6678\
09-03 14:19:48.275   520   562 I ActivityManager: Start proc 6678:com.android.vending:instant_app_installer/u0a99 for service \{com.android.vending/com.google.android.finsky.instantapps.hint.AppPreloadHygieneService\}\
09-03 14:19:48.275  4707  4754 I Finsky  : [55] nxu.accept(7): Removed obsolete update files for 0 packages.\
09-03 14:19:48.297  6678  6678 W t_app_installe: Unexpected CPU variant for X86 using defaults: x86_64\
09-03 14:19:48.298  4707  4751 I Finsky  : [52] wja.o(4): SCH: jobFinished: 10-48. TimeElapsed: 97ms.\
09-03 14:19:48.306  6678  6678 E t_app_installe: Not starting debugger since process cannot load the jdwp agent.\
09-03 14:19:48.307  4707  4707 I Finsky  : [2] wic.a(3): SCH: Job 10-48 finished. Not rescheduling.\
09-03 14:19:48.316  4707  6677 I Finsky  : [146] nxu.accept(8): Reset 0 obsolete 'installing' bits.\
09-03 14:19:48.318  4707  4707 I Finsky  : [2] wic.m(10): SCH: Running job: 10-50\
09-03 14:19:48.319  4707  4707 I Finsky  : [2] wja.o(4): SCH: jobFinished: 10-50. TimeElapsed: 1ms.\
09-03 14:19:48.320  4707  4707 I Finsky  : [2] wib.handleMessage(29): SCH: RunningQueue size: 4, PendingQueue size: 6\
09-03 14:19:48.320  4707  4707 I Finsky  : [2] wib.handleMessage(32): SCH: Running queue: 10-8 10-39 10-47 10-50 \
09-03 14:19:48.325  4707  4707 I Finsky  : [2] wic.a(3): SCH: Job 10-50 finished. Not rescheduling.\
09-03 14:19:48.364  6678  6678 D CompatibilityChangeReporter: Compat change id reported: 171979766; UID 10099; state: DISABLED\
09-03 14:19:48.404  4707  4754 I Finsky  : [55] rxw.a(19): Showing notification: [ID=play protect default on, Tag=null, Title=Google Play Protect is turned on, Message=This feature protects your device from harmful apps, channelId=account, targetType=1, returnCode=-1, uiElementType=926]\
09-03 14:19:48.407  6678  6678 D nativeloader: classloader namespace configured for unbundled product apk. library_path=/product/priv-app/Phonesky/lib/x86_64:/product/priv-app/Phonesky/Phonesky.apk!/lib/x86_64:/product/lib64:/system/product/lib64\
09-03 14:19:48.413   520   520 W NotificationHistory: Attempted to add notif for locked/gone/disabled user 0\
09-03 14:19:48.427  4707  6694 I Finsky  : [148] nxu.accept(16): Finished completion of 0 dev-triggered updates. Successful: 0. Failed: 0.\
09-03 14:19:48.441  4707  4751 I Finsky  : [52] wja.o(4): SCH: jobFinished: 10-39. TimeElapsed: 288ms.\
09-03 14:19:48.461  1001  1635 D EGL_emulation: app_time_stats: avg=19139.82ms min=19139.82ms max=19139.82ms count=1\
09-03 14:19:48.510  6678  6678 V GraphicsEnvironment: ANGLE Developer option for 'com.android.vending' set to: 'default'\
09-03 14:19:48.511  6678  6678 V GraphicsEnvironment: Neither updatable production driver nor prerelease driver is supported.\
09-03 14:19:48.544  6678  6678 D NetworkSecurityConfig: No Network Security Config specified, using platform default\
09-03 14:19:48.554  6678  6678 D NetworkSecurityConfig: No Network Security Config specified, using platform default\
09-03 14:19:48.750  6678  6678 I Finsky:instant_app_inst: [2] fva.ay(5): Process created at version: 25.9.49-21 [0] [PR] 386309911\
09-03 14:19:48.838  3382  3382 D InterruptionStateProvider: No bubble up: not allowed to bubble: 0|com.android.vending|951340667|null|10099\
09-03 14:19:48.839  3382  3382 D InterruptionStateProvider: No heads up: unimportant notification: 0|com.android.vending|951340667|null|10099\
09-03 14:19:48.841  3382  3585 D PeopleSpaceWidgetMgr: Sbn doesn't contain valid PeopleTileKey: null/0/com.android.vending\
09-03 14:19:48.897  4707  4707 I Finsky  : [2] wic.m(10): SCH: Running job: 10-51\
09-03 14:19:48.899  4707  4707 I Finsky  : [2] wib.handleMessage(29): SCH: RunningQueue size: 4, PendingQueue size: 5\
09-03 14:19:48.899  4707  4707 I Finsky  : [2] wib.handleMessage(32): SCH: Running queue: 10-8 10-39 10-47 10-51 \
09-03 14:19:48.899  4707  4707 I Finsky  : [2] wic.a(3): SCH: Job 10-39 finished. Not rescheduling.\
09-03 14:19:48.900  4707  4707 I Finsky  : [2] wic.m(10): SCH: Running job: 10-55\
09-03 14:19:48.902  4707  4707 I Finsky  : [2] wja.o(4): SCH: jobFinished: 10-55. TimeElapsed: 2ms.\
09-03 14:19:48.903  4707  4707 I Finsky  : [2] wib.handleMessage(29): SCH: RunningQueue size: 4, PendingQueue size: 4\
09-03 14:19:48.903  4707  4707 I Finsky  : [2] wib.handleMessage(32): SCH: Running queue: 10-8 10-47 10-51 10-55 \
09-03 14:19:48.903  4707  4707 I Finsky  : [2] wic.a(3): SCH: Job 10-55 finished. Not rescheduling.\
09-03 14:19:48.903  4707  4707 I Finsky  : [2] wic.m(10): SCH: Running job: 10-62\
09-03 14:19:48.917  4707  4707 I Finsky  : [2] wib.handleMessage(29): SCH: RunningQueue size: 4, PendingQueue size: 3\
09-03 14:19:48.917  4707  4707 I Finsky  : [2] wib.handleMessage(32): SCH: Running queue: 10-8 10-47 10-51 10-62 \
09-03 14:19:49.035  6678  6721 I Finsky:instant_app_inst: [50] AppPreloadHygieneService.d(1): AppPreloadHygieneService disabled\
09-03 14:19:49.160   520  3149 I ActivityManager: Killing 5956:com.google.android.projection.gearhead:shared/u0a90 (adj 975): empty #17\
09-03 14:19:49.190  4707  4754 I Finsky  : [55] wja.o(4): SCH: jobFinished: 10-51. TimeElapsed: 293ms.\
09-03 14:19:49.191  4707  4707 I Finsky  : [2] wic.a(3): SCH: Job 10-51 finished. Not rescheduling.\
09-03 14:19:49.196  4707  4707 I Finsky  : [2] wic.m(10): SCH: Running job: 10-66\
09-03 14:19:49.198  4707  4707 I Finsky  : [2] wib.handleMessage(29): SCH: RunningQueue size: 4, PendingQueue size: 2\
09-03 14:19:49.198  4707  4707 I Finsky  : [2] wib.handleMessage(32): SCH: Running queue: 10-8 10-47 10-62 10-66 \
09-03 14:19:49.211  4707  6722 I Finsky  : [164] ggg.a(2): Running asset module service cleaner\
09-03 14:19:49.210   520   563 I libprocessgroup: Successfully killed process cgroup uid 10090 pid 5956 in 46ms\
09-03 14:19:49.212   520   531 I system_server: Background concurrent copying GC freed 261536(12MB) AllocSpace objects, 37(2644KB) LOS objects, 49% free, 18MB/36MB, paused 126us,54us total 463.026ms\
09-03 14:19:49.236   321   321 I Zygote  : Process 5956 exited due to signal 9 (Killed)\
09-03 14:19:49.254  4707  6722 I Finsky  : [164] gfy.accept(16): Removed 0 old sessions.\
09-03 14:19:49.255  4707  6722 I Finsky  : [164] gfy.accept(17): Removed 0 obsolete sessions.\
09-03 14:19:49.365  3382  3558 D EGL_emulation: app_time_stats: avg=12374.02ms min=76.24ms max=36867.59ms count=3\
09-03 14:19:49.383  4707  6722 I Finsky  : [164] gfy.accept(18): Deleted 0 orphaned directories.\
09-03 14:19:49.412  4707  6722 I Finsky  : [164] gfy.accept(19): Logged 0 packages in store.\
09-03 14:19:49.615   520   533 W System  : A resource failed to call close. \
09-03 14:19:49.823  4707  6660 I Finsky  : [143] lrq.a(2): [Counters Flush] scheduling.\
09-03 14:19:49.893  4707  6722 I Finsky  : [164] wja.o(4): SCH: jobFinished: 10-66. TimeElapsed: 697ms.\
09-03 14:19:49.959  4707  4707 I Finsky  : [2] wic.a(3): SCH: Job 10-66 finished. Not rescheduling.\
09-03 14:19:50.082  4707  4707 I Finsky  : [2] wic.m(10): SCH: Running job: 10-71\
09-03 14:19:50.090  4707  4707 I Finsky  : [2] wja.o(4): SCH: jobFinished: 10-71. TimeElapsed: 7ms.\
09-03 14:19:50.090  4707  4707 I Finsky  : [2] wib.handleMessage(29): SCH: RunningQueue size: 4, PendingQueue size: 1\
09-03 14:19:50.091  4707  4707 I Finsky  : [2] wib.handleMessage(32): SCH: Running queue: 10-8 10-47 10-62 10-71 \
09-03 14:19:50.100  4707  4707 I Finsky  : [2] wic.a(3): SCH: Job 10-71 finished. Not rescheduling.\
09-03 14:19:50.103  4707  4707 I Finsky  : [2] wic.m(10): SCH: Running job: 10-85\
09-03 14:19:50.103  4707  4707 I Finsky  : [2] wib.handleMessage(29): SCH: RunningQueue size: 4, PendingQueue size: 0\
09-03 14:19:50.103  4707  4707 I Finsky  : [2] wib.handleMessage(32): SCH: Running queue: 10-8 10-47 10-62 10-85 \
09-03 14:19:50.106  1434  1434 D GservicesProvider: Update with URI content://com.google.android.gsf.gservices/override\
09-03 14:19:50.111  2839  2852 D CompatibilityChangeReporter: Compat change id reported: 150939131; UID 10100; state: ENABLED\
09-03 14:19:50.112  2126  2204 D CompatibilityChangeReporter: Compat change id reported: 150939131; UID 10104; state: ENABLED\
09-03 14:19:50.112  6015  6640 D CompatibilityChangeReporter: Compat change id reported: 150939131; UID 10092; state: ENABLED\
09-03 14:19:50.113  2242  2264 D CompatibilityChangeReporter: Compat change id reported: 150939131; UID 10104; state: ENABLED\
09-03 14:19:50.114  5838  6282 D CompatibilityChangeReporter: Compat change id reported: 150939131; UID 10094; state: ENABLED\
09-03 14:19:50.116  6678  6693 D CompatibilityChangeReporter: Compat change id reported: 150939131; UID 10099; state: ENABLED\
09-03 14:19:50.116  6048  6273 D CompatibilityChangeReporter: Compat change id reported: 150939131; UID 10117; state: ENABLED\
09-03 14:19:50.117  6463  6641 D CompatibilityChangeReporter: Compat change id reported: 150939131; UID 10097; state: ENABLED\
09-03 14:19:50.118  6369  6380 D CompatibilityChangeReporter: Compat change id reported: 150939131; UID 10126; state: ENABLED\
09-03 14:19:50.121  6237  6725 D CompatibilityChangeReporter: Compat change id reported: 150939131; UID 10114; state: ENABLED\
09-03 14:19:50.129  6253  6638 D CompatibilityChangeReporter: Compat change id reported: 150939131; UID 10100; state: ENABLED\
09-03 14:19:50.130  3331  5685 D CompatibilityChangeReporter: Compat change id reported: 150939131; UID 10118; state: ENABLED\
09-03 14:19:50.134  1434  1434 I GservicesProvider: override update completed\
09-03 14:19:50.367  2325  2350 I BugleRcsProvisioning: RcsProvisioningTrigger: onGservicesUpdated\
09-03 14:19:50.368  2325  2350 I BugleRcsProvisioning: RcsProvisioningTrigger: updateRcsAvailability : hint = GSERVICE_UPDATE\
09-03 14:19:50.484  4707  4751 I Finsky  : [52] wja.o(4): SCH: jobFinished: 10-85. TimeElapsed: 382ms.\
09-03 14:19:50.488  4707  4713 W android.vendin: Suspending all threads took: 118.975ms\
09-03 14:19:50.546  4707  4707 I Finsky  : [2] wic.a(3): SCH: Job 10-85 finished. Not rescheduling.\
09-03 14:19:50.546  4707  4707 I Finsky  : [2] wib.handleMessage(29): SCH: RunningQueue size: 3, PendingQueue size: 0\
09-03 14:19:50.546  4707  4707 I Finsky  : [2] wib.handleMessage(32): SCH: Running queue: 10-8 10-47 10-62 \
09-03 14:19:50.927   520  2113 W BestClock: java.time.DateTimeException: Missing NTP fix\
09-03 14:19:50.970   520  2113 W BestClock: java.time.DateTimeException: Missing NTP fix\
09-03 14:19:50.981   520   672 W BestClock: java.time.DateTimeException: Missing NTP fix\
09-03 14:19:50.989   520   672 W BestClock: java.time.DateTimeException: Missing NTP fix\
09-03 14:19:51.000   520   672 W BestClock: java.time.DateTimeException: Missing NTP fix\
09-03 14:19:51.002   520   672 W BestClock: java.time.DateTimeException: Missing NTP fix\
09-03 14:19:51.015   520   671 W BestClock: java.time.DateTimeException: Missing NTP fix\
09-03 14:19:51.062  2325  6732 W BugleRcsEngine: [102] ajnl.z: Unable to send diagnostic log\
09-03 14:19:51.065   520   671 W BestClock: java.time.DateTimeException: Missing NTP fix\
09-03 14:19:51.069   520   672 W BestClock: java.time.DateTimeException: Missing NTP fix\
09-03 14:19:51.081   520   672 W BestClock: java.time.DateTimeException: Missing NTP fix\
09-03 14:19:51.087   520   672 W BestClock: java.time.DateTimeException: Missing NTP fix\
09-03 14:19:51.178  2325  2350 I Bugle   : RcsAvailabilityUtilForProvisioningEngineV2: updateAvailabilityAsync, hint: GSERVICE_UPDATE\
09-03 14:19:51.178  2325  2350 I BugleRcs: RcsAvailabilityUpdaterRemote: postUpdateRcsAvailability, hint: GSERVICE_UPDATE\
09-03 14:19:51.228  2325  2915 D BugleRcsEngine: log_saver already enabled\
09-03 14:19:51.250  2118  6142 I NetworkScheduler.Stats: Task com.google.android.gms/com.google.android.gms.checkin.CheckinService started execution. cause:9 exec_start_elapsed_seconds: 339 [CONTEXT service_id=218 ]\
09-03 14:19:51.324  2126  2126 I BgTaskExecutorImpl: Starting NONEXCLUSIVE background task UPDATE_GSERVICES_CONFIG.\
09-03 14:19:51.347  2118  6740 I Auth    : [AuthManaged, PasswordComplexityHelperImpl] Updating password complexity components state.\
09-03 14:19:51.347  2118  6740 I Auth    : [AuthManaged, PasswordComplexityHelperImpl] Disabling com.google.android.gms.auth.managed.admin.DeviceAdminReceiver\
09-03 14:19:51.349  2126  4345 I A       : Updating Gservices keys\
09-03 14:19:51.351  2118  6740 I Auth    : [AuthManaged, PasswordComplexityHelperImpl] Disabling com.google.android.gms.auth.managed.ui.SetNewPasswordActivity\
09-03 14:19:51.362  2118  6740 I NetRec  : [468] aqtt.a: onConfigChanged()\
09-03 14:19:51.394  2325  6735 I BugleRcs: RcsAvailabilityUpdaterRemote: updateRcsAvailability, hint: GSERVICE_UPDATE\
09-03 14:19:51.416  2118  6739 I Herrevad: [467] afau.a: updateListenState\
09-03 14:19:51.456   520  1648 D CompatibilityChangeReporter: Compat change id reported: 168419799; UID 10094; state: DISABLED\
09-03 14:19:51.463  2118  6740 I NetRec  : [468] aqtt.a: Cancelling all NetRec GCM tasks\
09-03 14:19:51.468  2118  6741 I NetRec  : [469] ClearDatabaseService.onHandleIntent: Clearing score cache\
09-03 14:19:51.530  1162  6738 I GmsModuleFndr: Beginning GMS chimera module scan\
09-03 14:19:51.567  1162  6738 I ModuleSetMgr: Computing pending module set with APKs: [[AdsFdrDynamite.integ:211512000100000], [Cronetdynamite:212423190800], [Dynamiteloader:212423190000], [Dynamitemodulesa:212423190000], [Dynamitemodulesc:212423190000], [Googlecertificates:212423190000], [Mapsdynamite:212423190000], [Measurementdynamite:212423190000]]\
09-03 14:19:51.579  2325  6735 W BugleRcsEngine: [104] alsz.g: Carrier Services Apk was not found.\
09-03 14:19:51.579  2325  6735 I BugleRcsEngine: [104] alsz.e: Cannot get service version because CS.apk was not found, not pre-loaded or disabled.\
09-03 14:19:51.579  2325  6735 W BugleRcsEngine: [104] alsz.e: Service with meta data key: SignupServiceVersions is not compatible. Service Version 4 is not supported. Supported versions: []\
09-03 14:19:51.580  2325  6735 W BugleRcsEngine: [104] alsz.g: Carrier Services Apk was not found.\
09-03 14:19:51.580  2325  6735 I BugleRcsEngine: [104] alsz.e: Cannot get service version because CS.apk was not found, not pre-loaded or disabled.\
09-03 14:19:51.580  2325  6735 W BugleRcsEngine: [104] alsz.e: Service with meta data key: JibeServiceApiVersions is not compatible. Service Version 1 is not supported. Supported versions: []\
09-03 14:19:51.580  2325  6735 I BugleRcsEngine: [104] alsz.c: Not using CS JibeService because it is not compatible with AM.\
09-03 14:19:51.580  2325  2325 I RcsClientLib: Connecting SignupService\
09-03 14:19:51.585  1434  1442 I ocess.gservice: Background young concurrent copying GC freed 12348(441KB) AllocSpace objects, 0(0B) LOS objects, 40% free, 2552KB/4322KB, paused 40us,115us total 263.191ms\
09-03 14:19:51.585  2325  2325 W RcsClientLib: No CS.apk RCS service found. Is RCS running in Bugle?\
09-03 14:19:51.597  2325  2325 W BugleRcsEngine: [2] alsz.g: Carrier Services Apk was not found.\
09-03 14:19:51.597  2325  2325 I BugleRcsEngine: [2] alsz.e: Cannot get service version because CS.apk was not found, not pre-loaded or disabled.\
09-03 14:19:51.597  2325  2325 W BugleRcsEngine: [2] alsz.e: Service with meta data key: JibeServiceApiVersions is not compatible. Service Version 1 is not supported. Supported versions: []\
09-03 14:19:51.597  2325  2325 I BugleRcsEngine: [2] alsz.c: Not using CS JibeService because it is not compatible with AM.\
09-03 14:19:51.597  2325  2325 I RcsClientLib: shouldUseCarrierServicesJibeService: false, CarrierServices rcs service found: false\
09-03 14:19:51.636   520  1648 D CompatibilityChangeReporter: Compat change id reported: 168419799; UID 10097; state: DISABLED\
09-03 14:19:51.639  6463  6463 I CarrierServices: [2] akbw.l: Reinitialize CSLib Flags: com.google.android.ims.library\
09-03 14:19:51.685  1162  6738 I ModuleSetMgr: Container features not yet downloaded are disabled.\
09-03 14:19:51.686  1162  6738 I ModuleSetMgr: Pending container module APKs: []\
09-03 14:19:51.686  1162  6738 I ModuleSetMgr: Pending non-container module APKs: []\
09-03 14:19:51.759   520   520 D CompatibilityChangeReporter: Compat change id reported: 168419799; UID 10126; state: DISABLED\
09-03 14:19:52.015  2118  6753 I NetworkScheduler.Stats: Task com.google.android.gms/com.google.android.gms.checkin.CheckinService finished executing. cause:9 result: 3 elapsed_millis: 1150 uptime_millis: 1150 exec_start_elapsed_seconds: 339 [CONTEXT service_id=218 ]\
09-03 14:19:52.032  6463  6755 I CarrierServices: [58] ajsa.a: Creating JibeServiceComponent\
09-03 14:19:52.037  1162  6737 W RecoverableKeyStoreGms: [RecoverableKeyStoreGmsInitOperation] Cannot initialize the RecoverableKeyStoreGms module - Android ID has not yet been set!\
09-03 14:19:52.061  1162  6738 I ChromeSync: [Sync,SyncIntentOperation] Handling the intent: Intent \{ act=com.google.gservices.intent.action.GSERVICES_CHANGED flg=0x1000010 pkg=com.google.android.gms cmp=com.google.android.gms/.chimera.GmsIntentOperationService$PersistentInternalReceiver \}.\
09-03 14:19:52.236  1162  6737 I MobileDataHub: Scheduling periodic tasks\
09-03 14:19:52.306  1162  6737 W MobileDataHub: [Service] appsupload-periodic periodic task disabled\
09-03 14:19:52.491  6463  6755 I CarrierServices: [58] akbw.l: Reinitialize CSLib Flags: com.google.android.ims.library\
09-03 14:19:52.542  1162  6757 I MdiSyncModule: flag handling is skipping irrelevant intent.\
09-03 14:19:52.568  1162  4737 I GmsModuleFndr: Beginning GMS chimera module scan\
09-03 14:19:52.604  1162  4737 I ModuleSetMgr: Computing pending module set with APKs: [[AdsFdrDynamite.integ:211512000100000], [Cronetdynamite:212423190800], [Dynamiteloader:212423190000], [Dynamitemodulesa:212423190000], [Dynamitemodulesc:212423190000], [Googlecertificates:212423190000], [Mapsdynamite:212423190000], [Measurementdynamite:212423190000]]\
09-03 14:19:52.606  1162  4737 I ModuleSetMgr: Container features not yet downloaded are disabled.\
09-03 14:19:52.657  1162  4737 I ModuleSetMgr: Pending container module APKs: []\
09-03 14:19:52.657  1162  4737 I ModuleSetMgr: Pending non-container module APKs: []\
09-03 14:19:52.725  6463  6755 I CarrierServices: [58] alod.j: (Sim): Processing an intent\
09-03 14:19:52.743  6463  6755 I CarrierServices: [58] alod.w: (Sim): SIM state LOADED\
09-03 14:19:52.788  4707  4707 I Finsky  : [2] gqb.b(23): [Counters Flush] finished, scheduled=true\
09-03 14:19:52.789  4707  4707 I Finsky  : [2] wja.o(4): SCH: jobFinished: 10-47. TimeElapsed: 4607ms.\
09-03 14:19:52.789  4707  4707 I Finsky  : [2] wic.a(3): SCH: Job 10-47 finished. Not rescheduling.\
09-03 14:19:52.789  4707  4707 I Finsky  : [2] wib.handleMessage(29): SCH: RunningQueue size: 2, PendingQueue size: 0\
09-03 14:19:52.789  4707  4707 I Finsky  : [2] wib.handleMessage(32): SCH: Running queue: 10-8 10-62 \
09-03 14:19:52.824  6463  6755 I CarrierServices: [58] alod.w: (Sim): SIM changed: false. current id: redacted-pii:sim_id[20-chars]; stored id: redacted-pii:sim_id[20-chars]; isFiDevice: false; subId: 1; slotIndex: 0\
09-03 14:19:52.876  1162  6738 I SystemUpdate: [Installation,ReceiverIntentOperation] Received intent: Intent \{ act=com.google.gservices.intent.action.GSERVICES_CHANGED flg=0x1000010 pkg=com.google.android.gms cmp=com.google.android.gms/.chimera.GmsIntentOperationService$PersistentInternalReceiver \}.\
09-03 14:19:52.887  2118  3908 I GCoreUlr: DispatchingService ignoring Intent \{ act=android.net.wifi.WIFI_STATE_CHANGED flg=0x44000010 (has extras) \} because ULR inactive [CONTEXT service_id=22 ]\
09-03 14:19:52.922   895   895 W DnsResolver: resNetworkResult:android.system.ErrnoException: resNetworkResult failed: ETIMEDOUT (Connection timed out)\
09-03 14:19:52.922   895   895 W DnsResolver: resNetworkResult:android.system.ErrnoException: resNetworkResult failed: ETIMEDOUT (Connection timed out)\
09-03 14:19:52.922   895   895 W DnsResolver: resNetworkResult:android.system.ErrnoException: resNetworkResult failed: ETIMEDOUT (Connection timed out)\
09-03 14:19:52.922   895  6654 D NetworkMonitor/100: PROBE_DNS connectivitycheck.gstatic.com 10045ms FAIL in type ADDRCONFIG android.net.DnsResolver$DnsException: android.system.ErrnoException: resNetworkResult failed: ETIMEDOUT (Connection timed out)\
09-03 14:19:52.929   895   895 W DnsResolver: resNetworkResult:android.system.ErrnoException: resNetworkResult failed: ETIMEDOUT (Connection timed out)\
09-03 14:19:52.933   895  6653 D NetworkMonitor/100: PROBE_DNS www.google.com 10056ms FAIL in type ADDRCONFIG android.net.DnsResolver$DnsException: android.system.ErrnoException: resNetworkResult failed: ETIMEDOUT (Connection timed out)\
09-03 14:19:52.948  2118  3908 I GCoreUlr: WorldUpdater received intent Intent \{ act=com.google.android.location.reporting.ACTION_UPDATE_WORLD cmp=com.google.android.gms/com.google.android.location.reporting.service.DispatchingService (has extras) \} with receiverAction com.google.gservices.intent.action.GSERVICES_CHANGED [CONTEXT service_id=22 ]\
09-03 14:19:53.066  2118  3908 I GCoreUlr: WorldUpdater:com.google.gservices.intent.action.GSERVICES_CHANGED: Ensuring that reporting is stopped because of reasons: (no Google accounts) [CONTEXT service_id=22 ]\
09-03 14:19:53.068  2118  3908 I GCoreUlr: Unbound from all signal providers. [CONTEXT service_id=22 ]\
09-03 14:19:53.132   443  1067 W ServiceManager: Permission failure: android.permission.SYSTEM_CAMERA from uid=10100 pid=1162\
09-03 14:19:53.133   443  1067 W ServiceManager: Permission failure: android.permission.SYSTEM_CAMERA from uid=10100 pid=1162\
09-03 14:19:53.137   443  1067 W ServiceManager: Permission failure: android.permission.SYSTEM_CAMERA from uid=10100 pid=1162\
09-03 14:19:53.137   443  1067 W ServiceManager: Permission failure: android.permission.SYSTEM_CAMERA from uid=10100 pid=1162\
09-03 14:19:53.247  1162  6758 I SystemUpdate: [Execution,InstallationEventIntentOperation] Handling event of type 2.\
09-03 14:19:53.280  1162  6757 I SystemUpdate: [Execution,InstallationIntentOperation] Received intent: Intent \{ act=com.google.android.gms.update.INSTALL_UPDATE cat=[targeted_intent_op_prefix:.update.execution.InstallationIntentOperation] cmp=com.google.android.gms/.chimera.GmsIntentOperationService \}.\
09-03 14:19:53.281  1162  6757 I SystemUpdate: [Execution,ExecutionManager] Action finished-execution executed for 0.00 seconds.\
09-03 14:19:53.292  2118  2118 I GCoreUlr: Unbound from all signal providers. [CONTEXT service_id=22 ]\
09-03 14:19:53.293  2118  2118 I GCoreUlr: Stopping handler for UlrDispSvcFast [CONTEXT service_id=22 ]\
09-03 14:19:53.550   520   520 E JobScheduler.Component: Job exists for non-existent package: com.google.android.gms\
09-03 14:19:53.551   520   550 D CompanionDeviceManagerService: onPackageModified(packageName = com.google.android.gms)\
09-03 14:19:53.562   729   729 V MediaPlayerList: mPackageChangedBroadcastReceiver: action: android.intent.action.PACKAGE_CHANGED\
09-03 14:19:53.562   729   729 D MediaPlayerList: Name of package changed: com.google.android.gms\
09-03 14:19:53.651   520   520 I Telecom : DefaultDialerCache: Refreshing default dialer for user 0: now com.android.dialer: DDC.oR@AOM\
09-03 14:19:53.681   520   610 I RoleService: Granting default roles...\
09-03 14:19:53.689  1162  2096 W PeopleGalProvider: Not enabled to outside of GmsCore.\
09-03 14:19:53.690  1162  2096 I PeopleGalProvider: Method 0 completed.\
09-03 14:19:53.702   755   769 I PermissionControllerServiceImpl: Updating user sensitive for uid 10100\
09-03 14:19:53.733  2118  6740 I Fitness : OnPackageChangedOperation got intent: Intent \{ act=android.intent.action.PACKAGE_CHANGED dat=package:com.google.android.gms flg=0x45000010 pkg=com.google.android.gms cmp=com.google.android.gms/.chimera.PersistentIntentOperationService (has extras) \} [CONTEXT service_id=17 ]\
09-03 14:19:53.786  5742  5931 I ContactDirectoryManager: Directory provider com.google.android.gms(com.google.android.gms.people.gal.provider) returned a NULL cursor.\
09-03 14:19:53.859  2118  6740 I Fitness : FitCleanupIntentOperation received Intent android.intent.action.PACKAGE_CHANGED [CONTEXT service_id=17 ]\
09-03 14:19:54.077   755  6783 W Role    : Cannot get ApplicationInfo for default holder: com.google.android.contacts\
09-03 14:19:54.079   927   927 D CarrierSvcBindHelper: No carrier app for: 0\
09-03 14:19:54.130   755  6783 W Role    : Cannot get ApplicationInfo for default holder: com.google.android.as\
09-03 14:19:54.133   927   927 D ImsResolver: maybeAddedImsService, packageName: com.google.android.gms\
09-03 14:19:54.222   520   615 I InputReader: Reconfiguring input devices, changes=KEYBOARD_LAYOUTS | \
09-03 14:19:54.313  1162  6584 I Icing   : updateResources: need to parse afmw\{com.google.android.gms\}\
09-03 14:19:54.422   755  6783 W Role    : Cannot get ApplicationInfo for default holder: com.google.android.as\
09-03 14:19:54.423   755  6783 W Role    : Cannot get ApplicationInfo for default holder: com.google.android.as\
09-03 14:19:54.759  1162  1168 I gle.android.gm: Background young concurrent copying GC freed 100516(5060KB) AllocSpace objects, 66(2916KB) LOS objects, 34% free, 14MB/21MB, paused 90us,45us total 811.258ms\
09-03 14:19:54.856   755  6783 W Role    : Cannot get ApplicationInfo for default holder: com.google.android.as\
09-03 14:19:54.994  1162  4737 I Icing   : IndexChimeraService.getServiceInterface callingPackage=com.google.android.gms componentName=AppsCorpus serviceId=36\
09-03 14:19:55.100   755  6783 W Role    : Cannot get ApplicationInfo for default holder: com.google.android.as\
09-03 14:19:55.116   755  6783 W Role    : Cannot get ApplicationInfo for default holder: com.google.android.as\
09-03 14:19:55.261  1162  6584 W Icing   : No valid account for uploading user actions\
09-03 14:19:55.295  4707  4754 E Finsky  : [55] hvp.apply(4): CONPRF: Failed to refresh connectivity profile metrics. Reset metrics.\
09-03 14:19:55.402  1162  6584 I Icing   : Usage reports ok 1, Failed Usage reports 0, indexed 0, rejected 0\
09-03 14:19:55.894   895  6652 D NetworkMonitor/100: PROBE_FALLBACK http://play.googleapis.com/generate_204 Probe failed with exception java.net.UnknownHostException: Unable to resolve host "play.googleapis.com": No address associated with hostname\
09-03 14:19:55.974  6463  6755 I CarrierServices: [58] alod.Q: (Sim): Skipping writing to Msisdn because this is not main bugle process.\
09-03 14:19:56.069  6463  6755 I CarrierServices: [58] alod.w: (Sim): Updated SIM info: currentSimId: redacted-pii:sim_id[20-chars]; imsi: redacted-pii:imsi[15-chars]; rawMsisdn: redacted-pii:phone_number[12-chars]; formattedMsisdn: redacted-pii:phone_number[0-chars]; mccmnc: redacted-pii:sim_operator[6-chars] isFiDevice: false; subId: 1; slotIndex: 0\
09-03 14:19:56.069  6463  6755 I CarrierServices: [58] alod.K: (Sim): Broadcasting Intent \{ act=com.google.android.ims.SIM_LOADED (has extras) \}\
09-03 14:19:56.070  6463  6755 I CarrierServices: [58] ajre.a: Initializing Carrier Services Library.\
09-03 14:19:56.070  6463  6755 I CarrierServices: [58] akbw.l: Reinitialize CSLib Flags: com.google.android.ims.library\
09-03 14:19:56.096  1162  6624 W Checkin : [CheckinRequestProcessor] Default Task : Checkin failed: https://android.googleapis.com/checkin (fragment #0) Unable to resolve host "android.googleapis.com": No address associated with hostname\
09-03 14:19:56.140  1162  6624 I Checkin : [CheckinOperation] Checkin Operation finished with result: FAILURE finish time: 345225.\
09-03 14:19:56.148  6015  6015 I SetupWizard: [bxl] Checkin success resultCode=21041\
09-03 14:19:56.148  6015  6015 I SetupWizard: [bxl] Rechecking condition. CheckinTask result=21041\
09-03 14:19:56.148  6015  6015 I SetupWizard: [bxl] Checking Android ID\
09-03 14:19:56.201  1162  6624 E WorkSourceUtil: Could not find package: com.google.android.gms.checkin\
09-03 14:19:56.201  6015  6015 W SetupWizard: [bxl] Checkin failed to satisfy condition\
09-03 14:19:56.235  1162  6624 I Checkin : [ExecutionManager] Checkin scheduled at 14726724.\
09-03 14:19:56.316  6463  6755 I CarrierServices: [58] ajre.b: Initializing Carrier Services Logging.\
09-03 14:19:56.415  1162  5039 I Icing   : Indexing com.google.android.gms-apps from com.google.android.gms\
09-03 14:19:56.443  1162  5039 I Icing   : Indexing done com.google.android.gms-apps\
09-03 14:19:56.570  6463  6755 I LogSaver: LogSaver new instance with filename: carrier_services\
09-03 14:19:56.593  4707  4754 I Finsky  : [55] wja.o(4): SCH: jobFinished: 10-62. TimeElapsed: 7690ms.\
09-03 14:19:56.852  4707  4707 E Finsky  : [2] CheckinReceiver.b(2): Receiver disabled.\
09-03 14:19:56.853  4707  4707 I Finsky  : [2] wic.a(3): SCH: Job 10-62 finished. Not rescheduling.\
09-03 14:19:56.853  4707  4707 I Finsky  : [2] wib.handleMessage(29): SCH: RunningQueue size: 1, PendingQueue size: 0\
09-03 14:19:56.871  4707  4707 I Finsky  : [2] wib.handleMessage(32): SCH: Running queue: 10-8 \
09-03 14:19:56.920   520  1638 D ConnectivityService: requestNetwork for uid/pid:10097/6463 activeRequest: null callbackRequest: 124 [NetworkRequest [ REQUEST id=125, [ Capabilities: INTERNET&NOT_RESTRICTED&TRUSTED&NOT_VCN_MANAGED Uid: 10097 RequestorUid: 10097 RequestorPkg: com.google.android.apps.messaging] ]] callback flags: 0 priority: 2147483647\
09-03 14:19:56.923   520   682 D ConnectivityService: NetReassign [125 : null \uc0\u8594  100]\
09-03 14:19:56.925   520   675 D WifiNetworkFactory: got request NetworkRequest [ REQUEST id=125, [ Capabilities: INTERNET&NOT_RESTRICTED&TRUSTED&NOT_VCN_MANAGED Uid: 10097 RequestorUid: 10097 RequestorPkg: com.google.android.apps.messaging] ]\
09-03 14:19:56.926   520   675 D UntrustedWifiNetworkFactory: got request NetworkRequest [ REQUEST id=125, [ Capabilities: INTERNET&NOT_RESTRICTED&TRUSTED&NOT_VCN_MANAGED Uid: 10097 RequestorUid: 10097 RequestorPkg: com.google.android.apps.messaging] ]\
09-03 14:19:56.928   520   675 D OemPaidWifiNetworkFactory: got request NetworkRequest [ REQUEST id=125, [ Capabilities: INTERNET&NOT_RESTRICTED&TRUSTED&NOT_VCN_MANAGED Uid: 10097 RequestorUid: 10097 RequestorPkg: com.google.android.apps.messaging] ]\
09-03 14:19:56.934  6463  6755 I BugleRcsEngine: [58] RcsEngineProxyImpl.initializeRcsEngine: RcsEngineProxy: Initializing RCS Engine.\
09-03 14:19:56.937  6463  6810 I BugleRcsEngine: [64] akkw.d: Connected state: [1], networkType: [WIFI]\
09-03 14:19:56.963  6463  6810 I BugleRcsEngine: [64] akkw.d: Connected state: [1], networkType: [WIFI]\
09-03 14:19:56.994  6463  6755 I BugleRcsEngine: [58] alod.j: (Sim): Processing an intent\
09-03 14:19:56.994  6463  6755 I BugleRcsEngine: [58] alod.w: (Sim): Ignoring duplicate SIM state: LOADED\
09-03 14:19:57.050  6463  6755 I BugleRcsEngine: [58] akbw.l: Reinitialize CSLib Flags: com.google.android.ims.library\
09-03 14:19:57.633  1162  1162 D BoundBrokerSvc: onBind: Intent \{ act=com.google.android.gms.asterism.service.START pkg=com.google.android.gms \}\
09-03 14:19:57.633  1162  1162 D BoundBrokerSvc: Loading bound service for intent: Intent \{ act=com.google.android.gms.asterism.service.START pkg=com.google.android.gms \}\
09-03 14:19:57.703  6463  6821 I BugleRcsEngine: [68] aloh.c: do not delay first event\
09-03 14:19:57.730  1162  4330 W cvsu    : [\{0\}] Failed to resolve name. status=\{1\}\
09-03 14:19:57.732  6463  6821 I BugleRcsEngine: [68] alod.j: (Sim): Processing an intent\
09-03 14:19:57.732  6463  6821 I BugleRcsEngine: [68] alod.w: (Sim): Ignoring duplicate SIM state: LOADED\
